Microchip MPLAB XC8 Compiler V1.20 ()

Linker command line:

--edf=C:\Program Files (x86)\Microchip\xc8\v1.20\dat\en_msgs.txt -cs \
  -h+dist/default/debug\temp_sensor.debug.sym \
  --cmf=dist/default/debug\temp_sensor.debug.cmf -z -Q16LF1783 \
  -oC:\Users\Kent\AppData\Local\Temp\s4ak.6 \
  -Mdist/default/debug/temp_sensor.debug.map -E1 -ver=XC8 \
  -ACONST=00h-0FFhx16 -ACODE=00h-07FFhx2 -ASTRCODE=00h-0FFFh \
  -AENTRY=00h-0FFhx16 -ASTRING=00h-0FFhx16 -ACOMMON=070h-07Fh \
  -ABANK0=020h-06Fh -ABANK1=0A0h-0EFh -ABANK2=0120h-016Fh \
  -ABANK3=01A0h-01EFh -ABANK4=0220h-026Fh -ABANK5=02A0h-02EFh \
  -ABANK6=0320h-0324h -ABIGRAM=02000h-021E4h \
  -ARAM=020h-06Fh,0A0h-0EFh,0120h-016Fh,01A0h-01EFh,0220h-026Fh,02A0h-02EFh,0320h-0324h \
  -AABS1=020h-07Fh,0A0h-0EFh,0120h-016Fh,01A0h-01EFh,0220h-026Fh,02A0h-02EFh,0320h-032Fh \
  -ASFR0=00h-01Fh -ASFR1=080h-09Fh -ASFR2=0100h-011Fh -ASFR3=0180h-019Fh \
  -ASFR4=0200h-021Fh -ASFR5=0280h-029Fh -ASFR6=0300h-031Fh \
  -ASFR7=0380h-03EFh -ASFR8=0400h-046Fh -ASFR9=0480h-04EFh \
  -ASFR10=0500h-056Fh -ASFR11=0580h-05EFh -ASFR12=0600h-066Fh \
  -ASFR13=0680h-06EFh -ASFR14=0700h-076Fh -ASFR15=0780h-07EFh \
  -ASFR16=0800h-086Fh -ASFR17=0880h-08EFh -ASFR18=0900h-096Fh \
  -ASFR19=0980h-09EFh -ASFR20=0A00h-0A6Fh -ASFR21=0A80h-0AEFh \
  -ASFR22=0B00h-0B6Fh -ASFR23=0B80h-0BEFh -ASFR24=0C00h-0C6Fh \
  -ASFR25=0C80h-0CEFh -ASFR26=0D00h-0D6Fh -ASFR27=0D80h-0DEFh \
  -ASFR28=0E00h-0E6Fh -ASFR29=0E80h-0EEFh -ASFR30=0F00h-0F6Fh \
  -ASFR31=0F80h-0FEFh -preset_vec=00h,intentry=04h,init,end_init \
  -ppowerup=CODE -pfunctab=CODE -ACONFIG=08007h-08008h -pconfig=CONFIG \
  -DCONFIG=2 -AIDLOC=08000h-08003h -pidloc=IDLOC -DIDLOC=2 \
  -AEEDATA=00h-0FFh/0F000h -peeprom_data=EEDATA -DEEDATA=2 -DCODE=2 \
  -DSTRCODE=2 -DSTRING=2 -DCONST=2 -DENTRY=2 -k \
  C:\Users\Kent\AppData\Local\Temp\s4ak.obj \
  dist/default/debug\temp_sensor.debug.obj 

Object code version is 3.11

Machine type is 16LF1783



                Name                               Link     Load   Length Selector   Space Scale
C:\Users\Kent\AppData\Local\Temp\s4ak.obj
                end_init                              F        F        2        8       0
                reset_vec                             0        0        3        0       0
                config                             8007     8007        2    1000E       0
dist/default/debug\temp_sensor.debug.obj
                functab                             100      100        5        2       0
                intentry                              4        4        B        8       0
                text39                              D6D      D6D       16     1ADA       0
                text38                              D30      D30        3     1A60       0
                text37                               11       11       41        8       0
                text36                              7EC      7EC       11        2       0
                text35                              E08      E08       21     1C10       0
                text34                              DCE      DCE       1D     1B9C       0
                text33                              EE2      EE2       2B     1DC4       0
                text32                              5BA      5BA       58        2       0
                text31                              669      669       54        2       0
                text30                               D2       D2       2D        8       0
                text29                              287      287       BE        2       0
                text28                              D4A      D4A        9     1A94       0
                text27                              F68      F68       31     1ED0       0
                text26                              E92      E92       28     1D24       0
                text25                              E6C      E6C       26     1CD8       0
                text24                              345      345       B0        2       0
                text23                              3F5      3F5       AD        2       0
                text22                               92       92       40        8       0
                text21                              D53      D53        A     1AA6       0
                text20                              7A8      7A8       44        2       0
                text19                              D5D      D5D       10     1ABA       0
                text18                              F38      F38       30     1E70       0
                text17                              D83      D83       18     1B06       0
                text16                              538      538       82        2       0
                text15                              FCB      FCB       35     1F96       0
                text14                              E29      E29       21     1C52       0
                text13                              D33      D33        3     1A66       0
                text12                              DEB      DEB       1D     1BD6       0
                text11                              DB3      DB3       1B     1B66       0
                text10                              D9B      D9B       18     1B36       0
                text9                               4A2      4A2       96        2       0
                text8                               EBA      EBA       28     1D74       0
                text7                               E4A      E4A       22     1C94       0
                text6                               F99      F99       32     1F32       0
                text5                               6BD      6BD       53        2       0
                text4                               75E      75E       4A        2       0
                text3                               612      612       57        2       0
                text2                               710      710       4E        2       0
                text1                               7FD      7FD        3        2       0
                maintext                            105      105      182        2       0
                cstackBANK0                          20       20       4C       20       1
                cstackCOMMON                         70       70        C       70       1
                cstackBANK1                          D7       D7        D       A0       1
                inittext                            D36      D36        6     1A6C       0
                clrtext                             D3C      D3C        6     1A78       0
                dataBANK3                           1A0      1A0       40      1A0       1
                bssBANK2                            120      120       3C      120       1
                dataBANK1                            E4       E4        8       A0       1
                bssBANK1                             A0       A0       37       A0       1
                bssCOMMON                            7C       7C        1       70       1
                cinit                               F0D      F0D       2B     1E1A       0
                idataBANK3                           52       52       40        8       0
                idataBANK1                          D42      D42        8     1A84       0

TOTAL           Name                               Link     Load   Length     Space
        CLASS   CONST          

        CLASS   CODE           
                end_init                              F        F        2         0
                functab                             100      100        5         0
                intentry                              4        4        B         0
                reset_vec                             0        0        3         0
                text39                              D6D      D6D       16         0
                text38                              D30      D30        3         0
                text37                               11       11       41         0
                text36                              7EC      7EC       11         0
                text35                              E08      E08       21         0
                text34                              DCE      DCE       1D         0
                text33                              EE2      EE2       2B         0
                text32                              5BA      5BA       58         0
                text31                              669      669       54         0
                text30                               D2       D2       2D         0
                text29                              287      287       BE         0
                text28                              D4A      D4A        9         0
                text27                              F68      F68       31         0
                text26                              E92      E92       28         0
                text25                              E6C      E6C       26         0
                text24                              345      345       B0         0
                text23                              3F5      3F5       AD         0
                text22                               92       92       40         0
                text21                              D53      D53        A         0
                text20                              7A8      7A8       44         0
                text19                              D5D      D5D       10         0
                text18                              F38      F38       30         0
                text17                              D83      D83       18         0
                text16                              538      538       82         0
                text15                              FCB      FCB       35         0
                text14                              E29      E29       21         0
                text13                              D33      D33        3         0
                text12                              DEB      DEB       1D         0
                text11                              DB3      DB3       1B         0
                text10                              D9B      D9B       18         0
                text9                               4A2      4A2       96         0
                text8                               EBA      EBA       28         0
                text7                               E4A      E4A       22         0
                text6                               F99      F99       32         0
                text5                               6BD      6BD       53         0
                text4                               75E      75E       4A         0
                text3                               612      612       57         0
                text2                               710      710       4E         0
                text1                               7FD      7FD        3         0
                maintext                            105      105      182         0
                inittext                            D36      D36        6         0
                clrtext                             D3C      D3C        6         0
                cinit                               F0D      F0D       2B         0
                idataBANK3                           52       52       40         0
                idataBANK1                          D42      D42        8         0

        CLASS   STRCODE        

        CLASS   ENTRY          

        CLASS   STRING         

        CLASS   COMMON         
                cstackCOMMON                         70       70        C         1
                bssCOMMON                            7C       7C        1         1

        CLASS   BANK0          
                cstackBANK0                          20       20       4C         1

        CLASS   BANK1          
                cstackBANK1                          D7       D7        D         1
                dataBANK1                            E4       E4        8         1
                bssBANK1                             A0       A0       37         1

        CLASS   BANK2          
                bssBANK2                            120      120       3C         1

        CLASS   BANK3          
                dataBANK3                           1A0      1A0       40         1

        CLASS   BANK4          

        CLASS   BANK5          

        CLASS   BANK6          

        CLASS   BIGRAM         

        CLASS   RAM            

        CLASS   ABS1           
                abs_s1                               7E       7E        2         1

        CLASS   SFR0           

        CLASS   SFR1           

        CLASS   SFR2           

        CLASS   SFR3           

        CLASS   SFR4           

        CLASS   SFR5           

        CLASS   SFR6           

        CLASS   SFR7           

        CLASS   SFR8           

        CLASS   SFR9           

        CLASS   SFR10          

        CLASS   SFR11          

        CLASS   SFR12          

        CLASS   SFR13          

        CLASS   SFR14          

        CLASS   SFR15          

        CLASS   SFR16          

        CLASS   SFR17          

        CLASS   SFR18          

        CLASS   SFR19          

        CLASS   SFR20          

        CLASS   SFR21          

        CLASS   SFR22          

        CLASS   SFR23          

        CLASS   SFR24          

        CLASS   SFR25          

        CLASS   SFR26          

        CLASS   SFR27          

        CLASS   SFR28          

        CLASS   SFR29          

        CLASS   SFR30          

        CLASS   SFR31          

        CLASS   CONFIG         
                config                             8007     8007        2         0

        CLASS   IDLOC          

        CLASS   EEDATA         

        CLASS   BANK31         

        CLASS   BANK30         

        CLASS   BANK29         

        CLASS   BANK28         

        CLASS   BANK27         

        CLASS   BANK26         

        CLASS   BANK25         

        CLASS   BANK24         

        CLASS   BANK23         

        CLASS   BANK22         

        CLASS   BANK21         

        CLASS   BANK20         

        CLASS   BANK19         

        CLASS   BANK18         

        CLASS   BANK17         

        CLASS   BANK16         

        CLASS   BANK15         

        CLASS   BANK14         

        CLASS   BANK13         

        CLASS   BANK12         

        CLASS   BANK11         

        CLASS   BANK10         

        CLASS   BANK9          

        CLASS   BANK8          

        CLASS   BANK7          



SEGMENTS        Name                           Load    Length   Top    Selector   Space  Class     Delta

                reset_vec                      000000  000003  000003         0       0  CODE        2
                intentry                       000004  0000FB  0000FF         8       0  CODE        2
                cstackBANK0                    000020  00004C  00006C        20       1  BANK0       1
                cstackCOMMON                   000070  00000D  00007D        70       1  COMMON      1
                bssBANK1                       0000A0  00004C  0000EC        A0       1  BANK1       1
                bssBANK2                       000120  00003C  00015C       120       1  BANK2       1
                dataBANK3                      0001A0  000040  0001E0       1A0       1  BANK3       1
                functab                        000100  000700  000800         2       0  CODE        2
                text38                         000D30  000003  000D33      1A60       0  CODE        2
                text13                         000D33  000003  000D36      1A66       0  CODE        2
                inittext                       000D36  000006  000D3C      1A6C       0  CODE        2
                clrtext                        000D3C  000006  000D42      1A78       0  CODE        2
                idataBANK1                     000D42  000008  000D4A      1A84       0  CODE        2
                text28                         000D4A  000009  000D53      1A94       0  CODE        2
                text21                         000D53  00000A  000D5D      1AA6       0  CODE        2
                text19                         000D5D  000010  000D6D      1ABA       0  CODE        2
                text39                         000D6D  000016  000D83      1ADA       0  CODE        2
                text17                         000D83  000018  000D9B      1B06       0  CODE        2
                text10                         000D9B  000018  000DB3      1B36       0  CODE        2
                text11                         000DB3  00001B  000DCE      1B66       0  CODE        2
                text34                         000DCE  00001D  000DEB      1B9C       0  CODE        2
                text12                         000DEB  00001D  000E08      1BD6       0  CODE        2
                text35                         000E08  000021  000E29      1C10       0  CODE        2
                text14                         000E29  000021  000E4A      1C52       0  CODE        2
                text7                          000E4A  000022  000E6C      1C94       0  CODE        2
                text25                         000E6C  000026  000E92      1CD8       0  CODE        2
                text26                         000E92  000028  000EBA      1D24       0  CODE        2
                text8                          000EBA  000028  000EE2      1D74       0  CODE        2
                text33                         000EE2  00002B  000F0D      1DC4       0  CODE        2
                cinit                          000F0D  00002B  000F38      1E1A       0  CODE        2
                text18                         000F38  000030  000F68      1E70       0  CODE        2
                text27                         000F68  000031  000F99      1ED0       0  CODE        2
                text6                          000F99  000032  000FCB      1F32       0  CODE        2
                text15                         000FCB  000035  001000      1F96       0  CODE        2
                config                         008007  000002  008009     1000E       0  CONFIG      2


UNUSED ADDRESS RANGES

        Name                Unused          Largest block    Delta
        BANK0            0006C-0006F               4           1
        BANK1            000EC-000EF               4           1
        BANK2            0015C-0016F              14           1
        BANK3            001E0-001EF              10           1
        BANK4            00220-0026F              50           1
        BANK5            002A0-002EF              50           1
        BANK6            00320-00324               5           1
        BIGRAM           02000-021E4             1E5           1
        CODE             00003-00003               1           2
                         000FF-000FF               1
                         00800-00D2F             530
        COMMON           0007D-0007D               1           1
        CONST            00003-00003               1           2
                         000FF-000FF               1
                         00800-00D2F             100
        EEDATA           0F000-0F0FF             100           2
        ENTRY            00003-00003               1           2
                         000FF-000FF               1
                         00800-00D2F             100
        IDLOC            08000-08003               4           2
        RAM              0006C-0006F               4           1
                         000EC-000EF               4
                         0015C-0016F              14
                         001E0-001EF              10
                         00220-0026F              50
                         002A0-002EF              50
                         00320-00324               5
        SFR0             00000-0001F              20           1
        SFR1             00080-0009F              20           1
        SFR10            00500-0056F              70           1
        SFR11            00580-005EF              70           1
        SFR12            00600-0066F              70           1
        SFR13            00680-006EF              70           1
        SFR14            00700-0076F              70           1
        SFR15            00780-007EF              70           1
        SFR16            00800-0086F              70           1
        SFR17            00880-008EF              70           1
        SFR18            00900-0096F              70           1
        SFR19            00980-009EF              70           1
        SFR2             00100-0011F              20           1
        SFR20            00A00-00A6F              70           1
        SFR21            00A80-00AEF              70           1
        SFR22            00B00-00B6F              70           1
        SFR23            00B80-00BEF              70           1
        SFR24            00C00-00C6F              70           1
        SFR25            00C80-00CEF              70           1
        SFR26            00D00-00D6F              70           1
        SFR27            00D80-00DEF              70           1
        SFR28            00E00-00E6F              70           1
        SFR29            00E80-00EEF              70           1
        SFR3             00180-0019F              20           1
        SFR30            00F00-00F6F              70           1
        SFR31            00F80-00FEF              70           1
        SFR4             00200-0021F              20           1
        SFR5             00280-0029F              20           1
        SFR6             00300-0031F              20           1
        SFR7             00380-003EF              70           1
        SFR8             00400-0046F              70           1
        SFR9             00480-004EF              70           1
        STRCODE          00003-00003               1           2
                         000FF-000FF               1
                         00800-00D2F             530
        STRING           00003-00003               1           2
                         000FF-000FF               1
                         00800-00D2F             100

                                  Symbol Table

?_ADC_Enable                           cstackCOMMON 00071
?_ADC_Read                             cstackBANK0  00027
?_ADC_ReadOne                          cstackBANK0  00021
?_CRC16_Generate                       cstackBANK0  00020
?_EEPROM_Read                          cstackCOMMON 00071
?_EEPROM_Write                         cstackCOMMON 00071
?_SendReport                           cstackBANK0  0005F
?_Timer1_Init                          cstackCOMMON 00071
?_UART_Init                            cstackBANK0  00045
?_UART_Receive                         cstackCOMMON 00071
?_UART_ReceiveMsgTmo                   cstackBANK0  00020
?_UART_TransmitMsg                     cstackCOMMON 00072
?_XBAPI_Command                        cstackBANK0  0003D
?_XBAPI_HandleFrame                    cstackBANK0  0002E
?_XBAPI_Transmit                       cstackBANK0  00050
?_XBee_Enable                          cstackBANK0  0004E
?___aldiv                              cstackBANK0  00036
?___awdiv                              cstackCOMMON 00071
?___wmul                               cstackCOMMON 00071
?_checksum                             cstackCOMMON 00071
?_doChecksumVerify                     cstackCOMMON 00071
?_memcpy                               cstackCOMMON 00071
?_memset                               cstackCOMMON 00071
?_pulseLed                             cstackBANK0  00021
?_sleep                                cstackCOMMON 00071
?_swap_endian_32                       cstackCOMMON 00071
?_timer1_poll_delay                    cstackCOMMON 00077
?_timer1_poll_delay_ms                 cstackBANK0  00021
ADC_Enable@port_pin                    cstackCOMMON 00071
ADC_Enable@select                      cstackCOMMON 00074
ADC_Read@channel                       cstackBANK0  00027
ADC_Read@i                             cstackBANK0  00035
ADC_Read@res                           cstackBANK0  0002B
ADC_Read@sum                           cstackBANK0  00033
ADC_ReadOne@channel                    cstackBANK0  00024
ADC_ReadOne@result                     cstackBANK0  00025
CRC16_Generate@i                       cstackBANK0  00023
CRC16_Generate@len                     cstackBANK0  00020
CRC16_Generate@msg                     cstackBANK0  00022
CRC16_Update4Bits@t                    cstackCOMMON 00078
CRC16_Update4Bits@val                  cstackCOMMON 00077
CRC16_Update@val                       cstackCOMMON 0007A
EEPROM_Read@address                    cstackCOMMON 00076
EEPROM_Read@data                       cstackCOMMON 00071
EEPROM_Read@i                          cstackCOMMON 00077
EEPROM_Read@length                     cstackCOMMON 00072
EEPROM_Write@address                   cstackCOMMON 00075
EEPROM_Write@data                      cstackCOMMON 00071
EEPROM_Write@i                         cstackCOMMON 00076
EEPROM_Write@length                    cstackCOMMON 00072
SendPacket@packet                      cstackBANK0  0005D
SendPacket@status                      cstackBANK0  0005E
SendReport@thermBeta                   cstackBANK0  00063
SendReport@thermRes25C                 cstackBANK0  00061
SendReport@thermistorResistance        cstackBANK0  0005F
SendReport@topResValue                 cstackBANK0  00065
Timer1_Init@t1ckps                     cstackCOMMON 00073
Timer1_Init@tmr1cs                     cstackCOMMON 00071
UART_Init@baud                         cstackBANK0  00045
UART_Init@spbrg                        cstackBANK0  0004C
UART_Receive@i                         cstackCOMMON 00077
UART_Receive@tmo                       cstackCOMMON 00071
UART_ReceiveMsgTmo@c                   cstackBANK0  0002A
UART_ReceiveMsgTmo@end_char            cstackBANK0  00022
UART_ReceiveMsgTmo@i                   cstackBANK0  0002C
UART_ReceiveMsgTmo@len                 cstackBANK0  00020
UART_ReceiveMsgTmo@msg                 cstackBANK0  00029
UART_ReceiveMsgTmo@tmo                 cstackBANK0  00023
UART_Transmit@c                        cstackCOMMON 00071
UART_TransmitMsg@_msg                  cstackCOMMON 00076
UART_TransmitMsg@end_char              cstackCOMMON 00074
UART_TransmitMsg@i                     cstackCOMMON 00077
UART_TransmitMsg@len                   cstackCOMMON 00072
XBAPI_Command@atCmdLength              cstackBANK0  0004D
XBAPI_Command@check                    cstackBANK0  0004A
XBAPI_Command@command                  cstackBANK0  0003D
XBAPI_Command@data                     cstackBANK0  0003F
XBAPI_Command@data_valid               cstackBANK0  00045
XBAPI_Command@id                       cstackBANK0  00043
XBAPI_HandleFrame@bytes_read           cstackBANK0  00034
XBAPI_HandleFrame@do_tmo               cstackBANK0  00030
XBAPI_HandleFrame@expected             cstackBANK0  0002E
XBAPI_HandleFrame@packet               cstackBANK0  00036
XBAPI_HandleFrame@received_length      cstackBANK0  00037
XBAPI_HandleFrame@tmo                  cstackBANK0  00039
XBAPI_Transmit@address                 cstackBANK0  00056
XBAPI_Transmit@data                    cstackBANK0  00050
XBAPI_Transmit@error                   cstackBANK0  00059
XBAPI_Transmit@id                      cstackBANK0  00053
XBAPI_Transmit@length                  cstackBANK0  00051
XBee_Enable@baud                       cstackBANK0  0004E
XBee_Wake@i                            cstackBANK0  00050
_ADCON0bits                            (abs)        0009D
_ADCON1bits                            (abs)        0009E
_ADC_Enable                            text22       00092
_ADC_Read                              text4        0075E
_ADC_ReadOne                           text6        00F99
_ADRES                                 (abs)        0009B
_ANSELA                                (abs)        0018C
_ANSELB                                (abs)        0018D
_CRC16_Generate                        text18       00F38
_CRC16_High                            bssBANK1     000A8
_CRC16_Init                            text21       00D53
_CRC16_LookupHigh                      dataBANK3    001A0
_CRC16_LookupLow                       dataBANK3    001C0
_CRC16_Low                             bssBANK1     000A9
_CRC16_Reg                             bssBANK1     000A0
_CRC16_Update                          text19       00D5D
_CRC16_Update4Bits                     text20       007A8
_EEADRL                                (abs)        00191
_EECON1bits                            (abs)        00195
_EECON2                                (abs)        00196
_EEDATL                                (abs)        00193
_EEPROM_Read                           text35       00E08
_EEPROM_Write                          text33       00EE2
_OSCSTATbits                           (abs)        0009A
_PIR1bits                              (abs)        00011
_PIR2bits                              (abs)        00012
_PORTBbits                             (abs)        0000D
_PORTCbits                             (abs)        0000E
_RC1REG                                (abs)        00199
_RC1STAbits                            (abs)        0019D
_SPBRG                                 (abs)        0019B
_SWDTEN                                (abs)        004B8
_SendPacket                            text8        00EBA
_SendReceiverBroadcastRequest          text7        00E4A
_SendReport                            text2        00710
_T1CONbits                             (abs)        00018
_T1GCONbits                            (abs)        00019
_TMR1                                  (abs)        00016
_TRISA                                 (abs)        0008C
_TRISB                                 (abs)        0008D
_TRISC                                 (abs)        0008E
_TX1REG                                (abs)        0019A
_TX1STAbits                            (abs)        0019E
_TXSTAbits                             (abs)        0019E
_Timer1_Disable                        text38       00D30
_Timer1_Init                           text39       00D6D
_UART_Init                             text15       00FCB
_UART_Receive                          text32       005BA
_UART_ReceiveMsgTmo                    text31       00669
_UART_Transmit                         text28       00D4A
_UART_TransmitMsg                      text27       00F68
_WDTCONbits                            (abs)        00097
_XBAPI_Command                         text23       003F5
_XBAPI_Command$876                     cstackBANK0  0004B
_XBAPI_HandleFrame                     text29       00287
_XBAPI_Transmit                        text9        004A2
_XBAPI_Transmit$864                    cstackBANK0  00057
_XBee_Disable                          text13       00D33
_XBee_Enable                           text14       00E29
_XBee_Reset                            text10       00D9B
_XBee_Sleep                            text1        007FD
_XBee_Wake                             text3        00612
__CFG_FOSC$HS                          (abs)        00000
__CFG_LVP$OFF                          (abs)        00000
__CFG_PLLEN$OFF                        (abs)        00000
__CFG_WDTE$SWDTEN                      (abs)        00000
__Habs1                                abs1         00000
__Hbank0                               bank0        00000
__Hbank1                               bank1        00000
__Hbank10                              bank10       00000
__Hbank11                              bank11       00000
__Hbank12                              bank12       00000
__Hbank13                              bank13       00000
__Hbank14                              bank14       00000
__Hbank15                              bank15       00000
__Hbank16                              bank16       00000
__Hbank17                              bank17       00000
__Hbank18                              bank18       00000
__Hbank19                              bank19       00000
__Hbank2                               bank2        00000
__Hbank20                              bank20       00000
__Hbank21                              bank21       00000
__Hbank22                              bank22       00000
__Hbank23                              bank23       00000
__Hbank24                              bank24       00000
__Hbank25                              bank25       00000
__Hbank26                              bank26       00000
__Hbank27                              bank27       00000
__Hbank28                              bank28       00000
__Hbank29                              bank29       00000
__Hbank3                               bank3        00000
__Hbank30                              bank30       00000
__Hbank31                              bank31       00000
__Hbank4                               bank4        00000
__Hbank5                               bank5        00000
__Hbank6                               bank6        00000
__Hbank7                               bank7        00000
__Hbank8                               bank8        00000
__Hbank9                               bank9        00000
__Hbigram                              bigram       00000
__HbssBANK1                            bssBANK1     00000
__HbssBANK2                            bssBANK2     00000
__HbssCOMMON                           bssCOMMON    00000
__Hcinit                               cinit        00000
__Hclrtext                             clrtext      00000
__Hcode                                code         00000
__Hcommon                              common       00000
__Hconfig                              config       08009
__HcstackBANK0                         cstackBANK0  00000
__HcstackBANK1                         cstackBANK1  00000
__HcstackCOMMON                        cstackCOMMON 00000
__HdataBANK1                           dataBANK1    00000
__HdataBANK3                           dataBANK3    00000
__Heeprom_data                         eeprom_data  00000
__Hend_init                            end_init     00011
__Hfunctab                             functab      00105
__HidataBANK1                          idataBANK1   00000
__HidataBANK3                          idataBANK3   00000
__Hidloc                               idloc        00000
__Hinit                                init         0000F
__Hinittext                            inittext     00000
__Hintentry                            intentry     0000F
__Hmaintext                            maintext     00000
__Hpowerup                             powerup      00000
__Hram                                 ram          00000
__Hreset_vec                           reset_vec    00003
__Hsfr0                                sfr0         00000
__Hsfr1                                sfr1         00000
__Hsfr10                               sfr10        00000
__Hsfr11                               sfr11        00000
__Hsfr12                               sfr12        00000
__Hsfr13                               sfr13        00000
__Hsfr14                               sfr14        00000
__Hsfr15                               sfr15        00000
__Hsfr16                               sfr16        00000
__Hsfr17                               sfr17        00000
__Hsfr18                               sfr18        00000
__Hsfr19                               sfr19        00000
__Hsfr2                                sfr2         00000
__Hsfr20                               sfr20        00000
__Hsfr21                               sfr21        00000
__Hsfr22                               sfr22        00000
__Hsfr23                               sfr23        00000
__Hsfr24                               sfr24        00000
__Hsfr25                               sfr25        00000
__Hsfr26                               sfr26        00000
__Hsfr27                               sfr27        00000
__Hsfr28                               sfr28        00000
__Hsfr29                               sfr29        00000
__Hsfr3                                sfr3         00000
__Hsfr30                               sfr30        00000
__Hsfr31                               sfr31        00000
__Hsfr4                                sfr4         00000
__Hsfr5                                sfr5         00000
__Hsfr6                                sfr6         00000
__Hsfr7                                sfr7         00000
__Hsfr8                                sfr8         00000
__Hsfr9                                sfr9         00000
__Hstrings                             strings      00000
__Htext                                text         00000
__Labs1                                abs1         00000
__Lbank0                               bank0        00000
__Lbank1                               bank1        00000
__Lbank10                              bank10       00000
__Lbank11                              bank11       00000
__Lbank12                              bank12       00000
__Lbank13                              bank13       00000
__Lbank14                              bank14       00000
__Lbank15                              bank15       00000
__Lbank16                              bank16       00000
__Lbank17                              bank17       00000
__Lbank18                              bank18       00000
__Lbank19                              bank19       00000
__Lbank2                               bank2        00000
__Lbank20                              bank20       00000
__Lbank21                              bank21       00000
__Lbank22                              bank22       00000
__Lbank23                              bank23       00000
__Lbank24                              bank24       00000
__Lbank25                              bank25       00000
__Lbank26                              bank26       00000
__Lbank27                              bank27       00000
__Lbank28                              bank28       00000
__Lbank29                              bank29       00000
__Lbank3                               bank3        00000
__Lbank30                              bank30       00000
__Lbank31                              bank31       00000
__Lbank4                               bank4        00000
__Lbank5                               bank5        00000
__Lbank6                               bank6        00000
__Lbank7                               bank7        00000
__Lbank8                               bank8        00000
__Lbank9                               bank9        00000
__Lbigram                              bigram       00000
__LbssBANK1                            bssBANK1     00000
__LbssBANK2                            bssBANK2     00000
__LbssCOMMON                           bssCOMMON    00000
__Lcinit                               cinit        00000
__Lclrtext                             clrtext      00000
__Lcode                                code         00000
__Lcommon                              common       00000
__Lconfig                              config       08007
__LcstackBANK0                         cstackBANK0  00000
__LcstackBANK1                         cstackBANK1  00000
__LcstackCOMMON                        cstackCOMMON 00000
__LdataBANK1                           dataBANK1    00000
__LdataBANK3                           dataBANK3    00000
__Leeprom_data                         eeprom_data  00000
__Lend_init                            end_init     0000F
__Lfunctab                             functab      00100
__LidataBANK1                          idataBANK1   00000
__LidataBANK3                          idataBANK3   00000
__Lidloc                               idloc        00000
__Linit                                init         0000F
__Linittext                            inittext     00000
__Lintentry                            intentry     00004
__Lmaintext                            maintext     00000
__Lpowerup                             powerup      00000
__Lram                                 ram          00000
__Lreset_vec                           reset_vec    00000
__Lsfr0                                sfr0         00000
__Lsfr1                                sfr1         00000
__Lsfr10                               sfr10        00000
__Lsfr11                               sfr11        00000
__Lsfr12                               sfr12        00000
__Lsfr13                               sfr13        00000
__Lsfr14                               sfr14        00000
__Lsfr15                               sfr15        00000
__Lsfr16                               sfr16        00000
__Lsfr17                               sfr17        00000
__Lsfr18                               sfr18        00000
__Lsfr19                               sfr19        00000
__Lsfr2                                sfr2         00000
__Lsfr20                               sfr20        00000
__Lsfr21                               sfr21        00000
__Lsfr22                               sfr22        00000
__Lsfr23                               sfr23        00000
__Lsfr24                               sfr24        00000
__Lsfr25                               sfr25        00000
__Lsfr26                               sfr26        00000
__Lsfr27                               sfr27        00000
__Lsfr28                               sfr28        00000
__Lsfr29                               sfr29        00000
__Lsfr3                                sfr3         00000
__Lsfr30                               sfr30        00000
__Lsfr31                               sfr31        00000
__Lsfr4                                sfr4         00000
__Lsfr5                                sfr5         00000
__Lsfr6                                sfr6         00000
__Lsfr7                                sfr7         00000
__Lsfr8                                sfr8         00000
__Lsfr9                                sfr9         00000
__Lstrings                             strings      00000
__Ltext                                text         00000
__S0                                   (abs)        08009
__S1                                   (abs)        001E0
__S3                                   (abs)        00000
___aldiv                               text16       00538
___aldiv@counter                       cstackBANK0  0003F
___aldiv@dividend                      cstackBANK0  0003A
___aldiv@divisor                       cstackBANK0  00036
___aldiv@quotient                      cstackBANK0  00041
___aldiv@sign                          cstackBANK0  00040
___awdiv                               text5        006BD
___awdiv@counter                       cstackCOMMON 00076
___awdiv@dividend                      cstackCOMMON 00073
___awdiv@divisor                       cstackCOMMON 00071
___awdiv@quotient                      cstackCOMMON 00078
___awdiv@sign                          cstackCOMMON 00077
___latbits                             (abs)        00001
___wmul                                text12       00DEB
___wmul@multiplicand                   cstackCOMMON 00073
___wmul@multiplier                     cstackCOMMON 00071
___wmul@product                        cstackCOMMON 00075
__end_of_ADC_Enable                    text22       000D2
__end_of_ADC_Read                      text4        007A8
__end_of_ADC_ReadOne                   text6        00FCB
__end_of_CRC16_Generate                text18       00F68
__end_of_CRC16_Init                    text21       00D5D
__end_of_CRC16_Update                  text19       00D6D
__end_of_CRC16_Update4Bits             text20       007EC
__end_of_EEPROM_Read                   text35       00E29
__end_of_EEPROM_Write                  text33       00F0D
__end_of_SendPacket                    text8        00EE2
__end_of_SendReceiverBroadcastRequest  text7        00E6C
__end_of_SendReport                    text2        0075E
__end_of_Timer1_Disable                text38       00D33
__end_of_Timer1_Init                   text39       00D83
__end_of_UART_Init                     text15       01000
__end_of_UART_Receive                  text32       00612
__end_of_UART_ReceiveMsgTmo            text31       006BD
__end_of_UART_Transmit                 text28       00D53
__end_of_UART_TransmitMsg              text27       00F99
__end_of_XBAPI_Command                 text23       004A2
__end_of_XBAPI_HandleFrame             text29       00345
__end_of_XBAPI_Transmit                text9        00538
__end_of_XBee_Disable                  text13       00D36
__end_of_XBee_Enable                   text14       00E4A
__end_of_XBee_Reset                    text10       00DB3
__end_of_XBee_Sleep                    text1        00800
__end_of_XBee_Wake                     text3        00669
__end_of___aldiv                       text16       005BA
__end_of___awdiv                       text5        00710
__end_of___wmul                        text12       00E08
__end_of__fptable                      functab      00105
__end_of__initialization               cinit        00F35
__end_of_checksum                      text26       00EBA
__end_of_doChecksumVerify              text25       00E92
__end_of_isr                           intentry     0000F
__end_of_main                          maintext     00287
__end_of_memcpy                        text30       000FF
__end_of_memset                        text34       00DEB
__end_of_pulseLed                      text36       007FD
__end_of_sleep                         text17       00D9B
__end_of_swap_endian_32                text24       003F5
__end_of_timer1_poll_delay             text37       00052
__end_of_timer1_poll_delay_ms          text11       00DCE
__fptable                              functab      00100
__initialization                       cinit        00F0D
__pbssBANK1                            bssBANK1     000A0
__pbssBANK2                            bssBANK2     00120
__pbssCOMMON                           bssCOMMON    0007C
__pcstackBANK0                         cstackBANK0  00020
__pcstackBANK1                         cstackBANK1  000D7
__pcstackCOMMON                        cstackCOMMON 00070
__pdataBANK1                           dataBANK1    000E4
__pdataBANK3                           dataBANK3    001A0
__pfunctab                             functab      00100
__pidataBANK1                          idataBANK1   00D42
__pidataBANK3                          idataBANK3   00052
__pintentry                            intentry     00004
__pmaintext                            maintext     00105
__ptext1                               text1        007FD
__ptext10                              text10       00D9B
__ptext11                              text11       00DB3
__ptext12                              text12       00DEB
__ptext13                              text13       00D33
__ptext14                              text14       00E29
__ptext15                              text15       00FCB
__ptext16                              text16       00538
__ptext17                              text17       00D83
__ptext18                              text18       00F38
__ptext19                              text19       00D5D
__ptext2                               text2        00710
__ptext20                              text20       007A8
__ptext21                              text21       00D53
__ptext22                              text22       00092
__ptext23                              text23       003F5
__ptext24                              text24       00345
__ptext25                              text25       00E6C
__ptext26                              text26       00E92
__ptext27                              text27       00F68
__ptext28                              text28       00D4A
__ptext29                              text29       00287
__ptext3                               text3        00612
__ptext30                              text30       000D2
__ptext31                              text31       00669
__ptext32                              text32       005BA
__ptext33                              text33       00EE2
__ptext34                              text34       00DCE
__ptext35                              text35       00E08
__ptext36                              text36       007EC
__ptext37                              text37       00011
__ptext38                              text38       00D30
__ptext39                              text39       00D6D
__ptext4                               text4        0075E
__ptext5                               text5        006BD
__ptext6                               text6        00F99
__ptext7                               text7        00E4A
__ptext8                               text8        00EBA
__ptext9                               text9        004A2
__size_of_ADC_Enable                   (abs)        00000
__size_of_ADC_Read                     (abs)        00000
__size_of_ADC_ReadOne                  (abs)        00000
__size_of_CRC16_Generate               (abs)        00000
__size_of_CRC16_Init                   (abs)        00000
__size_of_CRC16_Update                 (abs)        00000
__size_of_CRC16_Update4Bits            (abs)        00000
__size_of_EEPROM_Read                  (abs)        00000
__size_of_EEPROM_Write                 (abs)        00000
__size_of_SendPacket                   (abs)        00000
__size_of_SendReceiverBroadcastRequest (abs)        00000
__size_of_SendReport                   (abs)        00000
__size_of_Timer1_Disable               (abs)        00000
__size_of_Timer1_Init                  (abs)        00000
__size_of_UART_Init                    (abs)        00000
__size_of_UART_Receive                 (abs)        00000
__size_of_UART_ReceiveMsgTmo           (abs)        00000
__size_of_UART_Transmit                (abs)        00000
__size_of_UART_TransmitMsg             (abs)        00000
__size_of_XBAPI_Command                (abs)        00000
__size_of_XBAPI_HandleFrame            (abs)        00000
__size_of_XBAPI_Transmit               (abs)        00000
__size_of_XBee_Disable                 (abs)        00000
__size_of_XBee_Enable                  (abs)        00000
__size_of_XBee_Reset                   (abs)        00000
__size_of_XBee_Sleep                   (abs)        00000
__size_of_XBee_Wake                    (abs)        00000
__size_of___aldiv                      (abs)        00000
__size_of___awdiv                      (abs)        00000
__size_of___wmul                       (abs)        00000
__size_of__fptable                     (abs)        00000
__size_of_checksum                     (abs)        00000
__size_of_doChecksumVerify             (abs)        00000
__size_of_isr                          (abs)        00000
__size_of_main                         (abs)        00000
__size_of_memcpy                       (abs)        00000
__size_of_memset                       (abs)        00000
__size_of_pulseLed                     (abs)        00000
__size_of_sleep                        (abs)        00000
__size_of_swap_endian_32               (abs)        00000
__size_of_timer1_poll_delay            (abs)        00000
__size_of_timer1_poll_delay_ms         (abs)        00000
_apiFrame                              bssBANK2     00120
_calc_checksum                         bssCOMMON    0007C
_calibrationData                       bssBANK1     000CD
_checksum                              text26       00E92
_cmd_itr                               bssBANK1     000A2
_dest_address                          dataBANK1    000E4
_doChecksumVerify                      text25       00E6C
_error                                 bssBANK1     000A4
_frame_id_itr                          bssBANK1     000AA
_intervalData                          bssBANK1     000D3
_isr                                   intentry     00004
_last_xbee_baud                        bssBANK1     000A6
_main                                  maintext     00105
_main$1774                             cstackBANK1  000E0
_memcpy                                text30       000D2
_memset                                text34       00DCE
_packet_buffer                         bssBANK1     000AD
_pulseLed                              text36       007EC
_sleep                                 text17       00D83
_swap_endian_32                        text24       00345
_timer1_poll_delay                     text37       00011
_timer1_poll_delay_ms                  text11       00DB3
_tmr1_err                              bssBANK1     000AB
_xbee_reset_flag                       bssBANK1     000AC
btemp                                  (abs)        0007E
checksum@addr                          cstackCOMMON 00075
checksum@address                       cstackCOMMON 00076
checksum@checksum                      cstackCOMMON 00077
checksum@i                             cstackCOMMON 00078
checksum@length                        cstackCOMMON 00071
clear_ram0                             clrtext      00D3C
doChecksumVerify@address               cstackCOMMON 00076
doChecksumVerify@check                 cstackCOMMON 00077
doChecksumVerify@checksum              cstackCOMMON 00073
doChecksumVerify@i                     cstackCOMMON 00078
doChecksumVerify@length                cstackCOMMON 00071
end_of_initialization                  cinit        00F35
entry__ADC_Read                        functab      00103
fpbase                                 functab      00102
fptable                                functab      00100
fptotal                                (abs)        00001
init_ram                               inittext     00D36
intlevel0                              functab      00100
intlevel1                              functab      00100
intlevel2                              functab      00100
intlevel3                              functab      00100
intlevel4                              functab      00100
intlevel5                              functab      00100
main@thermistorResistance              cstackBANK1  000DC
memcpy@d                               cstackCOMMON 00078
memcpy@d1                              cstackCOMMON 00071
memcpy@n                               cstackCOMMON 00075
memcpy@s                               cstackCOMMON 0007A
memcpy@s1                              cstackCOMMON 00073
memset@c                               cstackCOMMON 00071
memset@n                               cstackCOMMON 00073
memset@p                               cstackCOMMON 00077
memset@p1                              cstackCOMMON 00076
pulseLed@ticks                         cstackBANK0  00021
reset_vec                              reset_vec    00000
sleep@i                                cstackCOMMON 00073
sleep@seconds                          cstackCOMMON 00071
start                                  init         0000F
start_initialization                   cinit        00F0D
swap_endian_32@n                       cstackCOMMON 00071
swap_endian_32@r                       cstackCOMMON 00075
timer1_poll_delay@division             cstackCOMMON 00079
timer1_poll_delay@ticks                cstackCOMMON 00077
timer1_poll_delay@tmr1_turned_on       cstackBANK0  00020
timer1_poll_delay_ms@ms                cstackBANK0  00021
wtemp0                                 (abs)        0007E


FUNCTION INFORMATION:

 *************** function _main *****************
 Defined at:
		line 60 in file "main.c"
 Parameters:    Size  Location     Type
  argc            2   72[BANK0 ] int 
  argv            2   74[BANK0 ] PTR PTR unsigned char 
 Auto vars:     Size  Location     Type
  thermistorRe    4    5[BANK1 ] long 
 Return value:  Size  Location     Type
                  2   72[BANK0 ] int 
 Registers used:
		wreg, fsr0l, fsr0h, fsr1l, fsr1h, fsr1l, fsr1h, status,2, status,0, btemp+1, pclath, cstack
 Tracked objects:
		On entry : 
		On exit  : 
		Unchanged: 
 Data sizes:     COMMON   BANK0   BANK1   BANK2   BANK3   BANK4   BANK5   BANK6
      Params:         0       4       0       0       0       0       0       0
      Locals:         0       0       8       0       0       0       0       0
      Temps:          0       0       5       0       0       0       0       0
      Totals:         0       4      13       0       0       0       0       0
Total ram usage:       17 bytes
 Hardware stack levels required when called:    8
 This function calls:
		_pulseLed
		_EEPROM_Read
		_memset
		_EEPROM_Write
		_XBee_Enable
		_XBAPI_Command
		_XBee_Disable
		_ADC_Enable
		_CRC16_Init
		_SendReceiverBroadcastRequest
		_XBAPI_HandleFrame
		_ADC_Read
		_XBee_Wake
		_SendReport
		_XBee_Sleep
		_sleep
		___aldiv
 This function is called by:
		Startup code after reset
 This function uses a non-reentrant model


 *************** function _XBee_Sleep *****************
 Defined at:
		line 38 in file "xbee.c"
 Parameters:    Size  Location     Type
		None
 Auto vars:     Size  Location     Type
		None
 Return value:  Size  Location     Type
		None               void
 Registers used:
		None
 Tracked objects:
		On entry : 
		On exit  : 
		Unchanged: 
 Data sizes:     COMMON   BANK0   BANK1   BANK2   BANK3   BANK4   BANK5   BANK6
      Params:         0       0       0       0       0       0       0       0
      Locals:         0       0       0       0       0       0       0       0
      Temps:          0       0       0       0       0       0       0       0
      Totals:         0       0       0       0       0       0       0       0
Total ram usage:        0 bytes
 Hardware stack levels used:    1
 Hardware stack levels required when called:    1
 This function calls:
		Nothing
 This function is called by:
		_main
 This function uses a non-reentrant model


 *************** function _SendReport *****************
 Defined at:
		line 12 in file "packets.c"
 Parameters:    Size  Location     Type
  thermistorRe    2   63[BANK0 ] int 
  thermRes25C     2   65[BANK0 ] int 
  thermBeta       2   67[BANK0 ] int 
  topResValue     2   69[BANK0 ] int 
 Auto vars:     Size  Location     Type
		None
 Return value:  Size  Location     Type
		None               void
 Registers used:
		wreg, fsr0l, fsr0h, fsr1l, fsr1h, fsr1l, fsr1h, status,2, status,0, btemp+1, pclath, cstack
 Tracked objects:
		On entry : 
		On exit  : 
		Unchanged: 
 Data sizes:     COMMON   BANK0   BANK1   BANK2   BANK3   BANK4   BANK5   BANK6
      Params:         0       8       0       0       0       0       0       0
      Locals:         0       0       0       0       0       0       0       0
      Temps:          0       1       0       0       0       0       0       0
      Totals:         0       9       0       0       0       0       0       0
Total ram usage:        9 bytes
 Hardware stack levels used:    1
 Hardware stack levels required when called:    7
 This function calls:
		_CRC16_Generate
		_SendPacket
 This function is called by:
		_main
 This function uses a non-reentrant model


 *************** function _XBee_Wake *****************
 Defined at:
		line 42 in file "xbee.c"
 Parameters:    Size  Location     Type
		None
 Auto vars:     Size  Location     Type
  i               4   48[BANK0 ] long 
 Return value:  Size  Location     Type
		None               void
 Registers used:
		wreg, fsr0l, fsr0h, fsr1l, fsr1h, fsr1l, fsr1h, status,2, status,0, btemp+1, pclath, cstack
 Tracked objects:
		On entry : 
		On exit  : 
		Unchanged: 
 Data sizes:     COMMON   BANK0   BANK1   BANK2   BANK3   BANK4   BANK5   BANK6
      Params:         0       0       0       0       0       0       0       0
      Locals:         0       4       0       0       0       0       0       0
      Temps:          0       0       0       0       0       0       0       0
      Totals:         0       4       0       0       0       0       0       0
Total ram usage:        4 bytes
 Hardware stack levels used:    1
 Hardware stack levels required when called:    4
 This function calls:
		_XBee_Enable
		_XBee_Disable
		_timer1_poll_delay_ms
 This function is called by:
		_main
 This function uses a non-reentrant model


 *************** function _ADC_Read *****************
 Defined at:
		line 39 in file "adc.c"
 Parameters:    Size  Location     Type
  channel         1    7[BANK0 ] unsigned char 
 Auto vars:     Size  Location     Type
  res             8   11[BANK0 ] int [4]
  sum             2   19[BANK0 ] int 
  i               1   21[BANK0 ] unsigned char 
 Return value:  Size  Location     Type
                  2    7[BANK0 ] unsigned int 
 Registers used:
		wreg, fsr1l, fsr1h, status,2, status,0, pclath, cstack
 Tracked objects:
		On entry : 
		On exit  : 
		Unchanged: 
 Data sizes:     COMMON   BANK0   BANK1   BANK2   BANK3   BANK4   BANK5   BANK6
      Params:         0       2       0       0       0       0       0       0
      Locals:         0      11       0       0       0       0       0       0
      Temps:          0       2       0       0       0       0       0       0
      Totals:         0      15       0       0       0       0       0       0
Total ram usage:       15 bytes
 Hardware stack levels used:    1
 Hardware stack levels required when called:    4
 This function calls:
		_ADC_ReadOne
		___awdiv
 This function is called by:
		_main
 This function uses a non-reentrant model


 *************** function ___awdiv *****************
 Defined at:
		line 5 in file "C:\Program Files (x86)\Microchip\xc8\v1.20\sources\pic\awdiv.c"
 Parameters:    Size  Location     Type
  divisor         2    1[COMMON] int 
  dividend        2    3[COMMON] int 
 Auto vars:     Size  Location     Type
  quotient        2    8[COMMON] int 
  sign            1    7[COMMON] unsigned char 
  counter         1    6[COMMON] unsigned char 
 Return value:  Size  Location     Type
                  2    1[COMMON] int 
 Registers used:
		wreg, status,2, status,0
 Tracked objects:
		On entry : 
		On exit  : 
		Unchanged: 
 Data sizes:     COMMON   BANK0   BANK1   BANK2   BANK3   BANK4   BANK5   BANK6
      Params:         4       0       0       0       0       0       0       0
      Locals:         4       0       0       0       0       0       0       0
      Temps:          1       0       0       0       0       0       0       0
      Totals:         9       0       0       0       0       0       0       0
Total ram usage:        9 bytes
 Hardware stack levels used:    1
 Hardware stack levels required when called:    1
 This function calls:
		Nothing
 This function is called by:
		_ADC_Read
 This function uses a non-reentrant model


 *************** function _ADC_ReadOne *****************
 Defined at:
		line 21 in file "adc.c"
 Parameters:    Size  Location     Type
  channel         1    wreg     unsigned char 
 Auto vars:     Size  Location     Type
  channel         1    4[BANK0 ] unsigned char 
  result          2    5[BANK0 ] unsigned short 
 Return value:  Size  Location     Type
                  2    1[BANK0 ] unsigned int 
 Registers used:
		wreg, status,2, status,0, pclath, cstack
 Tracked objects:
		On entry : 
		On exit  : 
		Unchanged: 
 Data sizes:     COMMON   BANK0   BANK1   BANK2   BANK3   BANK4   BANK5   BANK6
      Params:         0       2       0       0       0       0       0       0
      Locals:         0       3       0       0       0       0       0       0
      Temps:          0       1       0       0       0       0       0       0
      Totals:         0       6       0       0       0       0       0       0
Total ram usage:        6 bytes
 Hardware stack levels used:    1
 Hardware stack levels required when called:    3
 This function calls:
		_timer1_poll_delay
 This function is called by:
		_ADC_Read
 This function uses a non-reentrant model


 *************** function _SendReceiverBroadcastRequest *****************
 Defined at:
		line 29 in file "packets.c"
 Parameters:    Size  Location     Type
		None
 Auto vars:     Size  Location     Type
		None
 Return value:  Size  Location     Type
		None               void
 Registers used:
		wreg, fsr0l, fsr0h, fsr1l, fsr1h, fsr1l, fsr1h, status,2, status,0, btemp+1, pclath, cstack
 Tracked objects:
		On entry : 
		On exit  : 
		Unchanged: 
 Data sizes:     COMMON   BANK0   BANK1   BANK2   BANK3   BANK4   BANK5   BANK6
      Params:         0       0       0       0       0       0       0       0
      Locals:         0       0       0       0       0       0       0       0
      Temps:          0       1       0       0       0       0       0       0
      Totals:         0       1       0       0       0       0       0       0
Total ram usage:        1 bytes
 Hardware stack levels used:    1
 Hardware stack levels required when called:    7
 This function calls:
		_CRC16_Generate
		_SendPacket
 This function is called by:
		_main
 This function uses a non-reentrant model


 *************** function _SendPacket *****************
 Defined at:
		line 44 in file "packets.c"
 Parameters:    Size  Location     Type
  packet          1    wreg     PTR struct .
		 -> packet_buffer(32), 
 Auto vars:     Size  Location     Type
  packet          1   61[BANK0 ] PTR struct .
		 -> packet_buffer(32), 
  status          1   62[BANK0 ] unsigned char 
 Return value:  Size  Location     Type
		None               void
 Registers used:
		wreg, fsr0l, fsr0h, fsr1l, fsr1h, fsr1l, fsr1h, status,2, status,0, btemp+1, pclath, cstack
 Tracked objects:
		On entry : 
		On exit  : 
		Unchanged: 
 Data sizes:     COMMON   BANK0   BANK1   BANK2   BANK3   BANK4   BANK5   BANK6
      Params:         0       0       0       0       0       0       0       0
      Locals:         0       2       0       0       0       0       0       0
      Temps:          0       2       0       0       0       0       0       0
      Totals:         0       4       0       0       0       0       0       0
Total ram usage:        4 bytes
 Hardware stack levels used:    1
 Hardware stack levels required when called:    6
 This function calls:
		_XBAPI_Transmit
 This function is called by:
		_SendReport
		_SendReceiverBroadcastRequest
		___doTestSendPacket
 This function uses a non-reentrant model


 *************** function _XBAPI_Transmit *****************
 Defined at:
		line 116 in file "xbee.c"
 Parameters:    Size  Location     Type
  address         1    wreg     PTR struct __XBeeAddress
		 -> dest_address(8), 
  data            1   48[BANK0 ] PTR const unsigned char 
		 -> packet_buffer(32), 
  length          2   49[BANK0 ] int 
  id              2   51[BANK0 ] int 
 Auto vars:     Size  Location     Type
  address         1   54[BANK0 ] PTR struct __XBeeAddress
		 -> dest_address(8), 
  error           2   57[BANK0 ] int 
 Return value:  Size  Location     Type
                  2   48[BANK0 ] int 
 Registers used:
		wreg, fsr0l, fsr0h, fsr1l, fsr1h, fsr1l, fsr1h, status,2, status,0, btemp+1, pclath, cstack
 Tracked objects:
		On entry : 
		On exit  : 
		Unchanged: 
 Data sizes:     COMMON   BANK0   BANK1   BANK2   BANK3   BANK4   BANK5   BANK6
      Params:         0       5       0       0       0       0       0       0
      Locals:         0       5       0       0       0       0       0       0
      Temps:          0       1       0       0       0       0       0       0
      Totals:         0      11       0       0       0       0       0       0
Total ram usage:       11 bytes
 Hardware stack levels used:    1
 Hardware stack levels required when called:    5
 This function calls:
		_XBAPI_HandleFrame
		_UART_TransmitMsg
		_XBee_Reset
		_checksum
		_memcpy
 This function is called by:
		_SendPacket
 This function uses a non-reentrant model


 *************** function _XBee_Reset *****************
 Defined at:
		line 32 in file "xbee.c"
 Parameters:    Size  Location     Type
		None
 Auto vars:     Size  Location     Type
		None
 Return value:  Size  Location     Type
		None               void
 Registers used:
		wreg, fsr0l, fsr0h, fsr1l, fsr1h, fsr1l, fsr1h, status,2, status,0, btemp+1, pclath, cstack
 Tracked objects:
		On entry : 
		On exit  : 
		Unchanged: 
 Data sizes:     COMMON   BANK0   BANK1   BANK2   BANK3   BANK4   BANK5   BANK6
      Params:         0       0       0       0       0       0       0       0
      Locals:         0       0       0       0       0       0       0       0
      Temps:          0       0       0       0       0       0       0       0
      Totals:         0       0       0       0       0       0       0       0
Total ram usage:        0 bytes
 Hardware stack levels used:    1
 Hardware stack levels required when called:    4
 This function calls:
		_XBee_Enable
		_XBee_Disable
		_timer1_poll_delay_ms
 This function is called by:
		_XBAPI_Transmit
 This function uses a non-reentrant model


 *************** function _timer1_poll_delay_ms *****************
 Defined at:
		line 51 in file "timer.c"
 Parameters:    Size  Location     Type
  ms              2    1[BANK0 ] unsigned short 
 Auto vars:     Size  Location     Type
		None
 Return value:  Size  Location     Type
		None               void
 Registers used:
		wreg, status,2, status,0, pclath, cstack
 Tracked objects:
		On entry : 
		On exit  : 
		Unchanged: 
 Data sizes:     COMMON   BANK0   BANK1   BANK2   BANK3   BANK4   BANK5   BANK6
      Params:         0       2       0       0       0       0       0       0
      Locals:         0       0       0       0       0       0       0       0
      Temps:          0       0       0       0       0       0       0       0
      Totals:         0       2       0       0       0       0       0       0
Total ram usage:        2 bytes
 Hardware stack levels used:    1
 Hardware stack levels required when called:    3
 This function calls:
		_timer1_poll_delay
		___wmul
 This function is called by:
		_XBee_Reset
		_XBee_Wake
 This function uses a non-reentrant model


 *************** function ___wmul *****************
 Defined at:
		line 3 in file "C:\Program Files (x86)\Microchip\xc8\v1.20\sources\pic\wmul.c"
 Parameters:    Size  Location     Type
  multiplier      2    1[COMMON] unsigned int 
  multiplicand    2    3[COMMON] unsigned int 
 Auto vars:     Size  Location     Type
  product         2    5[COMMON] unsigned int 
 Return value:  Size  Location     Type
                  2    1[COMMON] unsigned int 
 Registers used:
		wreg, status,2, status,0
 Tracked objects:
		On entry : 
		On exit  : 
		Unchanged: 
 Data sizes:     COMMON   BANK0   BANK1   BANK2   BANK3   BANK4   BANK5   BANK6
      Params:         4       0       0       0       0       0       0       0
      Locals:         2       0       0       0       0       0       0       0
      Temps:          0       0       0       0       0       0       0       0
      Totals:         6       0       0       0       0       0       0       0
Total ram usage:        6 bytes
 Hardware stack levels used:    1
 Hardware stack levels required when called:    1
 This function calls:
		Nothing
 This function is called by:
		_timer1_poll_delay_ms
 This function uses a non-reentrant model


 *************** function _XBee_Disable *****************
 Defined at:
		line 61 in file "xbee.c"
 Parameters:    Size  Location     Type
		None
 Auto vars:     Size  Location     Type
		None
 Return value:  Size  Location     Type
		None               void
 Registers used:
		None
 Tracked objects:
		On entry : 
		On exit  : 
		Unchanged: 
 Data sizes:     COMMON   BANK0   BANK1   BANK2   BANK3   BANK4   BANK5   BANK6
      Params:         0       0       0       0       0       0       0       0
      Locals:         0       0       0       0       0       0       0       0
      Temps:          0       0       0       0       0       0       0       0
      Totals:         0       0       0       0       0       0       0       0
Total ram usage:        0 bytes
 Hardware stack levels used:    1
 Hardware stack levels required when called:    1
 This function calls:
		Nothing
 This function is called by:
		_main
		_XBee_Reset
		_XBee_Wake
 This function uses a non-reentrant model


 *************** function _XBee_Enable *****************
 Defined at:
		line 19 in file "xbee.c"
 Parameters:    Size  Location     Type
  baud            2   46[BANK0 ] int 
 Auto vars:     Size  Location     Type
		None
 Return value:  Size  Location     Type
		None               void
 Registers used:
		wreg, fsr0l, fsr0h, fsr1l, fsr1h, fsr1l, fsr1h, status,2, status,0, btemp+1, pclath, cstack
 Tracked objects:
		On entry : 
		On exit  : 
		Unchanged: 
 Data sizes:     COMMON   BANK0   BANK1   BANK2   BANK3   BANK4   BANK5   BANK6
      Params:         0       2       0       0       0       0       0       0
      Locals:         0       0       0       0       0       0       0       0
      Temps:          0       0       0       0       0       0       0       0
      Totals:         0       2       0       0       0       0       0       0
Total ram usage:        2 bytes
 Hardware stack levels used:    1
 Hardware stack levels required when called:    3
 This function calls:
		_sleep
		_UART_Init
 This function is called by:
		_main
		_XBee_Reset
		_XBee_Wake
 This function uses a non-reentrant model


 *************** function _UART_Init *****************
 Defined at:
		line 7 in file "uart.c"
 Parameters:    Size  Location     Type
  baud            2   37[BANK0 ] int 
 Auto vars:     Size  Location     Type
  spbrg           2   44[BANK0 ] int 
 Return value:  Size  Location     Type
		None               void
 Registers used:
		wreg, status,2, status,0, pclath, cstack
 Tracked objects:
		On entry : 
		On exit  : 
		Unchanged: 
 Data sizes:     COMMON   BANK0   BANK1   BANK2   BANK3   BANK4   BANK5   BANK6
      Params:         0       2       0       0       0       0       0       0
      Locals:         0       2       0       0       0       0       0       0
      Temps:          0       5       0       0       0       0       0       0
      Totals:         0       9       0       0       0       0       0       0
Total ram usage:        9 bytes
 Hardware stack levels used:    1
 Hardware stack levels required when called:    2
 This function calls:
		___aldiv
 This function is called by:
		_XBee_Enable
 This function uses a non-reentrant model


 *************** function ___aldiv *****************
 Defined at:
		line 5 in file "C:\Program Files (x86)\Microchip\xc8\v1.20\sources\pic\aldiv.c"
 Parameters:    Size  Location     Type
  divisor         4   22[BANK0 ] long 
  dividend        4   26[BANK0 ] long 
 Auto vars:     Size  Location     Type
  quotient        4   33[BANK0 ] long 
  sign            1   32[BANK0 ] unsigned char 
  counter         1   31[BANK0 ] unsigned char 
 Return value:  Size  Location     Type
                  4   22[BANK0 ] long 
 Registers used:
		wreg, status,2, status,0
 Tracked objects:
		On entry : 
		On exit  : 
		Unchanged: 
 Data sizes:     COMMON   BANK0   BANK1   BANK2   BANK3   BANK4   BANK5   BANK6
      Params:         0       8       0       0       0       0       0       0
      Locals:         0       6       0       0       0       0       0       0
      Temps:          0       1       0       0       0       0       0       0
      Totals:         0      15       0       0       0       0       0       0
Total ram usage:       15 bytes
 Hardware stack levels used:    1
 Hardware stack levels required when called:    1
 This function calls:
		Nothing
 This function is called by:
		_main
		_UART_Init
		_GetOhms
 This function uses a non-reentrant model


 *************** function _sleep *****************
 Defined at:
		line 57 in file "timer.c"
 Parameters:    Size  Location     Type
  seconds         2    1[COMMON] unsigned short 
 Auto vars:     Size  Location     Type
  i               2    3[COMMON] int 
 Return value:  Size  Location     Type
		None               void
 Registers used:
		wreg, status,2, status,0
 Tracked objects:
		On entry : 
		On exit  : 
		Unchanged: 
 Data sizes:     COMMON   BANK0   BANK1   BANK2   BANK3   BANK4   BANK5   BANK6
      Params:         2       0       0       0       0       0       0       0
      Locals:         2       0       0       0       0       0       0       0
      Temps:          0       0       0       0       0       0       0       0
      Totals:         4       0       0       0       0       0       0       0
Total ram usage:        4 bytes
 Hardware stack levels used:    1
 Hardware stack levels required when called:    1
 This function calls:
		Nothing
 This function is called by:
		_main
		_XBee_Enable
 This function uses a non-reentrant model


 *************** function _CRC16_Generate *****************
 Defined at:
		line 66 in file "crc16.c"
 Parameters:    Size  Location     Type
  msg             1    wreg     PTR unsigned char 
		 -> packet_buffer(32), 
  len             2    0[BANK0 ] int 
 Auto vars:     Size  Location     Type
  msg             1    2[BANK0 ] PTR unsigned char 
		 -> packet_buffer(32), 
  i               2    3[BANK0 ] int 
 Return value:  Size  Location     Type
                  2    0[BANK0 ] unsigned short 
 Registers used:
		wreg, fsr1l, fsr1h, status,2, status,0, btemp+1, pclath, cstack
 Tracked objects:
		On entry : 
		On exit  : 
		Unchanged: 
 Data sizes:     COMMON   BANK0   BANK1   BANK2   BANK3   BANK4   BANK5   BANK6
      Params:         0       2       0       0       0       0       0       0
      Locals:         0       3       0       0       0       0       0       0
      Temps:          1       0       0       0       0       0       0       0
      Totals:         1       5       0       0       0       0       0       0
Total ram usage:        6 bytes
 Hardware stack levels used:    1
 Hardware stack levels required when called:    3
 This function calls:
		_CRC16_Init
		_CRC16_Update
 This function is called by:
		_SendReport
		_SendReceiverBroadcastRequest
 This function uses a non-reentrant model


 *************** function _CRC16_Update *****************
 Defined at:
		line 61 in file "crc16.c"
 Parameters:    Size  Location     Type
  val             1    wreg     unsigned char 
 Auto vars:     Size  Location     Type
  val             1   10[COMMON] unsigned char 
 Return value:  Size  Location     Type
		None               void
 Registers used:
		wreg, fsr1l, fsr1h, status,2, status,0, btemp+1, pclath, cstack
 Tracked objects:
		On entry : 
		On exit  : 
		Unchanged: 
 Data sizes:     COMMON   BANK0   BANK1   BANK2   BANK3   BANK4   BANK5   BANK6
      Params:         0       0       0       0       0       0       0       0
      Locals:         1       0       0       0       0       0       0       0
      Temps:          1       0       0       0       0       0       0       0
      Totals:         2       0       0       0       0       0       0       0
Total ram usage:        2 bytes
 Hardware stack levels used:    1
 Hardware stack levels required when called:    2
 This function calls:
		_CRC16_Update4Bits
 This function is called by:
		_CRC16_Generate
 This function uses a non-reentrant model


[...]
		 -> apiFrame(60), 
  len             2    2[COMMON] int 
  end_char        1    4[COMMON] const unsigned char 
 Auto vars:     Size  Location     Type
  _msg            1    6[COMMON] PTR  unsigned char 
		 -> apiFrame(60), 
  i               2    7[COMMON] int 
 Return value:  Size  Location     Type
		None               void
 Registers used:
		wreg, fsr1l, fsr1h, status,2, status,0, pclath, cstack
 Tracked objects:
		On entry : 
		On exit  : 
		Unchanged: 
 Data sizes:     COMMON   BANK0   BANK1   BANK2   BANK3   BANK4   BANK5   BANK6
      Params:         3       0       0       0       0       0       0       0
      Locals:         3       0       0       0       0       0       0       0
      Temps:          1       0       0       0       0       0       0       0
      Totals:         7       0       0       0       0       0       0       0
Total ram usage:        7 bytes
 Hardware stack levels used:    1
 Hardware stack levels required when called:    2
 This function calls:
		_UART_Transmit
 This function is called by:
		_XBAPI_Transmit
		_XBAPI_Command
		_XBee_Send
 This function uses a non-reentrant model


 *************** function _UART_Transmit *****************
 Defined at:
		line 17 in file "uart.c"
 Parameters:    Size  Location     Type
  c               1    wreg     volatile unsigned char 
 Auto vars:     Size  Location     Type
  c               1    1[COMMON] volatile unsigned char 
 Return value:  Size  Location     Type
		None               void
 Registers used:
		wreg
 Tracked objects:
		On entry : 
		On exit  : 
		Unchanged: 
 Data sizes:     COMMON   BANK0   BANK1   BANK2   BANK3   BANK4   BANK5   BANK6
      Params:         0       0       0       0       0       0       0       0
      Locals:         1       0       0       0       0       0       0       0
      Temps:          0       0       0       0       0       0       0       0
      Totals:         1       0       0       0       0       0       0       0
Total ram usage:        1 bytes
 Hardware stack levels used:    1
 Hardware stack levels required when called:    1
 This function calls:
		Nothing
 This function is called by:
		_UART_TransmitMsg
 This function uses a non-reentrant model


 *************** function _XBAPI_HandleFrame *****************
 Defined at:
		line 214 in file "xbee.c"
 Parameters:    Size  Location     Type
  expected        2   14[BANK0 ] int 
  do_tmo          2   16[BANK0 ] int 
 Auto vars:     Size  Location     Type
  packet          1   22[BANK0 ] PTR struct .
		 -> apiFrame(60), 
  received_len    2   23[BANK0 ] unsigned short 
  bytes_read      2   20[BANK0 ] int 
  tmo             4   25[BANK0 ] long 
 Return value:  Size  Location     Type
                  2   14[BANK0 ] int 
 Registers used:
		wreg, fsr0l, fsr0h, fsr1l, fsr1h, status,2, status,0, btemp+1, pclath, cstack
 Tracked objects:
		On entry : 
		On exit  : 
		Unchanged: 
 Data sizes:     COMMON   BANK0   BANK1   BANK2   BANK3   BANK4   BANK5   BANK6
      Params:         0       4       0       0       0       0       0       0
      Locals:         0       9       0       0       0       0       0       0
      Temps:          0       2       0       0       0       0       0       0
      Totals:         0      15       0       0       0       0       0       0
Total ram usage:       15 bytes
 Hardware stack levels used:    1
 Hardware stack levels required when called:    3
 This function calls:
		_UART_ReceiveMsgTmo
		_memcpy
 This function is called by:
		_main
		_XBAPI_Transmit
		_XBAPI_Command
 This function uses a non-reentrant model


 *************** function _memcpy *****************
 Defined at:
		line 13 in file "C:\Program Files (x86)\Microchip\xc8\v1.20\sources\common\memcpy.c"
 Parameters:    Size  Location     Type
  d1              2    1[COMMON] PTR void 
		 -> dest_address(8), apiFrame(60), 
  s1              2    3[COMMON] PTR const void 
		 -> packet_buffer(32), dest_address(8), apiFrame(60), 
  n               2    5[COMMON] unsigned int 
 Auto vars:     Size  Location     Type
  s               2   10[COMMON] PTR const unsigned char 
		 -> packet_buffer(32), dest_address(8), apiFrame(60), 
  d               2    8[COMMON] PTR unsigned char 
		 -> dest_address(8), apiFrame(60), 
 Return value:  Size  Location     Type
                  2    wreg      PTR void 
 Registers used:
		wreg, fsr1l, fsr1h, status,2, status,0
 Tracked objects:
		On entry : 
		On exit  : 
		Unchanged: 
 Data sizes:     COMMON   BANK0   BANK1   BANK2   BANK3   BANK4   BANK5   BANK6
      Params:         6       0       0       0       0       0       0       0
      Locals:         4       0       0       0       0       0       0       0
      Temps:          1       0       0       0       0       0       0       0
      Totals:        11       0       0       0       0       0       0       0
Total ram usage:       11 bytes
 Hardware stack levels used:    1
 Hardware stack levels required when called:    1
 This function calls:
		Nothing
 This function is called by:
		_XBAPI_Transmit
		_XBAPI_HandleFrame
 This function uses a non-reentrant model


 *************** function _UART_ReceiveMsgTmo *****************
 Defined at:
		line 70 in file "uart.c"
 Parameters:    Size  Location     Type
  msg             1    wreg     PTR unsigned char 
		 -> apiFrame(60), 
  len             2    0[BANK0 ] int 
  end_char        1    2[BANK0 ] unsigned char 
  tmo             4    3[BANK0 ] long 
 Auto vars:     Size  Location     Type
  msg             1    9[BANK0 ] PTR unsigned char 
		 -> apiFrame(60), 
  c               2   10[BANK0 ] short 
  i               2   12[BANK0 ] int 
 Return value:  Size  Location     Type
                  2    0[BANK0 ] int 
 Registers used:
		wreg, fsr1l, fsr1h, status,2, status,0, btemp+1, pclath, cstack
 Tracked objects:
		On entry : 
		On exit  : 
		Unchanged: 
 Data sizes:     COMMON   BANK0   BANK1   BANK2   BANK3   BANK4   BANK5   BANK6
      Params:         0       7       0       0       0       0       0       0
      Locals:         0       5       0       0       0       0       0       0
      Temps:          0       2       0       0       0       0       0       0
      Totals:         0      14       0       0       0       0       0       0
Total ram usage:       14 bytes
 Hardware stack levels used:    1
 Hardware stack levels required when called:    2
 This function calls:
		_UART_Receive
 This function is called by:
		_XBAPI_HandleFrame
		_UART_ReceiveMsg
 This function uses a non-reentrant model


 *************** function _UART_Receive *****************
 Defined at:
		line 43 in file "uart.c"
 Parameters:    Size  Location     Type
  tmo             4    1[COMMON] long 
 Auto vars:     Size  Location     Type
  i               4    7[COMMON] long 
 Return value:  Size  Location     Type
                  2    1[COMMON] short 
 Registers used:
		wreg, btemp+1
 Tracked objects:
		On entry : 
		On exit  : 
		Unchanged: 
 Data sizes:     COMMON   BANK0   BANK1   BANK2   BANK3   BANK4   BANK5   BANK6
      Params:         4       0       0       0       0       0       0       0
      Locals:         4       0       0       0       0       0       0       0
      Temps:          2       0       0       0       0       0       0       0
      Totals:        10       0       0       0       0       0       0       0
Total ram usage:       10 bytes
 Hardware stack levels used:    1
 Hardware stack levels required when called:    1
 This function calls:
		Nothing
 This function is called by:
		_UART_ReceiveMsgTmo
 This function uses a non-reentrant model


 *************** function _EEPROM_Write *****************
 Defined at:
		line 18 in file "eeprom.c"
 Parameters:    Size  Location     Type
  address         1    wreg     unsigned char 
  data            1    1[COMMON] PTR unsigned char 
		 -> intervalData(4), calibrationData(6), 
  length          2    2[COMMON] int 
 Auto vars:     Size  Location     Type
  address         1    5[COMMON] unsigned char 
  i               1    6[COMMON] unsigned char 
 Return value:  Size  Location     Type
		None               void
 Registers used:
		wreg, fsr1l, fsr1h, status,2, status,0
 Tracked objects:
		On entry : 
		On exit  : 
		Unchanged: 
 Data sizes:     COMMON   BANK0   BANK1   BANK2   BANK3   BANK4   BANK5   BANK6
      Params:         3       0       0       0       0       0       0       0
      Locals:         2       0       0       0       0       0       0       0
      Temps:          1       0       0       0       0       0       0       0
      Totals:         6       0       0       0       0       0       0       0
Total ram usage:        6 bytes
 Hardware stack levels used:    1
 Hardware stack levels required when called:    1
 This function calls:
		Nothing
 This function is called by:
		_main
 This function uses a non-reentrant model


 *************** function _memset *****************
 Defined at:
		line 10 in file "C:\Program Files (x86)\Microchip\xc8\v1.20\sources\common\memset.c"
 Parameters:    Size  Location     Type
  p1              1    wreg     PTR void 
		 -> calibrationData(6), 
  c               2    1[COMMON] int 
  n               2    3[COMMON] unsigned int 
 Auto vars:     Size  Location     Type
  p1              1    6[COMMON] PTR void 
		 -> calibrationData(6), 
  p               1    7[COMMON] PTR unsigned char 
		 -> calibrationData(6), 
 Return value:  Size  Location     Type
                  1    wreg      PTR void 
 Registers used:
		wreg, fsr1l, fsr1h, status,2, status,0
 Tracked objects:
		On entry : 
		On exit  : 
		Unchanged: 
 Data sizes:     COMMON   BANK0   BANK1   BANK2   BANK3   BANK4   BANK5   BANK6
      Params:         4       0       0       0       0       0       0       0
      Locals:         2       0       0       0       0       0       0       0
      Temps:          1       0       0       0       0       0       0       0
      Totals:         7       0       0       0       0       0       0       0
Total ram usage:        7 bytes
 Hardware stack levels used:    1
 Hardware stack levels required when called:    1
 This function calls:
		Nothing
 This function is called by:
		_main
 This function uses a non-reentrant model


 *************** function _EEPROM_Read *****************
 Defined at:
		line 6 in file "eeprom.c"
 Parameters:    Size  Location     Type
  address         1    wreg     unsigned char 
  data            1    1[COMMON] PTR unsigned char 
		 -> intervalData(4), calibrationData(6), 
  length          2    2[COMMON] int 
 Auto vars:     Size  Location     Type
  address         1    6[COMMON] unsigned char 
  i               1    7[COMMON] unsigned char 
 Return value:  Size  Location     Type
		None               void
 Registers used:
		wreg, fsr1l, fsr1h, status,2, status,0
 Tracked objects:
		On entry : 
		On exit  : 
		Unchanged: 
 Data sizes:     COMMON   BANK0   BANK1   BANK2   BANK3   BANK4   BANK5   BANK6
      Params:         3       0       0       0       0       0       0       0
      Locals:         2       0       0       0       0       0       0       0
      Temps:          2       0       0       0       0       0       0       0
      Totals:         7       0       0       0       0       0       0       0
Total ram usage:        7 bytes
 Hardware stack levels used:    1
 Hardware stack levels required when called:    1
 This function calls:
		Nothing
 This function is called by:
		_main
 This function uses a non-reentrant model


 *************** function _pulseLed *****************
 Defined at:
		line 32 in file "main.c"
 Parameters:    Size  Location     Type
  ticks           2    1[BANK0 ] int 
 Auto vars:     Size  Location     Type
		None
 Return value:  Size  Location     Type
		None               void
 Registers used:
		wreg, status,2, status,0, pclath, cstack
 Tracked objects:
		On entry : 
		On exit  : 
		Unchanged: 
 Data sizes:     COMMON   BANK0   BANK1   BANK2   BANK3   BANK4   BANK5   BANK6
      Params:         0       2       0       0       0       0       0       0
      Locals:         0       0       0       0       0       0       0       0
      Temps:          0       0       0       0       0       0       0       0
      Totals:         0       2       0       0       0       0       0       0
Total ram usage:        2 bytes
 Hardware stack levels used:    1
 Hardware stack levels required when called:    3
 This function calls:
		_timer1_poll_delay
 This function is called by:
		_main
 This function uses a non-reentrant model


 *************** function _timer1_poll_delay *****************
 Defined at:
		line 17 in file "timer.c"
 Parameters:    Size  Location     Type
  ticks           2    7[COMMON] unsigned short 
  division        2    9[COMMON] int 
 Auto vars:     Size  Location     Type
  tmr1_turned_    1    0[BANK0 ] unsigned char 
 Return value:  Size  Location     Type
		None               void
 Registers used:
		wreg, status,2, status,0, pclath, cstack
 Tracked objects:
		On entry : 
		On exit  : 
		Unchanged: 
 Data sizes:     COMMON   BANK0   BANK1   BANK2   BANK3   BANK4   BANK5   BANK6
      Params:         4       0       0       0       0       0       0       0
      Locals:         0       1       0       0       0       0       0       0
      Temps:          1       0       0       0       0       0       0       0
      Totals:         5       1       0       0       0       0       0       0
Total ram usage:        6 bytes
 Hardware stack levels used:    1
 Hardware stack levels required when called:    2
 This function calls:
		_Timer1_Init
		_Timer1_Disable
 This function is called by:
		_pulseLed
		_timer1_poll_delay_ms
		_ADC_ReadOne
 This function uses a non-reentrant model


 *************** function _Timer1_Disable *****************
 Defined at:
		line 67 in file "timer.c"
 Parameters:    Size  Location     Type
		None
 Auto vars:     Size  Location     Type
		None
 Return value:  Size  Location     Type
		None               void
 Registers used:
		None
 Tracked objects:
		On entry : 
		On exit  : 
		Unchanged: 
 Data sizes:     COMMON   BANK0   BANK1   BANK2   BANK3   BANK4   BANK5   BANK6
      Params:         0       0       0       0       0       0       0       0
      Locals:         0       0       0       0       0       0       0       0
      Temps:          0       0       0       0       0       0       0       0
      Totals:         0       0       0       0       0       0       0       0
Total ram usage:        0 bytes
 Hardware stack levels used:    1
 Hardware stack levels required when called:    1
 This function calls:
		Nothing
 This function is called by:
		_timer1_poll_delay
 This function uses a non-reentrant model


 *************** function _Timer1_Init *****************
 Defined at:
		line 5 in file "timer.c"
 Parameters:    Size  Location     Type
  tmr1cs          2    1[COMMON] int 
  t1ckps          2    3[COMMON] int 
 Auto vars:     Size  Location     Type
		None
 Return value:  Size  Location     Type
		None               void
 Registers used:
		wreg, status,2, status,0
 Tracked objects:
		On entry : 
		On exit  : 
		Unchanged: 
 Data sizes:     COMMON   BANK0   BANK1   BANK2   BANK3   BANK4   BANK5   BANK6
      Params:         4       0       0       0       0       0       0       0
      Locals:         0       0       0       0       0       0       0       0
      Temps:          1       0       0       0       0       0       0       0
      Totals:         5       0       0       0       0       0       0       0
Total ram usage:        5 bytes
 Hardware stack levels used:    1
 Hardware stack levels required when called:    1
 This function calls:
		Nothing
 This function is called by:
		_timer1_poll_delay
 This function uses a non-reentrant model


 *************** function _isr *****************
 Defined at:
		line 38 in file "main.c"
 Parameters:    Size  Location     Type
		None
 Auto vars:     Size  Location     Type
		None
 Return value:  Size  Location     Type
		None               void
 Registers used:
		None
 Tracked objects:
		On entry : 
		On exit  : 
		Unchanged: 
 Data sizes:     COMMON   BANK0   BANK1   BANK2   BANK3   BANK4   BANK5   BANK6
      Params:         0       0       0       0       0       0       0       0
      Locals:         0       0       0       0       0       0       0       0
      Temps:          1       0       0       0       0       0       0       0
      Totals:         1       0       0       0       0       0       0       0
Total ram usage:        1 bytes
 Hardware stack levels used:    1
 This function calls:
		Nothing
 This function is called by:
		Interrupt level 1
 This function uses a non-reentrant model



MODULE INFORMATION

Module		Function		Class		Link	Load	Size
packets.c
		_SendReport    		CODE           	0710	0000	78
		_SendReceiverBr		CODE           	0E4A	0000	34
		_SendPacket    		CODE           	0EBA	0000	40

packets.c estimated size: 152

uart.c
		_UART_Receive  		CODE           	05BA	0000	88
		_UART_Init     		CODE           	0FCB	0000	53
		_UART_ReceiveMs		CODE           	0669	0000	84
		_UART_TransmitM		CODE           	0F68	0000	49
		_UART_Transmit 		CODE           	0D4A	0000	9

uart.c estimated size: 283

C:\Program Files (x86)\Microchip\xc8\v1.20\sources\pic\awdiv.c
		___awdiv       		CODE           	06BD	0000	83

C:\Program Files (x86)\Microchip\xc8\v1.20\sources\pic\awdiv.c estimated size: 83

timer.c
		_timer1_poll_de		CODE           	0011	0000	65
		_Timer1_Init   		CODE           	0D6D	0000	22
		_Timer1_Disable		CODE           	0D30	0000	3
		_timer1_poll_de		CODE           	0DB3	0000	27
		_sleep         		CODE           	0D83	0000	24

timer.c estimated size: 141

xbee.c
		_XBAPI_HandleFr		CODE           	0287	0000	190
		_XBee_Enable   		CODE           	0E29	0000	33
		_XBAPI_Transmit		CODE           	04A2	0000	150
		_XBee_Wake     		CODE           	0612	0000	87
		_XBee_Disable  		CODE           	0D33	0000	3
		_XBee_Reset    		CODE           	0D9B	0000	24
		_XBAPI_Command 		CODE           	03F5	0000	173
		_swap_endian_32		CODE           	0345	0000	176
		_doChecksumVeri		CODE           	0E6C	0000	38
		_XBee_Sleep    		CODE           	07FD	0000	3
		_checksum      		CODE           	0E92	0000	40

xbee.c estimated size: 917

adc.c
		_ADC_Enable    		CODE           	0092	0000	64
		_ADC_Read      		CODE           	075E	0000	74
		_ADC_ReadOne   		CODE           	0F99	0000	50

adc.c estimated size: 188

shared
		__initializatio		CODE           	0F0D	0000	40
		__fptable      		CODE           	0100	0000	5

shared estimated size: 45

C:\Program Files (x86)\Microchip\xc8\v1.20\sources\pic\wmul.c
		___wmul        		CODE           	0DEB	0000	29

C:\Program Files (x86)\Microchip\xc8\v1.20\sources\pic\wmul.c estimated size: 29

eeprom.c
		_EEPROM_Read   		CODE           	0E08	0000	33
		_EEPROM_Write  		CODE           	0EE2	0000	43

eeprom.c estimated size: 76

main.c
		_main          		CODE           	0105	0000	386
		_pulseLed      		CODE           	07EC	0000	17
		_isr           		CODE           	0004	0000	11

main.c estimated size: 414

C:\Program Files (x86)\Microchip\xc8\v1.20\sources\common\memcpy.c
		_memcpy        		CODE           	00D2	0000	45

C:\Program Files (x86)\Microchip\xc8\v1.20\sources\common\memcpy.c estimated size: 45

C:\Program Files (x86)\Microchip\xc8\v1.20\sources\pic\aldiv.c
		___aldiv       		CODE           	0538	0000	130

C:\Program Files (x86)\Microchip\xc8\v1.20\sources\pic\aldiv.c estimated size: 130

crc16.c
		_CRC16_Update  		CODE           	0D5D	0000	16
		_CRC16_Update4B		CODE           	07A8	0000	68
		_CRC16_Generate		CODE           	0F38	0000	48
		_CRC16_Init    		CODE           	0D53	0000	10

crc16.c estimated size: 142

C:\Program Files (x86)\Microchip\xc8\v1.20\sources\common\memset.c
		_memset        		CODE           	0DCE	0000	29

C:\Program Files (x86)\Microchip\xc8\v1.20\sources\common\memset.c estimated size: 29

