Microchip MPLAB XC8 Compiler V1.20 ()

Linker command line:

--edf=C:\Program Files (x86)\Microchip\xc8\v1.20\dat\en_msgs.txt -cs \
  -h+dist/default/production\temp_sensor.production.sym \
  --cmf=dist/default/production\temp_sensor.production.cmf -z -Q16LF1783 \
  -oC:\Users\Kent\AppData\Local\Temp\s484.6 \
  -Mdist/default/production/temp_sensor.production.map -E1 -ver=XC8 \
  -ACONST=00h-0FFhx16 -ACODE=00h-07FFhx2 -ASTRCODE=00h-0FFFh \
  -AENTRY=00h-0FFhx16 -ASTRING=00h-0FFhx16 -ACOMMON=070h-07Fh \
  -ABANK0=020h-06Fh -ABANK1=0A0h-0EFh -ABANK2=0120h-016Fh \
  -ABANK3=01A0h-01EFh -ABANK4=0220h-026Fh -ABANK5=02A0h-02EFh \
  -ABANK6=0320h-032Fh -ABIGRAM=02000h-021EFh \
  -ARAM=020h-06Fh,0A0h-0EFh,0120h-016Fh,01A0h-01EFh,0220h-026Fh,02A0h-02EFh,0320h-032Fh \
  -AABS1=020h-07Fh,0A0h-0EFh,0120h-016Fh,01A0h-01EFh,0220h-026Fh,02A0h-02EFh,0320h-032Fh \
  -ASFR0=00h-01Fh -ASFR1=080h-09Fh -ASFR2=0100h-011Fh -ASFR3=0180h-019Fh \
  -ASFR4=0200h-021Fh -ASFR5=0280h-029Fh -ASFR6=0300h-031Fh \
  -ASFR7=0380h-03EFh -ASFR8=0400h-046Fh -ASFR9=0480h-04EFh \
  -ASFR10=0500h-056Fh -ASFR11=0580h-05EFh -ASFR12=0600h-066Fh \
  -ASFR13=0680h-06EFh -ASFR14=0700h-076Fh -ASFR15=0780h-07EFh \
  -ASFR16=0800h-086Fh -ASFR17=0880h-08EFh -ASFR18=0900h-096Fh \
  -ASFR19=0980h-09EFh -ASFR20=0A00h-0A6Fh -ASFR21=0A80h-0AEFh \
  -ASFR22=0B00h-0B6Fh -ASFR23=0B80h-0BEFh -ASFR24=0C00h-0C6Fh \
  -ASFR25=0C80h-0CEFh -ASFR26=0D00h-0D6Fh -ASFR27=0D80h-0DEFh \
  -ASFR28=0E00h-0E6Fh -ASFR29=0E80h-0EEFh -ASFR30=0F00h-0F6Fh \
  -ASFR31=0F80h-0FEFh -preset_vec=00h,intentry=04h,init,end_init \
  -ppowerup=CODE -pfunctab=CODE -ACONFIG=08007h-08008h -pconfig=CONFIG \
  -DCONFIG=2 -AIDLOC=08000h-08003h -pidloc=IDLOC -DIDLOC=2 \
  -AEEDATA=00h-0FFh/0F000h -peeprom_data=EEDATA -DEEDATA=2 -DCODE=2 \
  -DSTRCODE=2 -DSTRING=2 -DCONST=2 -DENTRY=2 -k \
  C:\Users\Kent\AppData\Local\Temp\s484.obj \
  dist/default/production\temp_sensor.production.obj 

Object code version is 3.11

Machine type is 16LF1783



                Name                               Link     Load   Length Selector   Space Scale
C:\Users\Kent\AppData\Local\Temp\s484.obj
                end_init                              F        F        2        8       0
                reset_vec                             0        0        2        0       0
                config                             8007     8007        2    1000E       0
dist/default/production\temp_sensor.production.obj
                intentry                              4        4        B        8       0
                text39                              E03      E03       16     1C06       0
                text38                              DA5      DA5        3     1B4A       0
                text37                              6CE      6CE       40        8       0
                text36                              DDD      DDD       11     1BBA       0
                text35                              EC4      EC4       21     1D88       0
                text34                              E4C      E4C       1D     1C98       0
                text33                              F7B      F7B       2B     1EF6       0
                text32                              45C      45C       58        8       0
                text31                              50A      50A       54        8       0
                text30                              FA6      FA6       2D     1F4C       0
                text29                              129      129       BE        8       0
                text28                              DBA      DBA        9     1B74       0
                text27                              7A8      7A8       31        8       0
                text26                              F2B      F2B       28     1E56       0
                text25                              7D9      7D9       26        8       0
                text24                              1E7      1E7       B0        8       0
                text23                              297      297       AD        8       0
                text22                              68E      68E       40        8       0
                text21                              DC3      DC3        A     1B86       0
                text20                              64B      64B       43        8       0
                text19                              DCD      DCD       10     1B9A       0
                text18                              FD3      FD3       2D     1FA6       0
                text17                              E19      E19       18     1C32       0
                text16                              3DA      3DA       82        8       0
                text15                              70E      70E       35        8       0
                text14                              E86      E86       1E     1D0C       0
                text13                              DA8      DA8        3     1B50       0
                text12                              E69      E69       1D     1CD2       0
                text11                              E31      E31       1B     1C62       0
                text10                              DEE      DEE       15     1BDC       0
                text9                               344      344       96        8       0
                text8                               F07      F07       24     1E0E       0
                text7                               EE5      EE5       22     1DCA       0
                text6                               776      776       32        8       0
                text5                               55E      55E       53        8       0
                text4                               600      600       4B        8       0
                text3                               4B4      4B4       56        8       0
                text2                               5B1      5B1       4F        8       0
                text1                               DAB      DAB        3     1B56       0
                maintext                             11       11      118        8       0
                cstackBANK0                          20       20       3E       20       1
                cstackCOMMON                         70       70        C       70       1
                inittext                            DAE      DAE        6     1B5C       0
                clrtext                             DB4      DB4        6     1B68       0
                dataBANK3                           1A0      1A0       20      1A0       1
                bssBANK2                            120      120       3C      120       1
                dataBANK1                            A0       A0       28       A0       1
                bssBANK1                             C8       C8       26       A0       1
                bssBANK0                             5E       5E       11       20       1
                bssCOMMON                            7C       7C        1       70       1
                cinit                               743      743       33        8       0
                idataBANK3                          EA4      EA4       20     1D48       0
                idataBANK1                          F53      F53       28     1EA6       0

TOTAL           Name                               Link     Load   Length     Space
        CLASS   CONST          

        CLASS   CODE           
                end_init                              F        F        2         0
                intentry                              4        4        B         0
                reset_vec                             0        0        2         0
                text39                              E03      E03       16         0
                text38                              DA5      DA5        3         0
                text37                              6CE      6CE       40         0
                text36                              DDD      DDD       11         0
                text35                              EC4      EC4       21         0
                text34                              E4C      E4C       1D         0
                text33                              F7B      F7B       2B         0
                text32                              45C      45C       58         0
                text31                              50A      50A       54         0
                text30                              FA6      FA6       2D         0
                text29                              129      129       BE         0
                text28                              DBA      DBA        9         0
                text27                              7A8      7A8       31         0
                text26                              F2B      F2B       28         0
                text25                              7D9      7D9       26         0
                text24                              1E7      1E7       B0         0
                text23                              297      297       AD         0
                text22                              68E      68E       40         0
                text21                              DC3      DC3        A         0
                text20                              64B      64B       43         0
                text19                              DCD      DCD       10         0
                text18                              FD3      FD3       2D         0
                text17                              E19      E19       18         0
                text16                              3DA      3DA       82         0
                text15                              70E      70E       35         0
                text14                              E86      E86       1E         0
                text13                              DA8      DA8        3         0
                text12                              E69      E69       1D         0
                text11                              E31      E31       1B         0
                text10                              DEE      DEE       15         0
                text9                               344      344       96         0
                text8                               F07      F07       24         0
                text7                               EE5      EE5       22         0
                text6                               776      776       32         0
                text5                               55E      55E       53         0
                text4                               600      600       4B         0
                text3                               4B4      4B4       56         0
                text2                               5B1      5B1       4F         0
                text1                               DAB      DAB        3         0
                maintext                             11       11      118         0
                inittext                            DAE      DAE        6         0
                clrtext                             DB4      DB4        6         0
                cinit                               743      743       33         0
                idataBANK3                          EA4      EA4       20         0
                idataBANK1                          F53      F53       28         0

        CLASS   STRCODE        

        CLASS   ENTRY          

        CLASS   STRING         

        CLASS   COMMON         
                cstackCOMMON                         70       70        C         1
                bssCOMMON                            7C       7C        1         1

        CLASS   BANK0          
                cstackBANK0                          20       20       3E         1
                bssBANK0                             5E       5E       11         1

        CLASS   BANK1          
                dataBANK1                            A0       A0       28         1
                bssBANK1                             C8       C8       26         1

        CLASS   BANK2          
                bssBANK2                            120      120       3C         1

        CLASS   BANK3          
                dataBANK3                           1A0      1A0       20         1

        CLASS   BANK4          

        CLASS   BANK5          

        CLASS   BANK6          

        CLASS   BIGRAM         

        CLASS   RAM            

        CLASS   ABS1           
                abs_s1                               7E       7E        2         1

        CLASS   SFR0           

        CLASS   SFR1           

        CLASS   SFR2           

        CLASS   SFR3           

        CLASS   SFR4           

        CLASS   SFR5           

        CLASS   SFR6           

        CLASS   SFR7           

        CLASS   SFR8           

        CLASS   SFR9           

        CLASS   SFR10          

        CLASS   SFR11          

        CLASS   SFR12          

        CLASS   SFR13          

        CLASS   SFR14          

        CLASS   SFR15          

        CLASS   SFR16          

        CLASS   SFR17          

        CLASS   SFR18          

        CLASS   SFR19          

        CLASS   SFR20          

        CLASS   SFR21          

        CLASS   SFR22          

        CLASS   SFR23          

        CLASS   SFR24          

        CLASS   SFR25          

        CLASS   SFR26          

        CLASS   SFR27          

        CLASS   SFR28          

        CLASS   SFR29          

        CLASS   SFR30          

        CLASS   SFR31          

        CLASS   CONFIG         
                config                             8007     8007        2         0

        CLASS   IDLOC          

        CLASS   EEDATA         

        CLASS   BANK31         

        CLASS   BANK30         

        CLASS   BANK29         

        CLASS   BANK28         

        CLASS   BANK27         

        CLASS   BANK26         

        CLASS   BANK25         

        CLASS   BANK24         

        CLASS   BANK23         

        CLASS   BANK22         

        CLASS   BANK21         

        CLASS   BANK20         

        CLASS   BANK19         

        CLASS   BANK18         

        CLASS   BANK17         

        CLASS   BANK16         

        CLASS   BANK15         

        CLASS   BANK14         

        CLASS   BANK13         

        CLASS   BANK12         

        CLASS   BANK11         

        CLASS   BANK10         

        CLASS   BANK9          

        CLASS   BANK8          

        CLASS   BANK7          



SEGMENTS        Name                           Load    Length   Top    Selector   Space  Class     Delta

                reset_vec                      000000  000002  000002         0       0  CODE        2
                intentry                       000004  0007FB  0007FF         8       0  CODE        2
                cstackBANK0                    000020  00004F  00006F        20       1  BANK0       1
                cstackCOMMON                   000070  00000D  00007D        70       1  COMMON      1
                dataBANK1                      0000A0  00004E  0000EE        A0       1  BANK1       1
                bssBANK2                       000120  00003C  00015C       120       1  BANK2       1
                dataBANK3                      0001A0  000020  0001C0       1A0       1  BANK3       1
                text38                         000DA5  000003  000DA8      1B4A       0  CODE        2
                text13                         000DA8  000003  000DAB      1B50       0  CODE        2
                text1                          000DAB  000003  000DAE      1B56       0  CODE        2
                inittext                       000DAE  000006  000DB4      1B5C       0  CODE        2
                clrtext                        000DB4  000006  000DBA      1B68       0  CODE        2
                text28                         000DBA  000009  000DC3      1B74       0  CODE        2
                text21                         000DC3  00000A  000DCD      1B86       0  CODE        2
                text19                         000DCD  000010  000DDD      1B9A       0  CODE        2
                text36                         000DDD  000011  000DEE      1BBA       0  CODE        2
                text10                         000DEE  000015  000E03      1BDC       0  CODE        2
                text39                         000E03  000016  000E19      1C06       0  CODE        2
                text17                         000E19  000018  000E31      1C32       0  CODE        2
                text11                         000E31  00001B  000E4C      1C62       0  CODE        2
                text34                         000E4C  00001D  000E69      1C98       0  CODE        2
                text12                         000E69  00001D  000E86      1CD2       0  CODE        2
                text14                         000E86  00001E  000EA4      1D0C       0  CODE        2
                idataBANK3                     000EA4  000020  000EC4      1D48       0  CODE        2
                text35                         000EC4  000021  000EE5      1D88       0  CODE        2
                text7                          000EE5  000022  000F07      1DCA       0  CODE        2
                text8                          000F07  000024  000F2B      1E0E       0  CODE        2
                text26                         000F2B  000028  000F53      1E56       0  CODE        2
                idataBANK1                     000F53  000028  000F7B      1EA6       0  CODE        2
                text33                         000F7B  00002B  000FA6      1EF6       0  CODE        2
                text30                         000FA6  00002D  000FD3      1F4C       0  CODE        2
                text18                         000FD3  00002D  001000      1FA6       0  CODE        2
                config                         008007  000002  008009     1000E       0  CONFIG      2


UNUSED ADDRESS RANGES

        Name                Unused          Largest block    Delta
        BANK0            0006F-0006F               1           1
        BANK1            000EE-000EF               2           1
        BANK2            0015C-0016F              14           1
        BANK3            001C0-001EF              30           1
        BANK4            00220-0026F              50           1
        BANK5            002A0-002EF              50           1
        BANK6            00320-0032F              10           1
        BIGRAM           02000-021EF             1F0           1
        CODE             00002-00003               2           2
                         007FF-00DA4               1
        COMMON           0007D-0007D               1           1
        CONST            00002-00003               2           2
                         007FF-00DA4             100
        EEDATA           0F000-0F0FF             100           2
        ENTRY            00002-00003               2           2
                         007FF-00DA4             100
        IDLOC            08000-08003               4           2
        RAM              0006F-0006F               1           1
                         000EE-000EF               2
                         0015C-0016F              14
                         001C0-001EF              30
                         00220-0026F              50
                         002A0-002EF              50
                         00320-0032F              10
        SFR0             00000-0001F              20           1
        SFR1             00080-0009F              20           1
        SFR10            00500-0056F              70           1
        SFR11            00580-005EF              70           1
        SFR12            00600-0066F              70           1
        SFR13            00680-006EF              70           1
        SFR14            00700-0076F              70           1
        SFR15            00780-007EF              70           1
        SFR16            00800-0086F              70           1
        SFR17            00880-008EF              70           1
        SFR18            00900-0096F              70           1
        SFR19            00980-009EF              70           1
        SFR2             00100-0011F              20           1
        SFR20            00A00-00A6F              70           1
        SFR21            00A80-00AEF              70           1
        SFR22            00B00-00B6F              70           1
        SFR23            00B80-00BEF              70           1
        SFR24            00C00-00C6F              70           1
        SFR25            00C80-00CEF              70           1
        SFR26            00D00-00D6F              70           1
        SFR27            00D80-00DEF              70           1
        SFR28            00E00-00E6F              70           1
        SFR29            00E80-00EEF              70           1
        SFR3             00180-0019F              20           1
        SFR30            00F00-00F6F              70           1
        SFR31            00F80-00FEF              70           1
        SFR4             00200-0021F              20           1
        SFR5             00280-0029F              20           1
        SFR6             00300-0031F              20           1
        SFR7             00380-003EF              70           1
        SFR8             00400-0046F              70           1
        SFR9             00480-004EF              70           1
        STRCODE          00002-00003               2           2
                         007FF-00DA4             5A6
        STRING           00002-00003               2           2
                         007FF-00DA4             100

                                  Symbol Table

?_ADC_Enable                           cstackCOMMON 00071
?_ADC_Read                             cstackBANK0  00027
?_ADC_ReadOne                          cstackBANK0  00021
?_CRC16_Generate                       cstackBANK0  00020
?_EEPROM_Read                          cstackCOMMON 00071
?_EEPROM_Write                         cstackCOMMON 00071
?_SendReport                           cstackBANK0  0004C
?_Timer1_Init                          cstackCOMMON 00071
?_UART_Init                            cstackBANK0  00026
?_UART_Receive                         cstackCOMMON 00071
?_UART_ReceiveMsgTmo                   cstackBANK0  00020
?_UART_TransmitMsg                     cstackCOMMON 00072
?_XBAPI_Command                        cstackBANK0  0003D
?_XBAPI_HandleFrame                    cstackBANK0  0002E
?_XBAPI_Transmit                       cstackBANK0  0003D
?_XBee_Enable                          cstackBANK0  0002D
?___aldiv                              cstackCOMMON 00071
?___awdiv                              cstackCOMMON 00071
?___wmul                               cstackCOMMON 00071
?_checksum                             cstackCOMMON 00071
?_doChecksumVerify                     cstackCOMMON 00071
?_memcpy                               cstackCOMMON 00071
?_memset                               cstackCOMMON 00071
?_pulseLed                             cstackBANK0  00021
?_sleep                                cstackCOMMON 00071
?_swap_endian_32                       cstackCOMMON 00071
?_timer1_poll_delay                    cstackCOMMON 00077
?_timer1_poll_delay_ms                 cstackBANK0  00021
ADC_Enable@port_pin                    cstackCOMMON 00071
ADC_Enable@select                      cstackCOMMON 00074
ADC_Read@channel                       cstackBANK0  00033
ADC_Read@i                             cstackBANK0  00036
ADC_Read@res                           cstackBANK0  0002B
ADC_Read@sum                           cstackBANK0  00034
ADC_ReadOne@channel                    cstackBANK0  00024
ADC_ReadOne@result                     cstackBANK0  00025
CRC16_Generate@i                       cstackBANK0  00023
CRC16_Generate@len                     cstackBANK0  00020
CRC16_Generate@msg                     cstackBANK0  00022
CRC16_Update4Bits@t                    cstackCOMMON 00078
CRC16_Update4Bits@val                  cstackCOMMON 00077
CRC16_Update@val                       cstackCOMMON 0007A
EEPROM_Read@address                    cstackCOMMON 00076
EEPROM_Read@data                       cstackCOMMON 00071
EEPROM_Read@i                          cstackCOMMON 00077
EEPROM_Read@length                     cstackCOMMON 00072
EEPROM_Write@address                   cstackCOMMON 00075
EEPROM_Write@data                      cstackCOMMON 00071
EEPROM_Write@i                         cstackCOMMON 00076
EEPROM_Write@length                    cstackCOMMON 00072
SendPacket@packet                      cstackBANK0  0004A
SendPacket@status                      cstackBANK0  0004B
SendReport@thermBeta                   cstackBANK0  00050
SendReport@thermRes25C                 cstackBANK0  0004E
SendReport@thermistorResistance        cstackBANK0  0004C
SendReport@topResValue                 cstackBANK0  00052
Timer1_Init@t1ckps                     cstackCOMMON 00073
Timer1_Init@tmr1cs                     cstackCOMMON 00071
UART_Init@baud                         cstackBANK0  00026
UART_Init@spbrg                        cstackCOMMON 0007A
UART_Receive@i                         cstackCOMMON 00077
UART_Receive@tmo                       cstackCOMMON 00071
UART_ReceiveMsgTmo@c                   cstackBANK0  0002A
UART_ReceiveMsgTmo@end_char            cstackBANK0  00022
UART_ReceiveMsgTmo@i                   cstackBANK0  0002C
UART_ReceiveMsgTmo@len                 cstackBANK0  00020
UART_ReceiveMsgTmo@msg                 cstackBANK0  00029
UART_ReceiveMsgTmo@tmo                 cstackBANK0  00023
UART_Transmit@c                        cstackCOMMON 00071
UART_TransmitMsg@_msg                  cstackCOMMON 00076
UART_TransmitMsg@end_char              cstackCOMMON 00074
UART_TransmitMsg@i                     cstackCOMMON 00077
UART_TransmitMsg@len                   cstackCOMMON 00072
XBAPI_Command@atCmdLength              cstackBANK0  0004D
XBAPI_Command@check                    cstackBANK0  0004A
XBAPI_Command@command                  cstackBANK0  0003D
XBAPI_Command@data                     cstackBANK0  0003F
XBAPI_Command@data_valid               cstackBANK0  00045
XBAPI_Command@id                       cstackBANK0  00043
XBAPI_HandleFrame@bytes_read           cstackBANK0  00034
XBAPI_HandleFrame@do_tmo               cstackBANK0  00030
XBAPI_HandleFrame@expected             cstackBANK0  0002E
XBAPI_HandleFrame@packet               cstackBANK0  00036
XBAPI_HandleFrame@received_length      cstackBANK0  00037
XBAPI_HandleFrame@tmo                  cstackBANK0  00039
XBAPI_Transmit@address                 cstackBANK0  00043
XBAPI_Transmit@data                    cstackBANK0  0003D
XBAPI_Transmit@error                   cstackBANK0  00046
XBAPI_Transmit@id                      cstackBANK0  00040
XBAPI_Transmit@length                  cstackBANK0  0003E
XBee_Enable@baud                       cstackBANK0  0002D
XBee_Wake@i                            cstackBANK0  0002F
_ADCON0bits                            (abs)        0009D
_ADCON1bits                            (abs)        0009E
_ADC_Enable                            text22       0068E
_ADC_Read                              text4        00600
_ADC_ReadOne                           text6        00776
_ADRES                                 (abs)        0009B
_ANSELA                                (abs)        0018C
_ANSELB                                (abs)        0018D
_CRC16_Generate                        text18       00FD3
_CRC16_High                            bssCOMMON    0007C
_CRC16_Init                            text21       00DC3
_CRC16_LookupHigh                      dataBANK1    000A0
_CRC16_LookupLow                       dataBANK3    001A0
_CRC16_Low                             bssBANK0     00066
_CRC16_Reg                             bssBANK0     0005E
_CRC16_Update                          text19       00DCD
_CRC16_Update4Bits                     text20       0064B
_EEADRL                                (abs)        00191
_EECON1bits                            (abs)        00195
_EECON2                                (abs)        00196
_EEDATL                                (abs)        00193
_EEPROM_Read                           text35       00EC4
_EEPROM_Write                          text33       00F7B
_OSCSTATbits                           (abs)        0009A
_PIR1bits                              (abs)        00011
_PIR2bits                              (abs)        00012
_PORTBbits                             (abs)        0000D
_PORTCbits                             (abs)        0000E
_RC1REG                                (abs)        00199
_RC1STAbits                            (abs)        0019D
_SPBRG                                 (abs)        0019B
_SWDTEN                                (abs)        004B8
_SendPacket                            text8        00F07
_SendReceiverBroadcastRequest          text7        00EE5
_SendReport                            text2        005B1
_T1CONbits                             (abs)        00018
_T1GCONbits                            (abs)        00019
_TMR1                                  (abs)        00016
_TRISA                                 (abs)        0008C
_TRISB                                 (abs)        0008D
_TRISC                                 (abs)        0008E
_TX1REG                                (abs)        0019A
_TX1STAbits                            (abs)        0019E
_TXSTAbits                             (abs)        0019E
_Timer1_Disable                        text38       00DA5
_Timer1_Init                           text39       00E03
_UART_Init                             text15       0070E
_UART_Receive                          text32       0045C
_UART_ReceiveMsgTmo                    text31       0050A
_UART_Transmit                         text28       00DBA
_UART_TransmitMsg                      text27       007A8
_WDTCONbits                            (abs)        00097
_XBAPI_Command                         text23       00297
_XBAPI_Command$876                     cstackBANK0  0004B
_XBAPI_HandleFrame                     text29       00129
_XBAPI_Transmit                        text9        00344
_XBAPI_Transmit$864                    cstackBANK0  00044
_XBee_Disable                          text13       00DA8
_XBee_Enable                           text14       00E86
_XBee_Reset                            text10       00DEE
_XBee_Sleep                            text1        00DAB
_XBee_Wake                             text3        004B4
__CFG_FOSC$HS                          (abs)        00000
__CFG_LVP$OFF                          (abs)        00000
__CFG_PLLEN$OFF                        (abs)        00000
__CFG_WDTE$SWDTEN                      (abs)        00000
__Habs1                                abs1         00000
__Hbank0                               bank0        00000
__Hbank1                               bank1        00000
__Hbank10                              bank10       00000
__Hbank11                              bank11       00000
__Hbank12                              bank12       00000
__Hbank13                              bank13       00000
__Hbank14                              bank14       00000
__Hbank15                              bank15       00000
__Hbank16                              bank16       00000
__Hbank17                              bank17       00000
__Hbank18                              bank18       00000
__Hbank19                              bank19       00000
__Hbank2                               bank2        00000
__Hbank20                              bank20       00000
__Hbank21                              bank21       00000
__Hbank22                              bank22       00000
__Hbank23                              bank23       00000
__Hbank24                              bank24       00000
__Hbank25                              bank25       00000
__Hbank26                              bank26       00000
__Hbank27                              bank27       00000
__Hbank28                              bank28       00000
__Hbank29                              bank29       00000
__Hbank3                               bank3        00000
__Hbank30                              bank30       00000
__Hbank31                              bank31       00000
__Hbank4                               bank4        00000
__Hbank5                               bank5        00000
__Hbank6                               bank6        00000
__Hbank7                               bank7        00000
__Hbank8                               bank8        00000
__Hbank9                               bank9        00000
__Hbigram                              bigram       00000
__HbssBANK0                            bssBANK0     00000
__HbssBANK1                            bssBANK1     00000
__HbssBANK2                            bssBANK2     00000
__HbssCOMMON                           bssCOMMON    00000
__Hcinit                               cinit        00000
__Hclrtext                             clrtext      00000
__Hcode                                code         00000
__Hcommon                              common       00000
__Hconfig                              config       08009
__HcstackBANK0                         cstackBANK0  00000
__HcstackCOMMON                        cstackCOMMON 00000
__HdataBANK1                           dataBANK1    00000
__HdataBANK3                           dataBANK3    00000
__Heeprom_data                         eeprom_data  00000
__Hend_init                            end_init     00011
__Hfunctab                             functab      00000
__HidataBANK1                          idataBANK1   00000
__HidataBANK3                          idataBANK3   00000
__Hidloc                               idloc        00000
__Hinit                                init         0000F
__Hinittext                            inittext     00000
__Hintentry                            intentry     0000F
__Hmaintext                            maintext     00000
__Hpowerup                             powerup      00000
__Hram                                 ram          00000
__Hreset_vec                           reset_vec    00002
__Hsfr0                                sfr0         00000
__Hsfr1                                sfr1         00000
__Hsfr10                               sfr10        00000
__Hsfr11                               sfr11        00000
__Hsfr12                               sfr12        00000
__Hsfr13                               sfr13        00000
__Hsfr14                               sfr14        00000
__Hsfr15                               sfr15        00000
__Hsfr16                               sfr16        00000
__Hsfr17                               sfr17        00000
__Hsfr18                               sfr18        00000
__Hsfr19                               sfr19        00000
__Hsfr2                                sfr2         00000
__Hsfr20                               sfr20        00000
__Hsfr21                               sfr21        00000
__Hsfr22                               sfr22        00000
__Hsfr23                               sfr23        00000
__Hsfr24                               sfr24        00000
__Hsfr25                               sfr25        00000
__Hsfr26                               sfr26        00000
__Hsfr27                               sfr27        00000
__Hsfr28                               sfr28        00000
__Hsfr29                               sfr29        00000
__Hsfr3                                sfr3         00000
__Hsfr30                               sfr30        00000
__Hsfr31                               sfr31        00000
__Hsfr4                                sfr4         00000
__Hsfr5                                sfr5         00000
__Hsfr6                                sfr6         00000
__Hsfr7                                sfr7         00000
__Hsfr8                                sfr8         00000
__Hsfr9                                sfr9         00000
__Hstrings                             strings      00000
__Htext                                text         00000
__Labs1                                abs1         00000
__Lbank0                               bank0        00000
__Lbank1                               bank1        00000
__Lbank10                              bank10       00000
__Lbank11                              bank11       00000
__Lbank12                              bank12       00000
__Lbank13                              bank13       00000
__Lbank14                              bank14       00000
__Lbank15                              bank15       00000
__Lbank16                              bank16       00000
__Lbank17                              bank17       00000
__Lbank18                              bank18       00000
__Lbank19                              bank19       00000
__Lbank2                               bank2        00000
__Lbank20                              bank20       00000
__Lbank21                              bank21       00000
__Lbank22                              bank22       00000
__Lbank23                              bank23       00000
__Lbank24                              bank24       00000
__Lbank25                              bank25       00000
__Lbank26                              bank26       00000
__Lbank27                              bank27       00000
__Lbank28                              bank28       00000
__Lbank29                              bank29       00000
__Lbank3                               bank3        00000
__Lbank30                              bank30       00000
__Lbank31                              bank31       00000
__Lbank4                               bank4        00000
__Lbank5                               bank5        00000
__Lbank6                               bank6        00000
__Lbank7                               bank7        00000
__Lbank8                               bank8        00000
__Lbank9                               bank9        00000
__Lbigram                              bigram       00000
__LbssBANK0                            bssBANK0     00000
__LbssBANK1                            bssBANK1     00000
__LbssBANK2                            bssBANK2     00000
__LbssCOMMON                           bssCOMMON    00000
__Lcinit                               cinit        00000
__Lclrtext                             clrtext      00000
__Lcode                                code         00000
__Lcommon                              common       00000
__Lconfig                              config       08007
__LcstackBANK0                         cstackBANK0  00000
__LcstackCOMMON                        cstackCOMMON 00000
__LdataBANK1                           dataBANK1    00000
__LdataBANK3                           dataBANK3    00000
__Leeprom_data                         eeprom_data  00000
__Lend_init                            end_init     0000F
__Lfunctab                             functab      00000
__LidataBANK1                          idataBANK1   00000
__LidataBANK3                          idataBANK3   00000
__Lidloc                               idloc        00000
__Linit                                init         0000F
__Linittext                            inittext     00000
__Lintentry                            intentry     00004
__Lmaintext                            maintext     00000
__Lpowerup                             powerup      00000
__Lram                                 ram          00000
__Lreset_vec                           reset_vec    00000
__Lsfr0                                sfr0         00000
__Lsfr1                                sfr1         00000
__Lsfr10                               sfr10        00000
__Lsfr11                               sfr11        00000
__Lsfr12                               sfr12        00000
__Lsfr13                               sfr13        00000
__Lsfr14                               sfr14        00000
__Lsfr15                               sfr15        00000
__Lsfr16                               sfr16        00000
__Lsfr17                               sfr17        00000
__Lsfr18                               sfr18        00000
__Lsfr19                               sfr19        00000
__Lsfr2                                sfr2         00000
__Lsfr20                               sfr20        00000
__Lsfr21                               sfr21        00000
__Lsfr22                               sfr22        00000
__Lsfr23                               sfr23        00000
__Lsfr24                               sfr24        00000
__Lsfr25                               sfr25        00000
__Lsfr26                               sfr26        00000
__Lsfr27                               sfr27        00000
__Lsfr28                               sfr28        00000
__Lsfr29                               sfr29        00000
__Lsfr3                                sfr3         00000
__Lsfr30                               sfr30        00000
__Lsfr31                               sfr31        00000
__Lsfr4                                sfr4         00000
__Lsfr5                                sfr5         00000
__Lsfr6                                sfr6         00000
__Lsfr7                                sfr7         00000
__Lsfr8                                sfr8         00000
__Lsfr9                                sfr9         00000
__Lstrings                             strings      00000
__Ltext                                text         00000
__S0                                   (abs)        08009
__S1                                   (abs)        001C0
__S3                                   (abs)        00000
___aldiv                               text16       003DA
___aldiv@counter                       cstackBANK0  00020
___aldiv@dividend                      cstackCOMMON 00075
___aldiv@divisor                       cstackCOMMON 00071
___aldiv@quotient                      cstackBANK0  00022
___aldiv@sign                          cstackBANK0  00021
___awdiv                               text5        0055E
___awdiv@counter                       cstackCOMMON 00076
___awdiv@dividend                      cstackCOMMON 00073
___awdiv@divisor                       cstackCOMMON 00071
___awdiv@quotient                      cstackCOMMON 00078
___awdiv@sign                          cstackCOMMON 00077
___latbits                             (abs)        00001
___wmul                                text12       00E69
___wmul@multiplicand                   cstackCOMMON 00073
___wmul@multiplier                     cstackCOMMON 00071
___wmul@product                        cstackCOMMON 00075
__end_of_ADC_Enable                    text22       006CE
__end_of_ADC_Read                      text4        0064B
__end_of_ADC_ReadOne                   text6        007A8
__end_of_CRC16_Generate                text18       01000
__end_of_CRC16_Init                    text21       00DCD
__end_of_CRC16_Update                  text19       00DDD
__end_of_CRC16_Update4Bits             text20       0068E
__end_of_EEPROM_Read                   text35       00EE5
__end_of_EEPROM_Write                  text33       00FA6
__end_of_SendPacket                    text8        00F2B
__end_of_SendReceiverBroadcastRequest  text7        00F07
__end_of_SendReport                    text2        00600
__end_of_Timer1_Disable                text38       00DA8
__end_of_Timer1_Init                   text39       00E19
__end_of_UART_Init                     text15       00743
__end_of_UART_Receive                  text32       004B4
__end_of_UART_ReceiveMsgTmo            text31       0055E
__end_of_UART_Transmit                 text28       00DC3
__end_of_UART_TransmitMsg              text27       007D9
__end_of_XBAPI_Command                 text23       00344
__end_of_XBAPI_HandleFrame             text29       001E7
__end_of_XBAPI_Transmit                text9        003DA
__end_of_XBee_Disable                  text13       00DAB
__end_of_XBee_Enable                   text14       00EA4
__end_of_XBee_Reset                    text10       00E03
__end_of_XBee_Sleep                    text1        00DAE
__end_of_XBee_Wake                     text3        0050A
__end_of___aldiv                       text16       0045C
__end_of___awdiv                       text5        005B1
__end_of___wmul                        text12       00E86
__end_of__initialization               cinit        00773
__end_of_checksum                      text26       00F53
__end_of_doChecksumVerify              text25       007FF
__end_of_isr                           intentry     0000F
__end_of_main                          maintext     00129
__end_of_memcpy                        text30       00FD3
__end_of_memset                        text34       00E69
__end_of_pulseLed                      text36       00DEE
__end_of_sleep                         text17       00E31
__end_of_swap_endian_32                text24       00297
__end_of_timer1_poll_delay             text37       0070E
__end_of_timer1_poll_delay_ms          text11       00E4C
__initialization                       cinit        00743
__pbssBANK0                            bssBANK0     0005E
__pbssBANK1                            bssBANK1     000C8
__pbssBANK2                            bssBANK2     00120
__pbssCOMMON                           bssCOMMON    0007C
__pcstackBANK0                         cstackBANK0  00020
__pcstackCOMMON                        cstackCOMMON 00070
__pdataBANK1                           dataBANK1    000A0
__pdataBANK3                           dataBANK3    001A0
__pidataBANK1                          idataBANK1   00F53
__pidataBANK3                          idataBANK3   00EA4
__pintentry                            intentry     00004
__pmaintext                            maintext     00011
__ptext1                               text1        00DAB
__ptext10                              text10       00DEE
__ptext11                              text11       00E31
__ptext12                              text12       00E69
__ptext13                              text13       00DA8
__ptext14                              text14       00E86
__ptext15                              text15       0070E
__ptext16                              text16       003DA
__ptext17                              text17       00E19
__ptext18                              text18       00FD3
__ptext19                              text19       00DCD
__ptext2                               text2        005B1
__ptext20                              text20       0064B
__ptext21                              text21       00DC3
__ptext22                              text22       0068E
__ptext23                              text23       00297
__ptext24                              text24       001E7
__ptext25                              text25       007D9
__ptext26                              text26       00F2B
__ptext27                              text27       007A8
__ptext28                              text28       00DBA
__ptext29                              text29       00129
__ptext3                               text3        004B4
__ptext30                              text30       00FA6
__ptext31                              text31       0050A
__ptext32                              text32       0045C
__ptext33                              text33       00F7B
__ptext34                              text34       00E4C
__ptext35                              text35       00EC4
__ptext36                              text36       00DDD
__ptext37                              text37       006CE
__ptext38                              text38       00DA5
__ptext39                              text39       00E03
__ptext4                               text4        00600
__ptext5                               text5        0055E
__ptext6                               text6        00776
__ptext7                               text7        00EE5
__ptext8                               text8        00F07
__ptext9                               text9        00344
__size_of_ADC_Enable                   (abs)        00000
__size_of_ADC_Read                     (abs)        00000
__size_of_ADC_ReadOne                  (abs)        00000
__size_of_CRC16_Generate               (abs)        00000
__size_of_CRC16_Init                   (abs)        00000
__size_of_CRC16_Update                 (abs)        00000
__size_of_CRC16_Update4Bits            (abs)        00000
__size_of_EEPROM_Read                  (abs)        00000
__size_of_EEPROM_Write                 (abs)        00000
__size_of_SendPacket                   (abs)        00000
__size_of_SendReceiverBroadcastRequest (abs)        00000
__size_of_SendReport                   (abs)        00000
__size_of_Timer1_Disable               (abs)        00000
__size_of_Timer1_Init                  (abs)        00000
__size_of_UART_Init                    (abs)        00000
__size_of_UART_Receive                 (abs)        00000
__size_of_UART_ReceiveMsgTmo           (abs)        00000
__size_of_UART_Transmit                (abs)        00000
__size_of_UART_TransmitMsg             (abs)        00000
__size_of_XBAPI_Command                (abs)        00000
__size_of_XBAPI_HandleFrame            (abs)        00000
__size_of_XBAPI_Transmit               (abs)        00000
__size_of_XBee_Disable                 (abs)        00000
__size_of_XBee_Enable                  (abs)        00000
__size_of_XBee_Reset                   (abs)        00000
__size_of_XBee_Sleep                   (abs)        00000
__size_of_XBee_Wake                    (abs)        00000
__size_of___aldiv                      (abs)        00000
__size_of___awdiv                      (abs)        00000
__size_of___wmul                       (abs)        00000
__size_of_checksum                     (abs)        00000
__size_of_doChecksumVerify             (abs)        00000
__size_of_isr                          (abs)        00000
__size_of_main                         (abs)        00000
__size_of_memcpy                       (abs)        00000
__size_of_memset                       (abs)        00000
__size_of_pulseLed                     (abs)        00000
__size_of_sleep                        (abs)        00000
__size_of_swap_endian_32               (abs)        00000
__size_of_timer1_poll_delay            (abs)        00000
__size_of_timer1_poll_delay_ms         (abs)        00000
_apiFrame                              bssBANK2     00120
_calc_checksum                         bssBANK0     00067
_calibrationData                       bssBANK1     000E8
_checksum                              text26       00F2B
_cmd_itr                               bssBANK0     00060
_dest_address                          dataBANK1    000C0
_doChecksumVerify                      text25       007D9
_error                                 bssBANK0     00062
_frame_id_itr                          bssBANK0     00068
_intervalData                          bssBANK0     0006B
_isr                                   intentry     00004
_last_xbee_baud                        bssBANK0     00064
_main                                  maintext     00011
_memcpy                                text30       00FA6
_memset                                text34       00E4C
_packet_buffer                         bssBANK1     000C8
_pulseLed                              text36       00DDD
_sleep                                 text17       00E19
_swap_endian_32                        text24       001E7
_timer1_poll_delay                     text37       006CE
_timer1_poll_delay_ms                  text11       00E31
_tmr1_err                              bssBANK0     00069
_xbee_reset_flag                       bssBANK0     0006A
btemp                                  (abs)        0007E
checksum@addr                          cstackCOMMON 00075
checksum@address                       cstackCOMMON 00076
checksum@checksum                      cstackCOMMON 00077
checksum@i                             cstackCOMMON 00078
checksum@length                        cstackCOMMON 00071
clear_ram0                             clrtext      00DB4
doChecksumVerify@address               cstackCOMMON 00076
doChecksumVerify@check                 cstackCOMMON 00077
doChecksumVerify@checksum              cstackCOMMON 00073
doChecksumVerify@i                     cstackCOMMON 00078
doChecksumVerify@length                cstackCOMMON 00071
end_of_initialization                  cinit        00773
init_ram                               inittext     00DAE
intlevel0                              functab      00000
intlevel1                              functab      00000
intlevel2                              functab      00000
intlevel3                              functab      00000
intlevel4                              functab      00000
intlevel5                              functab      00000
main@thermistorResistance              cstackBANK0  0005A
memcpy@d                               cstackCOMMON 00078
memcpy@d1                              cstackCOMMON 00071
memcpy@n                               cstackCOMMON 00075
memcpy@s                               cstackCOMMON 0007A
memcpy@s1                              cstackCOMMON 00073
memset@c                               cstackCOMMON 00071
memset@n                               cstackCOMMON 00073
memset@p                               cstackCOMMON 00077
memset@p1                              cstackCOMMON 00076
pulseLed@ticks                         cstackBANK0  00021
reset_vec                              reset_vec    00000
sleep@i                                cstackCOMMON 00073
sleep@seconds                          cstackCOMMON 00071
start                                  init         0000F
start_initialization                   cinit        00743
swap_endian_32@n                       cstackCOMMON 00071
swap_endian_32@r                       cstackCOMMON 00075
timer1_poll_delay@division             cstackCOMMON 00079
timer1_poll_delay@ticks                cstackCOMMON 00077
timer1_poll_delay@tmr1_turned_on       cstackBANK0  00020
timer1_poll_delay_ms@ms                cstackBANK0  00021
wtemp0                                 (abs)        0007E


FUNCTION INFORMATION:

 *************** function _main *****************
 Defined at:
		line 60 in file "main.c"
 Parameters:    Size  Location     Type
  argc            2   53[BANK0 ] int 
  argv            2   55[BANK0 ] PTR PTR unsigned char 
 Auto vars:     Size  Location     Type
  thermistorRe    4   58[BANK0 ] long 
 Return value:  Size  Location     Type
                  2   53[BANK0 ] int 
 Registers used:
		wreg, fsr0l, fsr0h, fsr1l, fsr1h, fsr1l, fsr1h, status,2, status,0, btemp+1, pclath, cstack
 Tracked objects:
		On entry : 
		On exit  : 
		Unchanged: 
 Data sizes:     COMMON   BANK0   BANK1   BANK2   BANK3   BANK4   BANK5   BANK6
      Params:         0       4       0       0       0       0       0       0
      Locals:         0       4       0       0       0       0       0       0
      Temps:          0       1       0       0       0       0       0       0
      Totals:         0       9       0       0       0       0       0       0
Total ram usage:        9 bytes
 Hardware stack levels required when called:    8
 This function calls:
		_pulseLed
		_EEPROM_Read
		_memset
		_EEPROM_Write
		_XBee_Enable
		_XBAPI_Command
		_XBee_Disable
		_ADC_Enable
		_CRC16_Init
		_SendReceiverBroadcastRequest
		_XBAPI_HandleFrame
		_ADC_Read
		_XBee_Wake
		_SendReport
		_XBee_Sleep
		_sleep
 This function is called by:
		Startup code after reset
 This function uses a non-reentrant model


 *************** function _XBee_Sleep *****************
 Defined at:
		line 38 in file "xbee.c"
 Parameters:    Size  Location     Type
		None
 Auto vars:     Size  Location     Type
		None
 Return value:  Size  Location     Type
		None               void
 Registers used:
		None
 Tracked objects:
		On entry : 
		On exit  : 
		Unchanged: 
 Data sizes:     COMMON   BANK0   BANK1   BANK2   BANK3   BANK4   BANK5   BANK6
      Params:         0       0       0       0       0       0       0       0
      Locals:         0       0       0       0       0       0       0       0
      Temps:          0       0       0       0       0       0       0       0
      Totals:         0       0       0       0       0       0       0       0
Total ram usage:        0 bytes
 Hardware stack levels used:    1
 Hardware stack levels required when called:    1
 This function calls:
		Nothing
 This function is called by:
		_main
 This function uses a non-reentrant model


 *************** function _SendReport *****************
 Defined at:
		line 12 in file "packets.c"
 Parameters:    Size  Location     Type
  thermistorRe    2   44[BANK0 ] int 
  thermRes25C     2   46[BANK0 ] int 
  thermBeta       2   48[BANK0 ] int 
  topResValue     2   50[BANK0 ] int 
 Auto vars:     Size  Location     Type
		None
 Return value:  Size  Location     Type
		None               void
 Registers used:
		wreg, fsr0l, fsr0h, fsr1l, fsr1h, fsr1l, fsr1h, status,2, status,0, btemp+1, pclath, cstack
 Tracked objects:
		On entry : 
		On exit  : 
		Unchanged: 
 Data sizes:     COMMON   BANK0   BANK1   BANK2   BANK3   BANK4   BANK5   BANK6
      Params:         0       8       0       0       0       0       0       0
      Locals:         0       0       0       0       0       0       0       0
      Temps:          0       1       0       0       0       0       0       0
      Totals:         0       9       0       0       0       0       0       0
Total ram usage:        9 bytes
 Hardware stack levels used:    1
 Hardware stack levels required when called:    7
 This function calls:
		_CRC16_Generate
		_SendPacket
 This function is called by:
		_main
 This function uses a non-reentrant model


 *************** function _XBee_Wake *****************
 Defined at:
		line 42 in file "xbee.c"
 Parameters:    Size  Location     Type
		None
 Auto vars:     Size  Location     Type
  i               4   15[BANK0 ] long 
 Return value:  Size  Location     Type
		None               void
 Registers used:
		wreg, fsr0l, fsr0h, fsr1l, fsr1h, fsr1l, fsr1h, status,2, status,0, btemp+1, pclath, cstack
 Tracked objects:
		On entry : 
		On exit  : 
		Unchanged: 
 Data sizes:     COMMON   BANK0   BANK1   BANK2   BANK3   BANK4   BANK5   BANK6
      Params:         0       0       0       0       0       0       0       0
      Locals:         0       4       0       0       0       0       0       0
      Temps:          0       0       0       0       0       0       0       0
      Totals:         0       4       0       0       0       0       0       0
Total ram usage:        4 bytes
 Hardware stack levels used:    1
 Hardware stack levels required when called:    4
 This function calls:
		_XBee_Enable
		_XBee_Disable
		_timer1_poll_delay_ms
 This function is called by:
		_main
 This function uses a non-reentrant model


 *************** function _ADC_Read *****************
 Defined at:
		line 39 in file "adc.c"
 Parameters:    Size  Location     Type
  channel         1    wreg     unsigned char 
 Auto vars:     Size  Location     Type
  channel         1   19[BANK0 ] unsigned char 
  res             8   11[BANK0 ] int [4]
  sum             2   20[BANK0 ] int 
  i               1   22[BANK0 ] unsigned char 
 Return value:  Size  Location     Type
                  2    7[BANK0 ] unsigned int 
 Registers used:
		wreg, fsr1l, fsr1h, status,2, status,0, pclath, cstack
 Tracked objects:
		On entry : 
		On exit  : 
		Unchanged: 
 Data sizes:     COMMON   BANK0   BANK1   BANK2   BANK3   BANK4   BANK5   BANK6
      Params:         0       2       0       0       0       0       0       0
      Locals:         0      12       0       0       0       0       0       0
      Temps:          0       2       0       0       0       0       0       0
      Totals:         0      16       0       0       0       0       0       0
Total ram usage:       16 bytes
 Hardware stack levels used:    1
 Hardware stack levels required when called:    4
 This function calls:
		_ADC_ReadOne
		___awdiv
 This function is called by:
		_main
 This function uses a non-reentrant model


 *************** function ___awdiv *****************
 Defined at:
		line 5 in file "C:\Program Files (x86)\Microchip\xc8\v1.20\sources\pic\awdiv.c"
 Parameters:    Size  Location     Type
  divisor         2    1[COMMON] int 
  dividend        2    3[COMMON] int 
 Auto vars:     Size  Location     Type
  quotient        2    8[COMMON] int 
  sign            1    7[COMMON] unsigned char 
  counter         1    6[COMMON] unsigned char 
 Return value:  Size  Location     Type
                  2    1[COMMON] int 
 Registers used:
		wreg, status,2, status,0
 Tracked objects:
		On entry : 
		On exit  : 
		Unchanged: 
 Data sizes:     COMMON   BANK0   BANK1   BANK2   BANK3   BANK4   BANK5   BANK6
      Params:         4       0       0       0       0       0       0       0
      Locals:         4       0       0       0       0       0       0       0
      Temps:          1       0       0       0       0       0       0       0
      Totals:         9       0       0       0       0       0       0       0
Total ram usage:        9 bytes
 Hardware stack levels used:    1
 Hardware stack levels required when called:    1
 This function calls:
		Nothing
 This function is called by:
		_ADC_Read
 This function uses a non-reentrant model


 *************** function _ADC_ReadOne *****************
 Defined at:
		line 21 in file "adc.c"
 Parameters:    Size  Location     Type
  channel         1    wreg     unsigned char 
 Auto vars:     Size  Location     Type
  channel         1    4[BANK0 ] unsigned char 
  result          2    5[BANK0 ] unsigned short 
 Return value:  Size  Location     Type
                  2    1[BANK0 ] unsigned int 
 Registers used:
		wreg, status,2, status,0, pclath, cstack
 Tracked objects:
		On entry : 
		On exit  : 
		Unchanged: 
 Data sizes:     COMMON   BANK0   BANK1   BANK2   BANK3   BANK4   BANK5   BANK6
      Params:         0       2       0       0       0       0       0       0
      Locals:         0       3       0       0       0       0       0       0
      Temps:          0       1       0       0       0       0       0       0
      Totals:         0       6       0       0       0       0       0       0
Total ram usage:        6 bytes
 Hardware stack levels used:    1
 Hardware stack levels required when called:    3
 This function calls:
		_timer1_poll_delay
 This function is called by:
		_ADC_Read
 This function uses a non-reentrant model


 *************** function _SendReceiverBroadcastRequest *****************
 Defined at:
		line 29 in file "packets.c"
 Parameters:    Size  Location     Type
		None
 Auto vars:     Size  Location     Type
		None
 Return value:  Size  Location     Type
		None               void
 Registers used:
		wreg, fsr0l, fsr0h, fsr1l, fsr1h, fsr1l, fsr1h, status,2, status,0, btemp+1, pclath, cstack
 Tracked objects:
		On entry : 
		On exit  : 
		Unchanged: 
 Data sizes:     COMMON   BANK0   BANK1   BANK2   BANK3   BANK4   BANK5   BANK6
      Params:         0       0       0       0       0       0       0       0
      Locals:         0       0       0       0       0       0       0       0
      Temps:          0       1       0       0       0       0       0       0
      Totals:         0       1       0       0       0       0       0       0
Total ram usage:        1 bytes
 Hardware stack levels used:    1
 Hardware stack levels required when called:    7
 This function calls:
		_CRC16_Generate
		_SendPacket
 This function is called by:
		_main
 This function uses a non-reentrant model


 *************** function _SendPacket *****************
 Defined at:
		line 44 in file "packets.c"
 Parameters:    Size  Location     Type
  packet          1    wreg     PTR struct .
		 -> packet_buffer(32), 
 Auto vars:     Size  Location     Type
  packet          1   42[BANK0 ] PTR struct .
		 -> packet_buffer(32), 
  status          1   43[BANK0 ] unsigned char 
 Return value:  Size  Location     Type
		None               void
 Registers used:
		wreg, fsr0l, fsr0h, fsr1l, fsr1h, fsr1l, fsr1h, status,2, status,0, btemp+1, pclath, cstack
 Tracked objects:
		On entry : 
		On exit  : 
		Unchanged: 
 Data sizes:     COMMON   BANK0   BANK1   BANK2   BANK3   BANK4   BANK5   BANK6
      Params:         0       0       0       0       0       0       0       0
      Locals:         0       2       0       0       0       0       0       0
      Temps:          0       2       0       0       0       0       0       0
      Totals:         0       4       0       0       0       0       0       0
Total ram usage:        4 bytes
 Hardware stack levels used:    1
 Hardware stack levels required when called:    6
 This function calls:
		_XBAPI_Transmit
 This function is called by:
		_SendReport
		_SendReceiverBroadcastRequest
		___doTestSendPacket
 This function uses a non-reentrant model


 *************** function _XBAPI_Transmit *****************
 Defined at:
		line 116 in file "xbee.c"
 Parameters:    Size  Location     Type
  address         1    wreg     PTR struct __XBeeAddress
		 -> dest_address(8), 
  data            1   29[BANK0 ] PTR const unsigned char 
		 -> packet_buffer(32), 
  length          2   30[BANK0 ] int 
  id              2   32[BANK0 ] int 
 Auto vars:     Size  Location     Type
  address         1   35[BANK0 ] PTR struct __XBeeAddress
		 -> dest_address(8), 
  error           2   38[BANK0 ] int 
 Return value:  Size  Location     Type
                  2   29[BANK0 ] int 
 Registers used:
		wreg, fsr0l, fsr0h, fsr1l, fsr1h, fsr1l, fsr1h, status,2, status,0, btemp+1, pclath, cstack
 Tracked objects:
		On entry : 
		On exit  : 
		Unchanged: 
 Data sizes:     COMMON   BANK0   BANK1   BANK2   BANK3   BANK4   BANK5   BANK6
      Params:         0       5       0       0       0       0       0       0
      Locals:         0       5       0       0       0       0       0       0
      Temps:          0       1       0       0       0       0       0       0
      Totals:         0      11       0       0       0       0       0       0
Total ram usage:       11 bytes
 Hardware stack levels used:    1
 Hardware stack levels required when called:    5
 This function calls:
		_XBAPI_HandleFrame
		_UART_TransmitMsg
		_XBee_Reset
		_checksum
		_memcpy
 This function is called by:
		_SendPacket
 This function uses a non-reentrant model


 *************** function _XBee_Reset *****************
 Defined at:
		line 32 in file "xbee.c"
 Parameters:    Size  Location     Type
		None
 Auto vars:     Size  Location     Type
		None
 Return value:  Size  Location     Type
		None               void
 Registers used:
		wreg, fsr0l, fsr0h, fsr1l, fsr1h, fsr1l, fsr1h, status,2, status,0, btemp+1, pclath, cstack
 Tracked objects:
		On entry : 
		On exit  : 
		Unchanged: 
 Data sizes:     COMMON   BANK0   BANK1   BANK2   BANK3   BANK4   BANK5   BANK6
      Params:         0       0       0       0       0       0       0       0
      Locals:         0       0       0       0       0       0       0       0
      Temps:          0       0       0       0       0       0       0       0
      Totals:         0       0       0       0       0       0       0       0
Total ram usage:        0 bytes
 Hardware stack levels used:    1
 Hardware stack levels required when called:    4
 This function calls:
		_XBee_Enable
		_XBee_Disable
		_timer1_poll_delay_ms
 This function is called by:
		_XBAPI_Transmit
 This function uses a non-reentrant model


 *************** function _timer1_poll_delay_ms *****************
 Defined at:
		line 51 in file "timer.c"
 Parameters:    Size  Location     Type
  ms              2    1[BANK0 ] unsigned short 
 Auto vars:     Size  Location     Type
		None
 Return value:  Size  Location     Type
		None               void
 Registers used:
		wreg, status,2, status,0, pclath, cstack
 Tracked objects:
		On entry : 
		On exit  : 
		Unchanged: 
 Data sizes:     COMMON   BANK0   BANK1   BANK2   BANK3   BANK4   BANK5   BANK6
      Params:         0       2       0       0       0       0       0       0
      Locals:         0       0       0       0       0       0       0       0
      Temps:          0       0       0       0       0       0       0       0
      Totals:         0       2       0       0       0       0       0       0
Total ram usage:        2 bytes
 Hardware stack levels used:    1
 Hardware stack levels required when called:    3
 This function calls:
		_timer1_poll_delay
		___wmul
 This function is called by:
		_XBee_Reset
		_XBee_Wake
 This function uses a non-reentrant model


 *************** function ___wmul *****************
 Defined at:
		line 3 in file "C:\Program Files (x86)\Microchip\xc8\v1.20\sources\pic\wmul.c"
 Parameters:    Size  Location     Type
  multiplier      2    1[COMMON] unsigned int 
  multiplicand    2    3[COMMON] unsigned int 
 Auto vars:     Size  Location     Type
  product         2    5[COMMON] unsigned int 
 Return value:  Size  Location     Type
                  2    1[COMMON] unsigned int 
 Registers used:
		wreg, status,2, status,0
 Tracked objects:
		On entry : 
		On exit  : 
		Unchanged: 
 Data sizes:     COMMON   BANK0   BANK1   BANK2   BANK3   BANK4   BANK5   BANK6
      Params:         4       0       0       0       0       0       0       0
      Locals:         2       0       0       0       0       0       0       0
      Temps:          0       0       0       0       0       0       0       0
      Totals:         6       0       0       0       0       0       0       0
Total ram usage:        6 bytes
 Hardware stack levels used:    1
 Hardware stack levels required when called:    1
 This function calls:
		Nothing
 This function is called by:
		_timer1_poll_delay_ms
 This function uses a non-reentrant model


 *************** function _XBee_Disable *****************
 Defined at:
		line 61 in file "xbee.c"
 Parameters:    Size  Location     Type
		None
 Auto vars:     Size  Location     Type
		None
 Return value:  Size  Location     Type
		None               void
 Registers used:
		None
 Tracked objects:
		On entry : 
		On exit  : 
		Unchanged: 
 Data sizes:     COMMON   BANK0   BANK1   BANK2   BANK3   BANK4   BANK5   BANK6
      Params:         0       0       0       0       0       0       0       0
      Locals:         0       0       0       0       0       0       0       0
      Temps:          0       0       0       0       0       0       0       0
      Totals:         0       0       0       0       0       0       0       0
Total ram usage:        0 bytes
 Hardware stack levels used:    1
 Hardware stack levels required when called:    1
 This function calls:
		Nothing
 This function is called by:
		_main
		_XBee_Reset
		_XBee_Wake
 This function uses a non-reentrant model


 *************** function _XBee_Enable *****************
 Defined at:
		line 19 in file "xbee.c"
 Parameters:    Size  Location     Type
  baud            2   13[BANK0 ] int 
 Auto vars:     Size  Location     Type
		None
 Return value:  Size  Location     Type
		None               void
 Registers used:
		wreg, fsr0l, fsr0h, fsr1l, fsr1h, fsr1l, fsr1h, status,2, status,0, btemp+1, pclath, cstack
 Tracked objects:
		On entry : 
		On exit  : 
		Unchanged: 
 Data sizes:     COMMON   BANK0   BANK1   BANK2   BANK3   BANK4   BANK5   BANK6
      Params:         0       2       0       0       0       0       0       0
      Locals:         0       0       0       0       0       0       0       0
      Temps:          0       0       0       0       0       0       0       0
      Totals:         0       2       0       0       0       0       0       0
Total ram usage:        2 bytes
 Hardware stack levels used:    1
 Hardware stack levels required when called:    3
 This function calls:
		_sleep
		_UART_Init
 This function is called by:
		_main
		_XBee_Reset
		_XBee_Wake
 This function uses a non-reentrant model


 *************** function _UART_Init *****************
 Defined at:
		line 7 in file "uart.c"
 Parameters:    Size  Location     Type
  baud            2    6[BANK0 ] int 
 Auto vars:     Size  Location     Type
  spbrg           2   10[COMMON] int 
 Return value:  Size  Location     Type
		None               void
 Registers used:
		wreg, status,2, status,0, pclath, cstack
 Tracked objects:
		On entry : 
		On exit  : 
		Unchanged: 
 Data sizes:     COMMON   BANK0   BANK1   BANK2   BANK3   BANK4   BANK5   BANK6
      Params:         0       2       0       0       0       0       0       0
      Locals:         2       0       0       0       0       0       0       0
      Temps:          0       5       0       0       0       0       0       0
      Totals:         2       7       0       0       0       0       0       0
Total ram usage:        9 bytes
 Hardware stack levels used:    1
 Hardware stack levels required when called:    2
 This function calls:
		___aldiv
 This function is called by:
		_XBee_Enable
 This function uses a non-reentrant model


 *************** function ___aldiv *****************
 Defined at:
		line 5 in file "C:\Program Files (x86)\Microchip\xc8\v1.20\sources\pic\aldiv.c"
 Parameters:    Size  Location     Type
  divisor         4    1[COMMON] long 
  dividend        4    5[COMMON] long 
 Auto vars:     Size  Location     Type
  quotient        4    2[BANK0 ] long 
  sign            1    1[BANK0 ] unsigned char 
  counter         1    0[BANK0 ] unsigned char 
 Return value:  Size  Location     Type
                  4    1[COMMON] long 
 Registers used:
		wreg, status,2, status,0
 Tracked objects:
		On entry : 
		On exit  : 
		Unchanged: 
 Data sizes:     COMMON   BANK0   BANK1   BANK2   BANK3   BANK4   BANK5   BANK6
      Params:         8       0       0       0       0       0       0       0
      Locals:         0       6       0       0       0       0       0       0
      Temps:          1       0       0       0       0       0       0       0
      Totals:         9       6       0       0       0       0       0       0
Total ram usage:       15 bytes
 Hardware stack levels used:    1
 Hardware stack levels required when called:    1
 This function calls:
		Nothing
 This function is called by:
		_UART_Init
		_GetOhms
 This function uses a non-reentrant model


 *************** function _sleep *****************
 Defined at:
		line 57 in file "timer.c"
 Parameters:    Size  Location     Type
  seconds         2    1[COMMON] unsigned short 
 Auto vars:     Size  Location     Type
  i               2    3[COMMON] int 
 Return value:  Size  Location     Type
		None               void
 Registers used:
		wreg, status,2, status,0
 Tracked objects:
		On entry : 
		On exit  : 
		Unchanged: 
 Data sizes:     COMMON   BANK0   BANK1   BANK2   BANK3   BANK4   BANK5   BANK6
      Params:         2       0       0       0       0       0       0       0
      Locals:         2       0       0       0       0       0       0       0
      Temps:          0       0       0       0       0       0       0       0
      Totals:         4       0       0       0       0       0       0       0
Total ram usage:        4 bytes
 Hardware stack levels used:    1
 Hardware stack levels required when called:    1
 This function calls:
		Nothing
 This function is called by:
		_main
		_XBee_Enable
 This function uses a non-reentrant model


 *************** function _CRC16_Generate *****************
 Defined at:
		line 66 in file "crc16.c"
 Parameters:    Size  Location     Type
  msg             1    wreg     PTR unsigned char 
		 -> packet_buffer(32), 
  len             2    0[BANK0 ] int 
 Auto vars:     Size  Location     Type
  msg             1    2[BANK0 ] PTR unsigned char 
		 -> packet_buffer(32), 
  i               2    3[BANK0 ] int 
 Return value:  Size  Location     Type
                  2    0[BANK0 ] unsigned short 
 Registers used:
		wreg, fsr1l, fsr1h, status,2, status,0, btemp+1, pclath, cstack
 Tracked objects:
		On entry : 
		On exit  : 
		Unchanged: 
 Data sizes:     COMMON   BANK0   BANK1   BANK2   BANK3   BANK4   BANK5   BANK6
      Params:         0       2       0       0       0       0       0       0
      Locals:         0       3       0       0       0       0       0       0
      Temps:          1       0       0       0       0       0       0       0
      Totals:         1       5       0       0       0       0       0       0
Total ram usage:        6 bytes
 Hardware stack levels used:    1
 Hardware stack levels required when called:    3
 This function calls:
		_CRC16_Init
		_CRC16_Update
 This function is called by:
		_SendReport
		_SendReceiverBroadcastRequest
 This function uses a non-reentrant model


 *************** function _CRC16_Update *****************
 Defined at:
		line 61 in file "crc16.c"
 Parameters:    Size  Location     Type
  val             1    wreg     unsigned char 
 Auto vars:     Size  Location     Type
  val             1   10[COMMON] unsigned char 
 Return value:  Size  Location     Type
		None               void
 Registers used:
		wreg, fsr1l, fsr1h, status,2, status,0, btemp+1, pclath, cstack
 Tracked objects:
		On entry : 
		On exit  : 
		Unchanged: 
 Data sizes:     COMMON   BANK0   BANK1   BANK2   BANK3   BANK4   BANK5   BANK6
      Params:         0       0       0       0       0       0       0       0
      Locals:         1       0       0       0       0       0       0       0
      Temps:          1       0       0       0       0       0       0       0
      Totals:         2       0       0       0       0       0       0       0
Total ram usage:        2 bytes
 Hardware stack levels used:    1
 Hardware stack levels required when called:    2
 This function calls:
		_CRC16_Update4Bits
 This function is called by:
		_CRC16_Generate
 This function uses a non-reentrant model


 *************** function _CRC16_Update4Bits *****************
 Defined at:
		line 38 in file "crc16.c"
 Parameters:    Size  Location     Type
  val             1    wreg     unsigned char 
 Auto vars:     Size  Location     Type
  val             1    7[COMMON] unsigned char 
  t               1    8[COMMON] unsigned char 
 Return value:  Size  Location     Type
		None               void
 Registers used:
		wreg, fsr1l, fsr1h, status,2, status,0, btemp+1
 Tracked objects:
		On entry : 
		On exit  : 
		Unchanged: 
 Data sizes:     COMMON   BANK0   BANK1   BANK2   BANK3   BANK4   BANK5   BANK6
      Params:         0       0       0       0       0       0       0       0
      Locals:         2       0       0       0       0       0       0       0
      Temps:          6       0       0       0       0       0       0       0
      Totals:         8       0       0       0       0       0       0       0
Total ram usage:        8 bytes
 Hardware stack levels used:    1
 Hardware stack levels required when called:    1
 This function calls:
		Nothing
 This function is called by:
		_CRC16_Update
[...]
  _msg            1    wreg     PTR  unsigned char 
		 -> apiFrame(60), 
  len             2    2[COMMON] int 
  end_char        1    4[COMMON] const unsigned char 
 Auto vars:     Size  Location     Type
  _msg            1    6[COMMON] PTR  unsigned char 
		 -> apiFrame(60), 
  i               2    7[COMMON] int 
 Return value:  Size  Location     Type
		None               void
 Registers used:
		wreg, fsr1l, fsr1h, status,2, status,0, pclath, cstack
 Tracked objects:
		On entry : 
		On exit  : 
		Unchanged: 
 Data sizes:     COMMON   BANK0   BANK1   BANK2   BANK3   BANK4   BANK5   BANK6
      Params:         3       0       0       0       0       0       0       0
      Locals:         3       0       0       0       0       0       0       0
      Temps:          1       0       0       0       0       0       0       0
      Totals:         7       0       0       0       0       0       0       0
Total ram usage:        7 bytes
 Hardware stack levels used:    1
 Hardware stack levels required when called:    2
 This function calls:
		_UART_Transmit
 This function is called by:
		_XBAPI_Transmit
		_XBAPI_Command
		_XBee_Send
 This function uses a non-reentrant model


 *************** function _UART_Transmit *****************
 Defined at:
		line 17 in file "uart.c"
 Parameters:    Size  Location     Type
  c               1    wreg     volatile unsigned char 
 Auto vars:     Size  Location     Type
  c               1    1[COMMON] volatile unsigned char 
 Return value:  Size  Location     Type
		None               void
 Registers used:
		wreg
 Tracked objects:
		On entry : 
		On exit  : 
		Unchanged: 
 Data sizes:     COMMON   BANK0   BANK1   BANK2   BANK3   BANK4   BANK5   BANK6
      Params:         0       0       0       0       0       0       0       0
      Locals:         1       0       0       0       0       0       0       0
      Temps:          0       0       0       0       0       0       0       0
      Totals:         1       0       0       0       0       0       0       0
Total ram usage:        1 bytes
 Hardware stack levels used:    1
 Hardware stack levels required when called:    1
 This function calls:
		Nothing
 This function is called by:
		_UART_TransmitMsg
 This function uses a non-reentrant model


 *************** function _XBAPI_HandleFrame *****************
 Defined at:
		line 214 in file "xbee.c"
 Parameters:    Size  Location     Type
  expected        2   14[BANK0 ] int 
  do_tmo          2   16[BANK0 ] int 
 Auto vars:     Size  Location     Type
  packet          1   22[BANK0 ] PTR struct .
		 -> apiFrame(60), 
  received_len    2   23[BANK0 ] unsigned short 
  bytes_read      2   20[BANK0 ] int 
  tmo             4   25[BANK0 ] long 
 Return value:  Size  Location     Type
                  2   14[BANK0 ] int 
 Registers used:
		wreg, fsr0l, fsr0h, fsr1l, fsr1h, status,2, status,0, btemp+1, pclath, cstack
 Tracked objects:
		On entry : 
		On exit  : 
		Unchanged: 
 Data sizes:     COMMON   BANK0   BANK1   BANK2   BANK3   BANK4   BANK5   BANK6
      Params:         0       4       0       0       0       0       0       0
      Locals:         0       9       0       0       0       0       0       0
      Temps:          0       2       0       0       0       0       0       0
      Totals:         0      15       0       0       0       0       0       0
Total ram usage:       15 bytes
 Hardware stack levels used:    1
 Hardware stack levels required when called:    3
 This function calls:
		_UART_ReceiveMsgTmo
		_memcpy
 This function is called by:
		_main
		_XBAPI_Transmit
		_XBAPI_Command
 This function uses a non-reentrant model


 *************** function _memcpy *****************
 Defined at:
		line 13 in file "C:\Program Files (x86)\Microchip\xc8\v1.20\sources\common\memcpy.c"
 Parameters:    Size  Location     Type
  d1              2    1[COMMON] PTR void 
		 -> dest_address(8), apiFrame(60), 
  s1              2    3[COMMON] PTR const void 
		 -> packet_buffer(32), dest_address(8), apiFrame(60), 
  n               2    5[COMMON] unsigned int 
 Auto vars:     Size  Location     Type
  s               2   10[COMMON] PTR const unsigned char 
		 -> packet_buffer(32), dest_address(8), apiFrame(60), 
  d               2    8[COMMON] PTR unsigned char 
		 -> dest_address(8), apiFrame(60), 
 Return value:  Size  Location     Type
                  2    wreg      PTR void 
 Registers used:
		wreg, fsr1l, fsr1h, status,2, status,0
 Tracked objects:
		On entry : 
		On exit  : 
		Unchanged: 
 Data sizes:     COMMON   BANK0   BANK1   BANK2   BANK3   BANK4   BANK5   BANK6
      Params:         6       0       0       0       0       0       0       0
      Locals:         4       0       0       0       0       0       0       0
      Temps:          1       0       0       0       0       0       0       0
      Totals:        11       0       0       0       0       0       0       0
Total ram usage:       11 bytes
 Hardware stack levels used:    1
 Hardware stack levels required when called:    1
 This function calls:
		Nothing
 This function is called by:
		_XBAPI_Transmit
		_XBAPI_HandleFrame
 This function uses a non-reentrant model


 *************** function _UART_ReceiveMsgTmo *****************
 Defined at:
		line 70 in file "uart.c"
 Parameters:    Size  Location     Type
  msg             1    wreg     PTR unsigned char 
		 -> apiFrame(60), 
  len             2    0[BANK0 ] int 
  end_char        1    2[BANK0 ] unsigned char 
  tmo             4    3[BANK0 ] long 
 Auto vars:     Size  Location     Type
  msg             1    9[BANK0 ] PTR unsigned char 
		 -> apiFrame(60), 
  c               2   10[BANK0 ] short 
  i               2   12[BANK0 ] int 
 Return value:  Size  Location     Type
                  2    0[BANK0 ] int 
 Registers used:
		wreg, fsr1l, fsr1h, status,2, status,0, btemp+1, pclath, cstack
 Tracked objects:
		On entry : 
		On exit  : 
		Unchanged: 
 Data sizes:     COMMON   BANK0   BANK1   BANK2   BANK3   BANK4   BANK5   BANK6
      Params:         0       7       0       0       0       0       0       0
      Locals:         0       5       0       0       0       0       0       0
      Temps:          0       2       0       0       0       0       0       0
      Totals:         0      14       0       0       0       0       0       0
Total ram usage:       14 bytes
 Hardware stack levels used:    1
 Hardware stack levels required when called:    2
 This function calls:
		_UART_Receive
 This function is called by:
		_XBAPI_HandleFrame
		_UART_ReceiveMsg
 This function uses a non-reentrant model


 *************** function _UART_Receive *****************
 Defined at:
		line 43 in file "uart.c"
 Parameters:    Size  Location     Type
  tmo             4    1[COMMON] long 
 Auto vars:     Size  Location     Type
  i               4    7[COMMON] long 
 Return value:  Size  Location     Type
                  2    1[COMMON] short 
 Registers used:
		wreg, btemp+1
 Tracked objects:
		On entry : 
		On exit  : 
		Unchanged: 
 Data sizes:     COMMON   BANK0   BANK1   BANK2   BANK3   BANK4   BANK5   BANK6
      Params:         4       0       0       0       0       0       0       0
      Locals:         4       0       0       0       0       0       0       0
      Temps:          2       0       0       0       0       0       0       0
      Totals:        10       0       0       0       0       0       0       0
Total ram usage:       10 bytes
 Hardware stack levels used:    1
 Hardware stack levels required when called:    1
 This function calls:
		Nothing
 This function is called by:
		_UART_ReceiveMsgTmo
 This function uses a non-reentrant model


 *************** function _EEPROM_Write *****************
 Defined at:
		line 18 in file "eeprom.c"
 Parameters:    Size  Location     Type
  address         1    wreg     unsigned char 
  data            1    1[COMMON] PTR unsigned char 
		 -> intervalData(4), calibrationData(6), 
  length          2    2[COMMON] int 
 Auto vars:     Size  Location     Type
  address         1    5[COMMON] unsigned char 
  i               1    6[COMMON] unsigned char 
 Return value:  Size  Location     Type
		None               void
 Registers used:
		wreg, fsr1l, fsr1h, status,2, status,0
 Tracked objects:
		On entry : 
		On exit  : 
		Unchanged: 
 Data sizes:     COMMON   BANK0   BANK1   BANK2   BANK3   BANK4   BANK5   BANK6
      Params:         3       0       0       0       0       0       0       0
      Locals:         2       0       0       0       0       0       0       0
      Temps:          1       0       0       0       0       0       0       0
      Totals:         6       0       0       0       0       0       0       0
Total ram usage:        6 bytes
 Hardware stack levels used:    1
 Hardware stack levels required when called:    1
 This function calls:
		Nothing
 This function is called by:
		_main
 This function uses a non-reentrant model


 *************** function _memset *****************
 Defined at:
		line 10 in file "C:\Program Files (x86)\Microchip\xc8\v1.20\sources\common\memset.c"
 Parameters:    Size  Location     Type
  p1              1    wreg     PTR void 
		 -> calibrationData(6), 
  c               2    1[COMMON] int 
  n               2    3[COMMON] unsigned int 
 Auto vars:     Size  Location     Type
  p1              1    6[COMMON] PTR void 
		 -> calibrationData(6), 
  p               1    7[COMMON] PTR unsigned char 
		 -> calibrationData(6), 
 Return value:  Size  Location     Type
                  1    wreg      PTR void 
 Registers used:
		wreg, fsr1l, fsr1h, status,2, status,0
 Tracked objects:
		On entry : 
		On exit  : 
		Unchanged: 
 Data sizes:     COMMON   BANK0   BANK1   BANK2   BANK3   BANK4   BANK5   BANK6
      Params:         4       0       0       0       0       0       0       0
      Locals:         2       0       0       0       0       0       0       0
      Temps:          1       0       0       0       0       0       0       0
      Totals:         7       0       0       0       0       0       0       0
Total ram usage:        7 bytes
 Hardware stack levels used:    1
 Hardware stack levels required when called:    1
 This function calls:
		Nothing
 This function is called by:
		_main
 This function uses a non-reentrant model


 *************** function _EEPROM_Read *****************
 Defined at:
		line 6 in file "eeprom.c"
 Parameters:    Size  Location     Type
  address         1    wreg     unsigned char 
  data            1    1[COMMON] PTR unsigned char 
		 -> intervalData(4), calibrationData(6), 
  length          2    2[COMMON] int 
 Auto vars:     Size  Location     Type
  address         1    6[COMMON] unsigned char 
  i               1    7[COMMON] unsigned char 
 Return value:  Size  Location     Type
		None               void
 Registers used:
		wreg, fsr1l, fsr1h, status,2, status,0
 Tracked objects:
		On entry : 
		On exit  : 
		Unchanged: 
 Data sizes:     COMMON   BANK0   BANK1   BANK2   BANK3   BANK4   BANK5   BANK6
      Params:         3       0       0       0       0       0       0       0
      Locals:         2       0       0       0       0       0       0       0
      Temps:          2       0       0       0       0       0       0       0
      Totals:         7       0       0       0       0       0       0       0
Total ram usage:        7 bytes
 Hardware stack levels used:    1
 Hardware stack levels required when called:    1
 This function calls:
		Nothing
 This function is called by:
		_main
 This function uses a non-reentrant model


 *************** function _pulseLed *****************
 Defined at:
		line 32 in file "main.c"
 Parameters:    Size  Location     Type
  ticks           2    1[BANK0 ] int 
 Auto vars:     Size  Location     Type
		None
 Return value:  Size  Location     Type
		None               void
 Registers used:
		wreg, status,2, status,0, pclath, cstack
 Tracked objects:
		On entry : 
		On exit  : 
		Unchanged: 
 Data sizes:     COMMON   BANK0   BANK1   BANK2   BANK3   BANK4   BANK5   BANK6
      Params:         0       2       0       0       0       0       0       0
      Locals:         0       0       0       0       0       0       0       0
      Temps:          0       0       0       0       0       0       0       0
      Totals:         0       2       0       0       0       0       0       0
Total ram usage:        2 bytes
 Hardware stack levels used:    1
 Hardware stack levels required when called:    3
 This function calls:
		_timer1_poll_delay
 This function is called by:
		_main
 This function uses a non-reentrant model


 *************** function _timer1_poll_delay *****************
 Defined at:
		line 17 in file "timer.c"
 Parameters:    Size  Location     Type
  ticks           2    7[COMMON] unsigned short 
  division        2    9[COMMON] int 
 Auto vars:     Size  Location     Type
  tmr1_turned_    1    0[BANK0 ] unsigned char 
 Return value:  Size  Location     Type
		None               void
 Registers used:
		wreg, status,2, status,0, pclath, cstack
 Tracked objects:
		On entry : 
		On exit  : 
		Unchanged: 
 Data sizes:     COMMON   BANK0   BANK1   BANK2   BANK3   BANK4   BANK5   BANK6
      Params:         4       0       0       0       0       0       0       0
      Locals:         0       1       0       0       0       0       0       0
      Temps:          1       0       0       0       0       0       0       0
      Totals:         5       1       0       0       0       0       0       0
Total ram usage:        6 bytes
 Hardware stack levels used:    1
 Hardware stack levels required when called:    2
 This function calls:
		_Timer1_Init
		_Timer1_Disable
 This function is called by:
		_pulseLed
		_timer1_poll_delay_ms
		_ADC_ReadOne
 This function uses a non-reentrant model


 *************** function _Timer1_Disable *****************
 Defined at:
		line 67 in file "timer.c"
 Parameters:    Size  Location     Type
		None
 Auto vars:     Size  Location     Type
		None
 Return value:  Size  Location     Type
		None               void
 Registers used:
		None
 Tracked objects:
		On entry : 
		On exit  : 
		Unchanged: 
 Data sizes:     COMMON   BANK0   BANK1   BANK2   BANK3   BANK4   BANK5   BANK6
      Params:         0       0       0       0       0       0       0       0
      Locals:         0       0       0       0       0       0       0       0
      Temps:          0       0       0       0       0       0       0       0
      Totals:         0       0       0       0       0       0       0       0
Total ram usage:        0 bytes
 Hardware stack levels used:    1
 Hardware stack levels required when called:    1
 This function calls:
		Nothing
 This function is called by:
		_timer1_poll_delay
 This function uses a non-reentrant model


 *************** function _Timer1_Init *****************
 Defined at:
		line 5 in file "timer.c"
 Parameters:    Size  Location     Type
  tmr1cs          2    1[COMMON] int 
  t1ckps          2    3[COMMON] int 
 Auto vars:     Size  Location     Type
		None
 Return value:  Size  Location     Type
		None               void
 Registers used:
		wreg, status,2, status,0
 Tracked objects:
		On entry : 
		On exit  : 
		Unchanged: 
 Data sizes:     COMMON   BANK0   BANK1   BANK2   BANK3   BANK4   BANK5   BANK6
      Params:         4       0       0       0       0       0       0       0
      Locals:         0       0       0       0       0       0       0       0
      Temps:          1       0       0       0       0       0       0       0
      Totals:         5       0       0       0       0       0       0       0
Total ram usage:        5 bytes
 Hardware stack levels used:    1
 Hardware stack levels required when called:    1
 This function calls:
		Nothing
 This function is called by:
		_timer1_poll_delay
 This function uses a non-reentrant model


 *************** function _isr *****************
 Defined at:
		line 38 in file "main.c"
 Parameters:    Size  Location     Type
		None
 Auto vars:     Size  Location     Type
		None
 Return value:  Size  Location     Type
		None               void
 Registers used:
		None
 Tracked objects:
		On entry : 
		On exit  : 
		Unchanged: 
 Data sizes:     COMMON   BANK0   BANK1   BANK2   BANK3   BANK4   BANK5   BANK6
      Params:         0       0       0       0       0       0       0       0
      Locals:         0       0       0       0       0       0       0       0
      Temps:          1       0       0       0       0       0       0       0
      Totals:         1       0       0       0       0       0       0       0
Total ram usage:        1 bytes
 Hardware stack levels used:    1
 This function calls:
		Nothing
 This function is called by:
		Interrupt level 1
 This function uses a non-reentrant model



MODULE INFORMATION

Module		Function		Class		Link	Load	Size
packets.c
		_SendReport    		CODE           	05B1	0000	79
		_SendReceiverBr		CODE           	0EE5	0000	34
		_SendPacket    		CODE           	0F07	0000	36

packets.c estimated size: 149

uart.c
		_UART_Receive  		CODE           	045C	0000	88
		_UART_Init     		CODE           	070E	0000	53
		_UART_ReceiveMs		CODE           	050A	0000	84
		_UART_TransmitM		CODE           	07A8	0000	49
		_UART_Transmit 		CODE           	0DBA	0000	9

uart.c estimated size: 283

C:\Program Files (x86)\Microchip\xc8\v1.20\sources\pic\awdiv.c
		___awdiv       		CODE           	055E	0000	83

C:\Program Files (x86)\Microchip\xc8\v1.20\sources\pic\awdiv.c estimated size: 83

timer.c
		_timer1_poll_de		CODE           	06CE	0000	64
		_Timer1_Init   		CODE           	0E03	0000	22
		_Timer1_Disable		CODE           	0DA5	0000	3
		_timer1_poll_de		CODE           	0E31	0000	27
		_sleep         		CODE           	0E19	0000	24

timer.c estimated size: 140

xbee.c
		_XBAPI_HandleFr		CODE           	0129	0000	190
		_XBee_Enable   		CODE           	0E86	0000	30
		_XBAPI_Transmit		CODE           	0344	0000	150
		_XBee_Wake     		CODE           	04B4	0000	86
		_XBee_Disable  		CODE           	0DA8	0000	3
		_XBee_Reset    		CODE           	0DEE	0000	21
		_XBAPI_Command 		CODE           	0297	0000	173
		_swap_endian_32		CODE           	01E7	0000	176
		_doChecksumVeri		CODE           	07D9	0000	38
		_XBee_Sleep    		CODE           	0DAB	0000	3
		_checksum      		CODE           	0F2B	0000	40

xbee.c estimated size: 910

adc.c
		_ADC_Enable    		CODE           	068E	0000	64
		_ADC_Read      		CODE           	0600	0000	75
		_ADC_ReadOne   		CODE           	0776	0000	50

adc.c estimated size: 189

shared
		__initializatio		CODE           	0743	0000	48

shared estimated size: 48

C:\Program Files (x86)\Microchip\xc8\v1.20\sources\pic\wmul.c
		___wmul        		CODE           	0E69	0000	29

C:\Program Files (x86)\Microchip\xc8\v1.20\sources\pic\wmul.c estimated size: 29

eeprom.c
		_EEPROM_Read   		CODE           	0EC4	0000	33
		_EEPROM_Write  		CODE           	0F7B	0000	43

eeprom.c estimated size: 76

main.c
		_main          		CODE           	0011	0000	280
		_pulseLed      		CODE           	0DDD	0000	17
		_isr           		CODE           	0004	0000	11

main.c estimated size: 308

C:\Program Files (x86)\Microchip\xc8\v1.20\sources\common\memcpy.c
		_memcpy        		CODE           	0FA6	0000	45

C:\Program Files (x86)\Microchip\xc8\v1.20\sources\common\memcpy.c estimated size: 45

C:\Program Files (x86)\Microchip\xc8\v1.20\sources\pic\aldiv.c
		___aldiv       		CODE           	03DA	0000	130

C:\Program Files (x86)\Microchip\xc8\v1.20\sources\pic\aldiv.c estimated size: 130

crc16.c
		_CRC16_Update  		CODE           	0DCD	0000	16
		_CRC16_Update4B		CODE           	064B	0000	67
		_CRC16_Generate		CODE           	0FD3	0000	45
		_CRC16_Init    		CODE           	0DC3	0000	10

crc16.c estimated size: 138

C:\Program Files (x86)\Microchip\xc8\v1.20\sources\common\memset.c
		_memset        		CODE           	0E4C	0000	29

C:\Program Files (x86)\Microchip\xc8\v1.20\sources\common\memset.c estimated size: 29

