Microchip MPLAB XC8 Compiler V1.12 ()

Linker command line:

--edf=/opt/microchip/xc8/v1.12/dat/en_msgs.txt -cs \
  -h+dist/default/production/temp_sensor.X.production.sym -z -Q16LF1783 \
  -ol.obj -Mdist/default/production/temp_sensor.X.production.map -E1 \
  -ver=XC8 -ACONST=00h-0FFhx16 -ACODE=00h-07FFhx2 -ASTRCODE=00h-0FFFh \
  -AENTRY=00h-0FFhx16 -ASTRING=00h-0FFhx16 -ACOMMON=070h-07Fh \
  -ABANK0=020h-06Fh -ABANK1=0A0h-0EFh -ABANK2=0120h-016Fh \
  -ABANK3=01A0h-01EFh -ABANK4=0220h-026Fh -ABANK5=02A0h-02EFh \
  -ABANK6=0320h-032Fh -ABIGRAM=02000h-021EFh \
  -ARAM=020h-06Fh,0A0h-0EFh,0120h-016Fh,01A0h-01EFh,0220h-026Fh,02A0h-02EFh,0320h-032Fh \
  -AABS1=020h-07Fh,0A0h-0EFh,0120h-016Fh,01A0h-01EFh,0220h-026Fh,02A0h-02EFh,0320h-032Fh \
  -ASFR0=00h-01Fh -ASFR1=080h-09Fh -ASFR2=0100h-011Fh -ASFR3=0180h-019Fh \
  -ASFR4=0200h-021Fh -ASFR5=0280h-029Fh -ASFR6=0300h-031Fh \
  -ASFR7=0380h-03EFh -ASFR8=0400h-046Fh -ASFR9=0480h-04EFh \
  -ASFR10=0500h-056Fh -ASFR11=0580h-05EFh -ASFR12=0600h-066Fh \
  -ASFR13=0680h-06EFh -ASFR14=0700h-076Fh -ASFR15=0780h-07EFh \
  -ASFR16=0800h-086Fh -ASFR17=0880h-08EFh -ASFR18=0900h-096Fh \
  -ASFR19=0980h-09EFh -ASFR20=0A00h-0A6Fh -ASFR21=0A80h-0AEFh \
  -ASFR22=0B00h-0B6Fh -ASFR23=0B80h-0BEFh -ASFR24=0C00h-0C6Fh \
  -ASFR25=0C80h-0CEFh -ASFR26=0D00h-0D6Fh -ASFR27=0D80h-0DEFh \
  -ASFR28=0E00h-0E6Fh -ASFR29=0E80h-0EEFh -ASFR30=0F00h-0F6Fh \
  -ASFR31=0F80h-0FEFh -preset_vec=00h,intentry=04h,init,end_init \
  -ppowerup=CODE -pfunctab=CODE -ACONFIG=08007h-08008h -pconfig=CONFIG \
  -DCONFIG=2 -AIDLOC=08000h-08003h -pidloc=IDLOC -DIDLOC=2 \
  -AEEDATA=00h-0FFh/0F000h -peeprom_data=EEDATA -DEEDATA=2 -DCODE=2 \
  -DSTRCODE=2 -DSTRING=2 -DCONST=2 -DENTRY=2 -k /tmp/cgt8IliLB.obj \
  dist/default/production/temp_sensor.X.production.obj 

Object code version is 3.10

Machine type is 16LF1783



                Name                               Link     Load   Length Selector   Space Scale
/tmp/cgt8IliLB.obj
                end_init                             16       16        2        8       0
                reset_vec                             0        0        2        0       0
                config                             8007     8007        2    1000E       0
dist/default/production/temp_sensor.X.production.obj
                functab                             100      100        5        2       0
                intentry                              4        4       12        8       0
                text1328                            4A9      4A9       98        2       0
                text1327                            658      658       6A        2       0
                text1326                             18       18       42        8       0
                text1325                            D28      D28       11     1A50       0
                text1324                            EB2      EB2       32     1D64       0
                text1323                            FC2      FC2       3E     1F84       0
                text1322                            6C2      6C2       65        2       0
                text1321                            76E      76E       44        2       0
                text1320                            D76      D76       19     1AEC       0
                text1319                            D4B      D4B       15     1A96       0
                text1318                            F85      F85       3D     1F0A       0
                text1317                            541      541       94        2       0
                text1316                            408      408       A1        2       0
                text1315                            DA8      DA8       1D     1B50       0
                text1314                            7F4      7F4        A        2       0
                text1313                            EE4      EE4       32     1DC8       0
                text1312                            D02      D02        3     1A04       0
                text1311                            D60      D60       16     1AC0       0
                text1310                            E2A      E2A       27     1C54       0
                text1309                            F16      F16       33     1E2C       0
                text1308                            2A7      2A7       B1        2       0
                text1307                            E51      E51       30     1CA2       0
                text1306                             5A       5A       41        8       0
                text1305                            D05      D05        3     1A0A       0
                text1304                            727      727       47        2       0
                text1303                            D1F      D1F        9     1A3E       0
                text1302                            5D5      5D5       83        2       0
                text1301                             DB       DB       23        8       0
                text1300                            7B2      7B2       42        2       0
                text1299                            D08      D08        3     1A10       0
                text1298                            358      358       B0        2       0
                text1297                            DC5      DC5       1D     1B8A       0
                text1296                            D8F      D8F       19     1B1E       0
                text1295                            E81      E81       31     1D02       0
                text1294                            DE2      DE2       22     1BC4       0
                text1293                            E04      E04       26     1C08       0
                text1292                            D39      D39       12     1A72       0
                maintext                            105      105      1A2        2       0
                cstackBANK0                          20       20       36       20       1
                cstackCOMMON                         70       70        C       70       1
                cstackBANK1                          CA       CA        C       A0       1
                inittext                            D0B      D0B        6     1A16       0
                clrtext                             D11      D11        6     1A22       0
                dataBANK3                           1A0      1A0       40      1A0       1
                bssBANK2                            120      120       3C      120       1
                dataBANK1                            D6       D6        8       A0       1
                bssBANK1                             A0       A0       2A       A0       1
                dataBANK0                            63       63        2       20       1
                bssBANK0                             56       56        D       20       1
                bssCOMMON                            7C       7C        1       70       1
                cinit                               F49      F49       3C     1E92       0
                idataBANK3                           9B       9B       40        8       0
                idataBANK1                          D17      D17        8     1A2E       0
                idataBANK0                          7FE      7FE        2        2       0

TOTAL           Name                               Link     Load   Length     Space
        CLASS   CONST          

        CLASS   CODE           
                end_init                             16       16        2         0
                functab                             100      100        5         0
                intentry                              4        4       12         0
                reset_vec                             0        0        2         0
                text1328                            4A9      4A9       98         0
                text1327                            658      658       6A         0
                text1326                             18       18       42         0
                text1325                            D28      D28       11         0
                text1324                            EB2      EB2       32         0
                text1323                            FC2      FC2       3E         0
                text1322                            6C2      6C2       65         0
                text1321                            76E      76E       44         0
                text1320                            D76      D76       19         0
                text1319                            D4B      D4B       15         0
                text1318                            F85      F85       3D         0
                text1317                            541      541       94         0
                text1316                            408      408       A1         0
                text1315                            DA8      DA8       1D         0
                text1314                            7F4      7F4        A         0
                text1313                            EE4      EE4       32         0
                text1312                            D02      D02        3         0
                text1311                            D60      D60       16         0
                text1310                            E2A      E2A       27         0
                text1309                            F16      F16       33         0
                text1308                            2A7      2A7       B1         0
                text1307                            E51      E51       30         0
                text1306                             5A       5A       41         0
                text1305                            D05      D05        3         0
                text1304                            727      727       47         0
                text1303                            D1F      D1F        9         0
                text1302                            5D5      5D5       83         0
                text1301                             DB       DB       23         0
                text1300                            7B2      7B2       42         0
                text1299                            D08      D08        3         0
                text1298                            358      358       B0         0
                text1297                            DC5      DC5       1D         0
                text1296                            D8F      D8F       19         0
                text1295                            E81      E81       31         0
                text1294                            DE2      DE2       22         0
                text1293                            E04      E04       26         0
                text1292                            D39      D39       12         0
                maintext                            105      105      1A2         0
                inittext                            D0B      D0B        6         0
                clrtext                             D11      D11        6         0
                cinit                               F49      F49       3C         0
                idataBANK3                           9B       9B       40         0
                idataBANK1                          D17      D17        8         0
                idataBANK0                          7FE      7FE        2         0

        CLASS   STRCODE        

        CLASS   ENTRY          

        CLASS   STRING         

        CLASS   COMMON         
                cstackCOMMON                         70       70        C         1
                bssCOMMON                            7C       7C        1         1

        CLASS   BANK0          
                cstackBANK0                          20       20       36         1
                dataBANK0                            63       63        2         1
                bssBANK0                             56       56        D         1

        CLASS   BANK1          
                cstackBANK1                          CA       CA        C         1
                dataBANK1                            D6       D6        8         1
                bssBANK1                             A0       A0       2A         1

        CLASS   BANK2          
                bssBANK2                            120      120       3C         1

        CLASS   BANK3          
                dataBANK3                           1A0      1A0       40         1

        CLASS   BANK4          

        CLASS   BANK5          

        CLASS   BANK6          

        CLASS   BIGRAM         

        CLASS   RAM            

        CLASS   ABS1           
                abs_s1                               7E       7E        2         1

        CLASS   SFR0           

        CLASS   SFR1           

        CLASS   SFR2           

        CLASS   SFR3           

        CLASS   SFR4           

        CLASS   SFR5           

        CLASS   SFR6           

        CLASS   SFR7           

        CLASS   SFR8           

        CLASS   SFR9           

        CLASS   SFR10          

        CLASS   SFR11          

        CLASS   SFR12          

        CLASS   SFR13          

        CLASS   SFR14          

        CLASS   SFR15          

        CLASS   SFR16          

        CLASS   SFR17          

        CLASS   SFR18          

        CLASS   SFR19          

        CLASS   SFR20          

        CLASS   SFR21          

        CLASS   SFR22          

        CLASS   SFR23          

        CLASS   SFR24          

        CLASS   SFR25          

        CLASS   SFR26          

        CLASS   SFR27          

        CLASS   SFR28          

        CLASS   SFR29          

        CLASS   SFR30          

        CLASS   SFR31          

        CLASS   CONFIG         
                config                             8007     8007        2         0

        CLASS   IDLOC          

        CLASS   EEDATA         

        CLASS   BANK31         

        CLASS   BANK30         

        CLASS   BANK29         

        CLASS   BANK28         

        CLASS   BANK27         

        CLASS   BANK26         

        CLASS   BANK25         

        CLASS   BANK24         

        CLASS   BANK23         

        CLASS   BANK22         

        CLASS   BANK21         

        CLASS   BANK20         

        CLASS   BANK19         

        CLASS   BANK18         

        CLASS   BANK17         

        CLASS   BANK16         

        CLASS   BANK15         

        CLASS   BANK14         

        CLASS   BANK13         

        CLASS   BANK12         

        CLASS   BANK11         

        CLASS   BANK10         

        CLASS   BANK9          

        CLASS   BANK8          

        CLASS   BANK7          



SEGMENTS        Name                           Load    Length   Top    Selector   Space  Class     Delta

                reset_vec                      000000  000002  000002         0       0  CODE        2
                intentry                       000004  0000FA  0000FE         8       0  CODE        2
                cstackBANK0                    000020  000045  000065        20       1  BANK0       1
                cstackCOMMON                   000070  00000D  00007D        70       1  COMMON      1
                bssBANK1                       0000A0  00003E  0000DE        A0       1  BANK1       1
                bssBANK2                       000120  00003C  00015C       120       1  BANK2       1
                dataBANK3                      0001A0  000040  0001E0       1A0       1  BANK3       1
                functab                        000100  000700  000800         2       0  CODE        2
                text1312                       000D02  000003  000D05      1A04       0  CODE        2
                text1305                       000D05  000003  000D08      1A0A       0  CODE        2
                text1299                       000D08  000003  000D0B      1A10       0  CODE        2
                inittext                       000D0B  000006  000D11      1A16       0  CODE        2
                clrtext                        000D11  000006  000D17      1A22       0  CODE        2
                idataBANK1                     000D17  000008  000D1F      1A2E       0  CODE        2
                text1303                       000D1F  000009  000D28      1A3E       0  CODE        2
                text1325                       000D28  000011  000D39      1A50       0  CODE        2
                text1292                       000D39  000012  000D4B      1A72       0  CODE        2
                text1319                       000D4B  000015  000D60      1A96       0  CODE        2
                text1311                       000D60  000016  000D76      1AC0       0  CODE        2
                text1320                       000D76  000019  000D8F      1AEC       0  CODE        2
                text1296                       000D8F  000019  000DA8      1B1E       0  CODE        2
                text1315                       000DA8  00001D  000DC5      1B50       0  CODE        2
                text1297                       000DC5  00001D  000DE2      1B8A       0  CODE        2
                text1294                       000DE2  000022  000E04      1BC4       0  CODE        2
                text1293                       000E04  000026  000E2A      1C08       0  CODE        2
                text1310                       000E2A  000027  000E51      1C54       0  CODE        2
                text1307                       000E51  000030  000E81      1CA2       0  CODE        2
                text1295                       000E81  000031  000EB2      1D02       0  CODE        2
                text1324                       000EB2  000032  000EE4      1D64       0  CODE        2
                text1313                       000EE4  000032  000F16      1DC8       0  CODE        2
                text1309                       000F16  000033  000F49      1E2C       0  CODE        2
                cinit                          000F49  00003C  000F85      1E92       0  CODE        2
                text1318                       000F85  00003D  000FC2      1F0A       0  CODE        2
                text1323                       000FC2  00003E  001000      1F84       0  CODE        2
                config                         008007  000002  008009     1000E       0  CONFIG      2


UNUSED ADDRESS RANGES

        Name                Unused          Largest block    Delta
        BANK0            00065-0006F               B           1
        BANK1            000DE-000EF              12           1
        BANK2            0015C-0016F              14           1
        BANK3            001E0-001EF              10           1
        BANK4            00220-0026F              50           1
        BANK5            002A0-002EF              50           1
        BANK6            00320-0032F              10           1
        BIGRAM           02000-021EF             1F0           1
        CODE             00002-00003               2           2
                         000FE-000FF               2
                         00800-00D01             502
        COMMON           0007D-0007D               1           1
        CONST            00002-00003               2           2
                         000FE-000FF               2
                         00800-00D01             100
        EEDATA           0F000-0F0FF             100           2
        ENTRY            00002-00003               2           2
                         000FE-000FF               2
                         00800-00D01             100
        IDLOC            08000-08003               4           2
        RAM              00065-0006F               B           1
                         000DE-000EF              12
                         0015C-0016F              14
                         001E0-001EF              10
                         00220-0026F              50
                         002A0-002EF              50
                         00320-0032F              10
        SFR0             00000-0001F              20           1
        SFR1             00080-0009F              20           1
        SFR10            00500-0056F              70           1
        SFR11            00580-005EF              70           1
        SFR12            00600-0066F              70           1
        SFR13            00680-006EF              70           1
        SFR14            00700-0076F              70           1
        SFR15            00780-007EF              70           1
        SFR16            00800-0086F              70           1
        SFR17            00880-008EF              70           1
        SFR18            00900-0096F              70           1
        SFR19            00980-009EF              70           1
        SFR2             00100-0011F              20           1
        SFR20            00A00-00A6F              70           1
        SFR21            00A80-00AEF              70           1
        SFR22            00B00-00B6F              70           1
        SFR23            00B80-00BEF              70           1
        SFR24            00C00-00C6F              70           1
        SFR25            00C80-00CEF              70           1
        SFR26            00D00-00D6F              70           1
        SFR27            00D80-00DEF              70           1
        SFR28            00E00-00E6F              70           1
        SFR29            00E80-00EEF              70           1
        SFR3             00180-0019F              20           1
        SFR30            00F00-00F6F              70           1
        SFR31            00F80-00FEF              70           1
        SFR4             00200-0021F              20           1
        SFR5             00280-0029F              20           1
        SFR6             00300-0031F              20           1
        SFR7             00380-003EF              70           1
        SFR8             00400-0046F              70           1
        SFR9             00480-004EF              70           1
        STRCODE          00002-00003               2           2
                         000FE-000FF               2
                         00800-00D01             502
        STRING           00002-00003               2           2
                         000FE-000FF               2
                         00800-00D01             100

                                  Symbol Table

?_ADC_Enable                           cstackCOMMON 00071
?_ADC_Read                             cstackBANK0  00023
?_ADC_ReadOne                          cstackCOMMON 0007A
?_CRC16_Generate                       cstackBANK0  00020
?_EEPROM_Read                          cstackCOMMON 00071
?_EEPROM_Write                         cstackCOMMON 00071
?_SendReport                           cstackBANK0  00046
?_Timer1_Init                          cstackCOMMON 00071
?_UART_Init                            cstackBANK0  00042
?_UART_Receive                         cstackCOMMON 00071
?_UART_ReceiveMsg                      cstackBANK0  0002C
?_UART_ReceiveMsgTmo                   cstackBANK0  00020
?_UART_TransmitMsg                     cstackCOMMON 00072
?_XBAPI_Command                        cstackBANK0  00037
?_XBAPI_HandleFrame                    cstackBANK0  00030
?_XBAPI_Transmit                       cstackBANK0  00037
?_XBee_Enable                          cstackBANK0  0004A
?___aldiv                              cstackBANK0  00033
?___awdiv                              cstackCOMMON 00071
?_checksum                             cstackCOMMON 00071
?_doChecksumVerify                     cstackCOMMON 00071
?_memcpy                               cstackCOMMON 00071
?_memset                               cstackCOMMON 00071
?_pulseLed                             cstackCOMMON 0007A
?_sleep                                cstackCOMMON 00071
?_swap_endian_32                       cstackCOMMON 00071
?_timer1_poll_delay                    cstackCOMMON 00076
ADC_Enable@port_pin                    cstackCOMMON 00073
ADC_Enable@select                      cstackCOMMON 00071
ADC_Read@channel                       cstackBANK0  00023
ADC_Read@i                             cstackBANK0  00031
ADC_Read@res                           cstackBANK0  00027
ADC_Read@sum                           cstackBANK0  0002F
ADC_ReadOne@channel                    cstackCOMMON 0007A
ADC_ReadOne@result                     cstackBANK0  00021
CRC16_Generate@i                       cstackBANK0  00023
CRC16_Generate@len                     cstackBANK0  00020
CRC16_Generate@msg                     cstackBANK0  00022
CRC16_Update4Bits@t                    cstackCOMMON 00078
CRC16_Update4Bits@val                  cstackCOMMON 00077
CRC16_Update@val                       cstackCOMMON 0007A
EEPROM_Read@address                    cstackCOMMON 00076
EEPROM_Read@data                       cstackCOMMON 00071
EEPROM_Read@i                          cstackCOMMON 00077
EEPROM_Read@length                     cstackCOMMON 00072
EEPROM_Write@address                   cstackCOMMON 00075
EEPROM_Write@data                      cstackCOMMON 00071
EEPROM_Write@i                         cstackCOMMON 00076
EEPROM_Write@length                    cstackCOMMON 00072
SendPacket@packet                      cstackBANK0  00045
SendReport@thermBeta                   cstackBANK0  0004A
SendReport@thermRes25C                 cstackBANK0  00048
SendReport@thermistorResistance        cstackBANK0  00046
SendReport@topResValue                 cstackBANK0  0004C
Timer1_Init@t1ckps                     cstackCOMMON 00073
Timer1_Init@tmr1cs                     cstackCOMMON 00071
UART_Init@baud                         cstackBANK0  00042
UART_Init@spbrg                        cstackBANK0  00048
UART_Receive@i                         cstackCOMMON 00077
UART_Receive@tmo                       cstackCOMMON 00071
UART_ReceiveMsg@end_char               cstackBANK0  0002E
UART_ReceiveMsg@len                    cstackBANK0  0002C
UART_ReceiveMsg@msg                    cstackBANK0  0002F
UART_ReceiveMsgTmo@end_char            cstackBANK0  00022
UART_ReceiveMsgTmo@i                   cstackBANK0  0002A
UART_ReceiveMsgTmo@len                 cstackBANK0  00020
UART_ReceiveMsgTmo@msg                 cstackBANK0  00029
UART_ReceiveMsgTmo@tmo                 cstackBANK0  00023
UART_Transmit@c                        cstackCOMMON 00071
UART_TransmitMsg@_msg                  cstackCOMMON 00076
UART_TransmitMsg@end_char              cstackCOMMON 00074
UART_TransmitMsg@i                     cstackCOMMON 00077
UART_TransmitMsg@len                   cstackCOMMON 00072
XBAPI_Command@atCmdLength              cstackBANK0  00045
XBAPI_Command@check                    cstackBANK0  00044
XBAPI_Command@command                  cstackBANK0  00037
XBAPI_Command@data                     cstackBANK0  00039
XBAPI_Command@data_valid               cstackBANK0  0003F
XBAPI_Command@id                       cstackBANK0  0003D
XBAPI_HandleFrame@expected             cstackBANK0  00030
XBAPI_HandleFrame@packet               cstackBANK0  00034
XBAPI_HandleFrame@received_length      cstackBANK0  00035
XBAPI_Transmit@address                 cstackBANK0  0003D
XBAPI_Transmit@data                    cstackBANK0  00037
XBAPI_Transmit@error                   cstackBANK0  00042
XBAPI_Transmit@frame_length            cstackBANK0  0003E
XBAPI_Transmit@id                      cstackBANK0  0003A
XBAPI_Transmit@length                  cstackBANK0  00038
_ADCON0bits                            (abs)        0009D
_ADCON1bits                            (abs)        0009E
_ADC_Enable                            text1300     007B2
_ADC_Read                              text1302     005D5
_ADC_ReadOne                           text1309     00F16
_ADRES                                 (abs)        0009B
_ANSELA                                (abs)        0018C
_ANSELB                                (abs)        0018D
_CRC16_Generate                        text1313     00EE4
_CRC16_High                            bssCOMMON    0007C
_CRC16_Init                            text1314     007F4
_CRC16_LookupHigh                      dataBANK3    001A0
_CRC16_LookupLow                       dataBANK3    001C0
_CRC16_Low                             bssBANK0     0005A
_CRC16_Reg                             bssBANK0     00056
_CRC16_Update                          text1325     00D28
_CRC16_Update4Bits                     text1326     00018
_EEADRL                                (abs)        00191
_EECON1bits                            (abs)        00195
_EECON2                                (abs)        00196
_EEDATL                                (abs)        00193
_EEPROM_Read                           text1293     00E04
_EEPROM_Write                          text1295     00E81
_PIR1bits                              (abs)        00011
_PIR2bits                              (abs)        00012
_PORTCbits                             (abs)        0000E
_RC1REG                                (abs)        00199
_RC1STAbits                            (abs)        0019D
_SPBRG                                 (abs)        0019B
_SendPacket                            text1315     00DA8
_SendReceiverBroadcastRequest          text1301     000DB
_SendReport                            text1304     00727
_T1CONbits                             (abs)        00018
_T1GCONbits                            (abs)        00019
_TMR1                                  (abs)        00016
_TRISA                                 (abs)        0008C
_TRISB                                 (abs)        0008D
_TRISC                                 (abs)        0008E
_TX1REG                                (abs)        0019A
_TX1STAbits                            (abs)        0019E
_TXSTAbits                             (abs)        0019E
_Timer1_Disable                        text1312     00D02
_Timer1_Init                           text1311     00D60
_UART_Init                             text1306     0005A
_UART_Init$1688                        cstackBANK0  00044
_UART_Receive                          text1322     006C2
_UART_ReceiveMsg                       text1320     00D76
_UART_ReceiveMsgTmo                    text1321     0076E
_UART_Transmit                         text1319     00D4B
_UART_TransmitMsg                      text1318     00F85
_WDTCONbits                            (abs)        00097
_XBAPI_Command                         text1298     00358
_XBAPI_HandleFrame                     text1317     00541
_XBAPI_Transmit                        text1316     00408
_XBAPI_Transmit$791                    cstackBANK0  00040
_XBee_Disable                          text1299     00D08
_XBee_Enable                           text1296     00D8F
_XBee_Sleep                            text1305     00D05
_XBee_Wake                             text1303     00D1F
__CFG_FOSC$HS                          (abs)        00000
__CFG_LVP$OFF                          (abs)        00000
__CFG_PLLEN$OFF                        (abs)        00000
__CFG_WDTE$SWDTEN                      (abs)        00000
__Habs1                                abs1         00000
__Hbank0                               bank0        00000
__Hbank1                               bank1        00000
__Hbank10                              bank10       00000
__Hbank11                              bank11       00000
__Hbank12                              bank12       00000
__Hbank13                              bank13       00000
__Hbank14                              bank14       00000
__Hbank15                              bank15       00000
__Hbank16                              bank16       00000
__Hbank17                              bank17       00000
__Hbank18                              bank18       00000
__Hbank19                              bank19       00000
__Hbank2                               bank2        00000
__Hbank20                              bank20       00000
__Hbank21                              bank21       00000
__Hbank22                              bank22       00000
__Hbank23                              bank23       00000
__Hbank24                              bank24       00000
__Hbank25                              bank25       00000
__Hbank26                              bank26       00000
__Hbank27                              bank27       00000
__Hbank28                              bank28       00000
__Hbank29                              bank29       00000
__Hbank3                               bank3        00000
__Hbank30                              bank30       00000
__Hbank31                              bank31       00000
__Hbank4                               bank4        00000
__Hbank5                               bank5        00000
__Hbank6                               bank6        00000
__Hbank7                               bank7        00000
__Hbank8                               bank8        00000
__Hbank9                               bank9        00000
__Hbigram                              bigram       00000
__HbssBANK0                            bssBANK0     00000
__HbssBANK1                            bssBANK1     00000
__HbssBANK2                            bssBANK2     00000
__HbssCOMMON                           bssCOMMON    00000
__Hcinit                               cinit        00000
__Hclrtext                             clrtext      00000
__Hcode                                code         00000
__Hcommon                              common       00000
__Hconfig                              config       08009
__HcstackBANK0                         cstackBANK0  00000
__HcstackBANK1                         cstackBANK1  00000
__HcstackCOMMON                        cstackCOMMON 00000
__HdataBANK0                           dataBANK0    00000
__HdataBANK1                           dataBANK1    00000
__HdataBANK3                           dataBANK3    00000
__Heeprom_data                         eeprom_data  00000
__Hend_init                            end_init     00018
__Hfunctab                             functab      00105
__HidataBANK0                          idataBANK0   00000
__HidataBANK1                          idataBANK1   00000
__HidataBANK3                          idataBANK3   00000
__Hidloc                               idloc        00000
__Hinit                                init         00016
__Hinittext                            inittext     00000
__Hintentry                            intentry     00016
__Hmaintext                            maintext     00000
__Hpowerup                             powerup      00000
__Hram                                 ram          00000
__Hreset_vec                           reset_vec    00002
__Hsfr0                                sfr0         00000
__Hsfr1                                sfr1         00000
__Hsfr10                               sfr10        00000
__Hsfr11                               sfr11        00000
__Hsfr12                               sfr12        00000
__Hsfr13                               sfr13        00000
__Hsfr14                               sfr14        00000
__Hsfr15                               sfr15        00000
__Hsfr16                               sfr16        00000
__Hsfr17                               sfr17        00000
__Hsfr18                               sfr18        00000
__Hsfr19                               sfr19        00000
__Hsfr2                                sfr2         00000
__Hsfr20                               sfr20        00000
__Hsfr21                               sfr21        00000
__Hsfr22                               sfr22        00000
__Hsfr23                               sfr23        00000
__Hsfr24                               sfr24        00000
__Hsfr25                               sfr25        00000
__Hsfr26                               sfr26        00000
__Hsfr27                               sfr27        00000
__Hsfr28                               sfr28        00000
__Hsfr29                               sfr29        00000
__Hsfr3                                sfr3         00000
__Hsfr30                               sfr30        00000
__Hsfr31                               sfr31        00000
__Hsfr4                                sfr4         00000
__Hsfr5                                sfr5         00000
__Hsfr6                                sfr6         00000
__Hsfr7                                sfr7         00000
__Hsfr8                                sfr8         00000
__Hsfr9                                sfr9         00000
__Hstrings                             strings      00000
__Htext                                text         00000
__Labs1                                abs1         00000
__Lbank0                               bank0        00000
__Lbank1                               bank1        00000
__Lbank10                              bank10       00000
__Lbank11                              bank11       00000
__Lbank12                              bank12       00000
__Lbank13                              bank13       00000
__Lbank14                              bank14       00000
__Lbank15                              bank15       00000
__Lbank16                              bank16       00000
__Lbank17                              bank17       00000
__Lbank18                              bank18       00000
__Lbank19                              bank19       00000
__Lbank2                               bank2        00000
__Lbank20                              bank20       00000
__Lbank21                              bank21       00000
__Lbank22                              bank22       00000
__Lbank23                              bank23       00000
__Lbank24                              bank24       00000
__Lbank25                              bank25       00000
__Lbank26                              bank26       00000
__Lbank27                              bank27       00000
__Lbank28                              bank28       00000
__Lbank29                              bank29       00000
__Lbank3                               bank3        00000
__Lbank30                              bank30       00000
__Lbank31                              bank31       00000
__Lbank4                               bank4        00000
__Lbank5                               bank5        00000
__Lbank6                               bank6        00000
__Lbank7                               bank7        00000
__Lbank8                               bank8        00000
__Lbank9                               bank9        00000
__Lbigram                              bigram       00000
__LbssBANK0                            bssBANK0     00000
__LbssBANK1                            bssBANK1     00000
__LbssBANK2                            bssBANK2     00000
__LbssCOMMON                           bssCOMMON    00000
__Lcinit                               cinit        00000
__Lclrtext                             clrtext      00000
__Lcode                                code         00000
__Lcommon                              common       00000
__Lconfig                              config       08007
__LcstackBANK0                         cstackBANK0  00000
__LcstackBANK1                         cstackBANK1  00000
__LcstackCOMMON                        cstackCOMMON 00000
__LdataBANK0                           dataBANK0    00000
__LdataBANK1                           dataBANK1    00000
__LdataBANK3                           dataBANK3    00000
__Leeprom_data                         eeprom_data  00000
__Lend_init                            end_init     00016
__Lfunctab                             functab      00100
__LidataBANK0                          idataBANK0   00000
__LidataBANK1                          idataBANK1   00000
__LidataBANK3                          idataBANK3   00000
__Lidloc                               idloc        00000
__Linit                                init         00016
__Linittext                            inittext     00000
__Lintentry                            intentry     00004
__Lmaintext                            maintext     00000
__Lpowerup                             powerup      00000
__Lram                                 ram          00000
__Lreset_vec                           reset_vec    00000
__Lsfr0                                sfr0         00000
__Lsfr1                                sfr1         00000
__Lsfr10                               sfr10        00000
__Lsfr11                               sfr11        00000
__Lsfr12                               sfr12        00000
__Lsfr13                               sfr13        00000
__Lsfr14                               sfr14        00000
__Lsfr15                               sfr15        00000
__Lsfr16                               sfr16        00000
__Lsfr17                               sfr17        00000
__Lsfr18                               sfr18        00000
__Lsfr19                               sfr19        00000
__Lsfr2                                sfr2         00000
__Lsfr20                               sfr20        00000
__Lsfr21                               sfr21        00000
__Lsfr22                               sfr22        00000
__Lsfr23                               sfr23        00000
__Lsfr24                               sfr24        00000
__Lsfr25                               sfr25        00000
__Lsfr26                               sfr26        00000
__Lsfr27                               sfr27        00000
__Lsfr28                               sfr28        00000
__Lsfr29                               sfr29        00000
__Lsfr3                                sfr3         00000
__Lsfr30                               sfr30        00000
__Lsfr31                               sfr31        00000
__Lsfr4                                sfr4         00000
__Lsfr5                                sfr5         00000
__Lsfr6                                sfr6         00000
__Lsfr7                                sfr7         00000
__Lsfr8                                sfr8         00000
__Lsfr9                                sfr9         00000
__Lstrings                             strings      00000
__Ltext                                text         00000
__S0                                   (abs)        08009
__S1                                   (abs)        001E0
__S2                                   (abs)        00000
___addr                                bssBANK0     0005B
___aldiv                               text1328     004A9
___aldiv@counter                       cstackBANK0  0003C
___aldiv@dividend                      cstackBANK0  00037
___aldiv@divisor                       cstackBANK0  00033
___aldiv@quotient                      cstackBANK0  0003E
___aldiv@sign                          cstackBANK0  0003D
___awdiv                               text1327     00658
___awdiv@counter                       cstackCOMMON 00076
___awdiv@dividend                      cstackCOMMON 00073
___awdiv@divisor                       cstackCOMMON 00071
___awdiv@quotient                      cstackCOMMON 00078
___awdiv@sign                          cstackCOMMON 00077
__end_of_ADC_Enable                    text1300     007F4
__end_of_ADC_Read                      text1302     00658
__end_of_ADC_ReadOne                   text1309     00F49
__end_of_CRC16_Generate                text1313     00F16
__end_of_CRC16_Init                    text1314     007FE
__end_of_CRC16_Update                  text1325     00D39
__end_of_CRC16_Update4Bits             text1326     0005A
__end_of_EEPROM_Read                   text1293     00E2A
__end_of_EEPROM_Write                  text1295     00EB2
__end_of_SendPacket                    text1315     00DC5
__end_of_SendReceiverBroadcastRequest  text1301     000FE
__end_of_SendReport                    text1304     0076E
__end_of_Timer1_Disable                text1312     00D05
__end_of_Timer1_Init                   text1311     00D76
__end_of_UART_Init                     text1306     0009B
__end_of_UART_Receive                  text1322     00727
__end_of_UART_ReceiveMsg               text1320     00D8F
__end_of_UART_ReceiveMsgTmo            text1321     007B2
__end_of_UART_Transmit                 text1319     00D60
__end_of_UART_TransmitMsg              text1318     00FC2
__end_of_XBAPI_Command                 text1298     00408
__end_of_XBAPI_HandleFrame             text1317     005D5
__end_of_XBAPI_Transmit                text1316     004A9
__end_of_XBee_Disable                  text1299     00D0B
__end_of_XBee_Enable                   text1296     00DA8
__end_of_XBee_Sleep                    text1305     00D08
__end_of_XBee_Wake                     text1303     00D28
__end_of___aldiv                       text1328     00541
__end_of___awdiv                       text1327     006C2
__end_of__fptable                      functab      00105
__end_of__initialization               cinit        00F82
__end_of_checksum                      text1323     01000
__end_of_doChecksumVerify              text1307     00E81
__end_of_isr                           intentry     00016
__end_of_main                          maintext     002A7
__end_of_memcpy                        text1324     00EE4
__end_of_memset                        text1294     00E04
__end_of_pulseLed                      text1292     00D4B
__end_of_sleep                         text1297     00DE2
__end_of_swap_endian_32                text1308     00358
__end_of_timer1_poll_delay             text1310     00E51
__fptable                              functab      00100
__initialization                       cinit        00F49
__pbssBANK0                            bssBANK0     00056
__pbssBANK1                            bssBANK1     000A0
__pbssBANK2                            bssBANK2     00120
__pbssCOMMON                           bssCOMMON    0007C
__pcstackBANK0                         cstackBANK0  00020
__pcstackBANK1                         cstackBANK1  000CA
__pcstackCOMMON                        cstackCOMMON 00070
__pdataBANK0                           dataBANK0    00063
__pdataBANK1                           dataBANK1    000D6
__pdataBANK3                           dataBANK3    001A0
__pfunctab                             functab      00100
__pidataBANK0                          idataBANK0   007FE
__pidataBANK1                          idataBANK1   00D17
__pidataBANK3                          idataBANK3   0009B
__pintentry                            intentry     00004
__pmaintext                            maintext     00105
__ptext1292                            text1292     00D39
__ptext1293                            text1293     00E04
__ptext1294                            text1294     00DE2
__ptext1295                            text1295     00E81
__ptext1296                            text1296     00D8F
__ptext1297                            text1297     00DC5
__ptext1298                            text1298     00358
__ptext1299                            text1299     00D08
__ptext1300                            text1300     007B2
__ptext1301                            text1301     000DB
__ptext1302                            text1302     005D5
__ptext1303                            text1303     00D1F
__ptext1304                            text1304     00727
__ptext1305                            text1305     00D05
__ptext1306                            text1306     0005A
__ptext1307                            text1307     00E51
__ptext1308                            text1308     002A7
__ptext1309                            text1309     00F16
__ptext1310                            text1310     00E2A
__ptext1311                            text1311     00D60
__ptext1312                            text1312     00D02
__ptext1313                            text1313     00EE4
__ptext1314                            text1314     007F4
__ptext1315                            text1315     00DA8
__ptext1316                            text1316     00408
__ptext1317                            text1317     00541
__ptext1318                            text1318     00F85
__ptext1319                            text1319     00D4B
__ptext1320                            text1320     00D76
__ptext1321                            text1321     0076E
__ptext1322                            text1322     006C2
__ptext1323                            text1323     00FC2
__ptext1324                            text1324     00EB2
__ptext1325                            text1325     00D28
__ptext1326                            text1326     00018
__ptext1327                            text1327     00658
__ptext1328                            text1328     004A9
__size_of_ADC_Enable                   (abs)        00000
__size_of_ADC_Read                     (abs)        00000
__size_of_ADC_ReadOne                  (abs)        00000
__size_of_CRC16_Generate               (abs)        00000
__size_of_CRC16_Init                   (abs)        00000
__size_of_CRC16_Update                 (abs)        00000
__size_of_CRC16_Update4Bits            (abs)        00000
__size_of_EEPROM_Read                  (abs)        00000
__size_of_EEPROM_Write                 (abs)        00000
__size_of_SendPacket                   (abs)        00000
__size_of_SendReceiverBroadcastRequest (abs)        00000
__size_of_SendReport                   (abs)        00000
__size_of_Timer1_Disable               (abs)        00000
__size_of_Timer1_Init                  (abs)        00000
__size_of_UART_Init                    (abs)        00000
__size_of_UART_Receive                 (abs)        00000
__size_of_UART_ReceiveMsg              (abs)        00000
__size_of_UART_ReceiveMsgTmo           (abs)        00000
__size_of_UART_Transmit                (abs)        00000
__size_of_UART_TransmitMsg             (abs)        00000
__size_of_XBAPI_Command                (abs)        00000
__size_of_XBAPI_HandleFrame            (abs)        00000
__size_of_XBAPI_Transmit               (abs)        00000
__size_of_XBee_Disable                 (abs)        00000
__size_of_XBee_Enable                  (abs)        00000
__size_of_XBee_Sleep                   (abs)        00000
__size_of_XBee_Wake                    (abs)        00000
__size_of___aldiv                      (abs)        00000
__size_of___awdiv                      (abs)        00000
__size_of__fptable                     (abs)        00000
__size_of_checksum                     (abs)        00000
__size_of_doChecksumVerify             (abs)        00000
__size_of_isr                          (abs)        00000
__size_of_main                         (abs)        00000
__size_of_memcpy                       (abs)        00000
__size_of_memset                       (abs)        00000
__size_of_pulseLed                     (abs)        00000
__size_of_sleep                        (abs)        00000
__size_of_swap_endian_32               (abs)        00000
__size_of_timer1_poll_delay            (abs)        00000
_apiFrame                              bssBANK2     00120
_calc_checksum                         bssBANK0     0005C
_calibrationData                       bssBANK1     000C4
_checksum                              text1323     00FC2
_checksum_debug                        bssBANK0     0005D
_cmd_itr                               bssBANK1     000A0
_dest_address                          dataBANK1    000D6
_doChecksumVerify                      text1307     00E51
_error                                 bssBANK0     00058
_frame_id_itr                          bssBANK0     0005E
_intervalData                          bssBANK0     0005F
_isr                                   intentry     00004
_main                                  maintext     00105
_main$1687                             cstackBANK1  000CE
_memcpy                                text1324     00EB2
_memset                                text1294     00DE2
_packet_buffer                         bssBANK1     000A4
_pulseLed                              text1292     00D39
_sleep                                 text1297     00DC5
_swap_endian_32                        text1308     002A7
_therm_debug                           bssBANK1     000A2
_timer1_poll_delay                     text1310     00E2A
_xbee_set_baud_rate                    dataBANK0    00063
btemp                                  (abs)        0007E
checksum@addr                          cstackCOMMON 00076
checksum@address                       cstackCOMMON 00077
checksum@checksum                      cstackCOMMON 00075
checksum@i                             cstackCOMMON 00078
checksum@length                        cstackCOMMON 00071
clear_ram                              clrtext      00D11
doChecksumVerify@address               cstackCOMMON 00077
doChecksumVerify@check                 cstackCOMMON 00076
doChecksumVerify@checksum              cstackCOMMON 00073
doChecksumVerify@i                     cstackCOMMON 00078
doChecksumVerify@length                cstackCOMMON 00071
end_of_initialization                  cinit        00F82
entry__ADC_Read                        functab      00103
fpbase                                 functab      00102
fptable                                functab      00100
fptotal                                (abs)        00001
init_ram                               inittext     00D0B
intlevel0                              functab      00100
intlevel1                              functab      00100
intlevel2                              functab      00100
intlevel3                              functab      00100
intlevel4                              functab      00100
intlevel5                              functab      00100
main@command_data                      cstackBANK1  000CA
main@thermistorResistance              cstackBANK1  000D2
memcpy@d                               cstackCOMMON 00078
memcpy@d1                              cstackCOMMON 00071
memcpy@n                               cstackCOMMON 00075
memcpy@s                               cstackCOMMON 0007A
memcpy@s1                              cstackCOMMON 00073
memset@c                               cstackCOMMON 00071
memset@n                               cstackCOMMON 00073
memset@p                               cstackCOMMON 00077
memset@p1                              cstackCOMMON 00076
pulseLed@ticks                         cstackCOMMON 0007A
reset_vec                              reset_vec    00000
sleep@i                                cstackCOMMON 00073
sleep@seconds                          cstackCOMMON 00071
start                                  init         00016
start_initialization                   cinit        00F49
swap_endian_32@n                       cstackCOMMON 00071
swap_endian_32@r                       cstackCOMMON 00075
timer1_poll_delay@division             cstackCOMMON 00078
timer1_poll_delay@ticks                cstackCOMMON 00076
wtemp0                                 (abs)        0007E


FUNCTION INFORMATION:

 *************** function _main *****************
 Defined at:
		line 61 in file "main.c"
 Parameters:    Size  Location     Type
  argc            2   46[BANK0 ] int 
  argv            2   48[BANK0 ] PTR PTR unsigned char 
 Auto vars:     Size  Location     Type
  thermistorRe    4    8[BANK1 ] long 
  command_data    4    0[BANK1 ] unsigned long 
 Return value:  Size  Location     Type
                  2   46[BANK0 ] int 
 Registers used:
		wreg, fsr0l, fsr0h, fsr1l, fsr1h, status,2, status,0, btemp+1, pclath, cstack
 Tracked objects:
		On entry : 
		On exit  : 
		Unchanged: 
 Data sizes:     COMMON   BANK0   BANK1   BANK2   BANK3   BANK4   BANK5   BANK6
      Params:         0       4       0       0       0       0       0       0
      Locals:         0       0      12       0       0       0       0       0
      Temps:          0       4       0       0       0       0       0       0
      Totals:         0       8      12       0       0       0       0       0
Total ram usage:       20 bytes
 Hardware stack levels required when called:    8
 This function calls:
		_pulseLed
		_timer1_poll_delay
		_EEPROM_Read
		_memset
		_EEPROM_Write
		_XBee_Enable
		_sleep
		_XBAPI_Command
		_XBee_Disable
		_ADC_Enable
		_CRC16_Init
		_SendReceiverBroadcastRequest
		_XBAPI_HandleFrame
		_ADC_Read
		___aldiv
		_XBee_Wake
		_SendReport
		_XBee_Sleep
 This function is called by:
		Startup code after reset
 This function uses a non-reentrant model


 *************** function _pulseLed *****************
 Defined at:
		line 30 in file "main.c"
 Parameters:    Size  Location     Type
  ticks           2   10[COMMON] int 
 Auto vars:     Size  Location     Type
		None
 Return value:  Size  Location     Type
		None               void
 Registers used:
		wreg, status,2, status,0, pclath, cstack
 Tracked objects:
		On entry : 
		On exit  : 
		Unchanged: 
 Data sizes:     COMMON   BANK0   BANK1   BANK2   BANK3   BANK4   BANK5   BANK6
      Params:         2       0       0       0       0       0       0       0
      Locals:         0       0       0       0       0       0       0       0
      Temps:          0       0       0       0       0       0       0       0
      Totals:         2       0       0       0       0       0       0       0
Total ram usage:        2 bytes
 Hardware stack levels used:    1
 Hardware stack levels required when called:    3
 This function calls:
		_timer1_poll_delay
 This function is called by:
		_main
 This function uses a non-reentrant model


 *************** function _EEPROM_Read *****************
 Defined at:
		line 6 in file "eeprom.c"
 Parameters:    Size  Location     Type
  address         1    wreg     unsigned char 
  data            1    1[COMMON] PTR unsigned char 
		 -> intervalData(4), calibrationData(6), 
  length          2    2[COMMON] int 
 Auto vars:     Size  Location     Type
  address         1    6[COMMON] unsigned char 
  i               1    7[COMMON] unsigned char 
 Return value:  Size  Location     Type
		None               void
 Registers used:
		wreg, fsr1l, fsr1h, status,2, status,0
 Tracked objects:
		On entry : 
		On exit  : 
		Unchanged: 
 Data sizes:     COMMON   BANK0   BANK1   BANK2   BANK3   BANK4   BANK5   BANK6
      Params:         3       0       0       0       0       0       0       0
      Locals:         2       0       0       0       0       0       0       0
      Temps:          2       0       0       0       0       0       0       0
      Totals:         7       0       0       0       0       0       0       0
Total ram usage:        7 bytes
 Hardware stack levels used:    1
 Hardware stack levels required when called:    1
 This function calls:
		Nothing
 This function is called by:
		_main
 This function uses a non-reentrant model


 *************** function _memset *****************
 Defined at:
		line 10 in file "/opt/microchip/xc8/v1.12/sources/memset.c"
 Parameters:    Size  Location     Type
  p1              1    wreg     PTR void 
		 -> calibrationData(6), 
  c               2    1[COMMON] int 
  n               2    3[COMMON] unsigned int 
 Auto vars:     Size  Location     Type
  p1              1    6[COMMON] PTR void 
		 -> calibrationData(6), 
  p               1    7[COMMON] PTR unsigned char 
		 -> calibrationData(6), 
 Return value:  Size  Location     Type
                  1    wreg      PTR void 
 Registers used:
		wreg, fsr1l, fsr1h, status,2, status,0
 Tracked objects:
		On entry : 
		On exit  : 
		Unchanged: 
 Data sizes:     COMMON   BANK0   BANK1   BANK2   BANK3   BANK4   BANK5   BANK6
      Params:         4       0       0       0       0       0       0       0
      Locals:         2       0       0       0       0       0       0       0
      Temps:          1       0       0       0       0       0       0       0
      Totals:         7       0       0       0       0       0       0       0
Total ram usage:        7 bytes
 Hardware stack levels used:    1
 Hardware stack levels required when called:    1
 This function calls:
		Nothing
 This function is called by:
		_main
 This function uses a non-reentrant model


 *************** function _EEPROM_Write *****************
 Defined at:
		line 18 in file "eeprom.c"
 Parameters:    Size  Location     Type
  address         1    wreg     unsigned char 
  data            1    1[COMMON] PTR unsigned char 
		 -> intervalData(4), calibrationData(6), 
  length          2    2[COMMON] int 
 Auto vars:     Size  Location     Type
  address         1    5[COMMON] unsigned char 
  i               1    6[COMMON] unsigned char 
 Return value:  Size  Location     Type
		None               void
 Registers used:
		wreg, fsr1l, fsr1h, status,2, status,0
 Tracked objects:
		On entry : 
		On exit  : 
		Unchanged: 
 Data sizes:     COMMON   BANK0   BANK1   BANK2   BANK3   BANK4   BANK5   BANK6
      Params:         3       0       0       0       0       0       0       0
      Locals:         2       0       0       0       0       0       0       0
      Temps:          1       0       0       0       0       0       0       0
      Totals:         6       0       0       0       0       0       0       0
Total ram usage:        6 bytes
 Hardware stack levels used:    1
 Hardware stack levels required when called:    1
 This function calls:
		Nothing
 This function is called by:
		_main
 This function uses a non-reentrant model


 *************** function _XBee_Enable *****************
 Defined at:
		line 18 in file "xbee.c"
 Parameters:    Size  Location     Type
  baud            2   42[BANK0 ] int 
 Auto vars:     Size  Location     Type
		None
 Return value:  Size  Location     Type
		None               void
 Registers used:
		wreg, status,2, status,0, pclath, cstack
 Tracked objects:
		On entry : 
		On exit  : 
		Unchanged: 
 Data sizes:     COMMON   BANK0   BANK1   BANK2   BANK3   BANK4   BANK5   BANK6
      Params:         0       2       0       0       0       0       0       0
      Locals:         0       0       0       0       0       0       0       0
      Temps:          0       0       0       0       0       0       0       0
      Totals:         0       2       0       0       0       0       0       0
Total ram usage:        2 bytes
 Hardware stack levels used:    1
 Hardware stack levels required when called:    3
 This function calls:
		_UART_Init
 This function is called by:
		_main
 This function uses a non-reentrant model


 *************** function _sleep *****************
 Defined at:
		line 38 in file "timer.c"
 Parameters:    Size  Location     Type
  seconds         2    1[COMMON] unsigned short 
 Auto vars:     Size  Location     Type
  i               2    3[COMMON] int 
 Return value:  Size  Location     Type
		None               void
 Registers used:
		wreg, status,2, status,0
 Tracked objects:
		On entry : 
		On exit  : 
		Unchanged: 
 Data sizes:     COMMON   BANK0   BANK1   BANK2   BANK3   BANK4   BANK5   BANK6
      Params:         2       0       0       0       0       0       0       0
      Locals:         2       0       0       0       0       0       0       0
      Temps:          0       0       0       0       0       0       0       0
      Totals:         4       0       0       0       0       0       0       0
Total ram usage:        4 bytes
 Hardware stack levels used:    1
 Hardware stack levels required when called:    1
 This function calls:
		Nothing
 This function is called by:
		_main
 This function uses a non-reentrant model


 *************** function _XBAPI_Command *****************
 Defined at:
		line 127 in file "xbee.c"
 Parameters:    Size  Location     Type
  command         2   23[BANK0 ] unsigned short 
  data            4   25[BANK0 ] unsigned long 
  id              2   29[BANK0 ] int 
  data_valid      2   31[BANK0 ] int 
 Auto vars:     Size  Location     Type
  atCmdLength     2   37[BANK0 ] int 
  check           1   36[BANK0 ] unsigned char 
 Return value:  Size  Location     Type
                  2   23[BANK0 ] int 
 Registers used:
		wreg, fsr0l, fsr0h, fsr1l, fsr1h, status,2, status,0, btemp+1, pclath, cstack
 Tracked objects:
		On entry : 
		On exit  : 
		Unchanged: 
 Data sizes:     COMMON   BANK0   BANK1   BANK2   BANK3   BANK4   BANK5   BANK6
      Params:         0      10       0       0       0       0       0       0
      Locals:         0       3       0       0       0       0       0       0
      Temps:          0       3       0       0       0       0       0       0
      Totals:         0      16       0       0       0       0       0       0
Total ram usage:       16 bytes
 Hardware stack levels used:    1
 Hardware stack levels required when called:    5
 This function calls:
		_swap_endian_32
		_checksum
		_doChecksumVerify
		_UART_TransmitMsg
		_XBAPI_HandleFrame
 This function is called by:
		_main
 This function uses a non-reentrant model


 *************** function _XBee_Disable *****************
 Defined at:
		line 38 in file "xbee.c"
 Parameters:    Size  Location     Type
		None
 Auto vars:     Size  Location     Type
		None
 Return value:  Size  Location     Type
		None               void
 Registers used:
		None
 Tracked objects:
		On entry : 
		On exit  : 
		Unchanged: 
 Data sizes:     COMMON   BANK0   BANK1   BANK2   BANK3   BANK4   BANK5   BANK6
      Params:         0       0       0       0       0       0       0       0
      Locals:         0       0       0       0       0       0       0       0
      Temps:          0       0       0       0       0       0       0       0
      Totals:         0       0       0       0       0       0       0       0
Total ram usage:        0 bytes
 Hardware stack levels used:    1
 Hardware stack levels required when called:    1
 This function calls:
		Nothing
 This function is called by:
		_main
 This function uses a non-reentrant model


 *************** function _ADC_Enable *****************
 Defined at:
		line 4 in file "adc.c"
 Parameters:    Size  Location     Type
  select          2    1[COMMON] int 
  port_pin        2    3[COMMON] int 
 Auto vars:     Size  Location     Type
		None
 Return value:  Size  Location     Type
		None               void
 Registers used:
		wreg, status,2, status,0
 Tracked objects:
		On entry : 
		On exit  : 
		Unchanged: 
 Data sizes:     COMMON   BANK0   BANK1   BANK2   BANK3   BANK4   BANK5   BANK6
      Params:         4       0       0       0       0       0       0       0
      Locals:         0       0       0       0       0       0       0       0
      Temps:          2       0       0       0       0       0       0       0
      Totals:         6       0       0       0       0       0       0       0
Total ram usage:        6 bytes
 Hardware stack levels used:    1
 Hardware stack levels required when called:    1
 This function calls:
		Nothing
 This function is called by:
		_main
 This function uses a non-reentrant model


 *************** function _SendReceiverBroadcastRequest *****************
 Defined at:
		line 24 in file "packets.c"
 Parameters:    Size  Location     Type
		None
 Auto vars:     Size  Location     Type
		None
 Return value:  Size  Location     Type
		None               void
 Registers used:
		wreg, fsr0l, fsr0h, fsr1l, fsr1h, status,2, status,0, btemp+1, pclath, cstack
 Tracked objects:
		On entry : 
		On exit  : 
		Unchanged: 
 Data sizes:     COMMON   BANK0   BANK1   BANK2   BANK3   BANK4   BANK5   BANK6
      Params:         0       0       0       0       0       0       0       0
      Locals:         0       0       0       0       0       0       0       0
      Temps:          0       1       0       0       0       0       0       0
      Totals:         0       1       0       0       0       0       0       0
Total ram usage:        1 bytes
 Hardware stack levels used:    1
 Hardware stack levels required when called:    7
 This function calls:
		_CRC16_Generate
		_SendPacket
 This function is called by:
		_main
 This function uses a non-reentrant model


 *************** function _ADC_Read *****************
 Defined at:
		line 37 in file "adc.c"
 Parameters:    Size  Location     Type
  channel         2    3[BANK0 ] int 
 Auto vars:     Size  Location     Type
  res             8    7[BANK0 ] int [4]
  i               2   17[BANK0 ] int 
  sum             2   15[BANK0 ] int 
 Return value:  Size  Location     Type
                  2    3[BANK0 ] unsigned int 
 Registers used:
		wreg, fsr1l, fsr1h, status,2, status,0, btemp+1, pclath, cstack
 Tracked objects:
		On entry : 
		On exit  : 
		Unchanged: 
 Data sizes:     COMMON   BANK0   BANK1   BANK2   BANK3   BANK4   BANK5   BANK6
      Params:         0       2       0       0       0       0       0       0
      Locals:         0      12       0       0       0       0       0       0
      Temps:          0       2       0       0       0       0       0       0
      Totals:         0      16       0       0       0       0       0       0
Total ram usage:       16 bytes
 Hardware stack levels used:    1
 Hardware stack levels required when called:    4
 This function calls:
		_ADC_ReadOne
		___awdiv
 This function is called by:
		_main
 This function uses a non-reentrant model


 *************** function _XBee_Wake *****************
 Defined at:
		line 32 in file "xbee.c"
 Parameters:    Size  Location     Type
		None
 Auto vars:     Size  Location     Type
		None
 Return value:  Size  Location     Type
		None               void
 Registers used:
		None
 Tracked objects:
		On entry : 
		On exit  : 
		Unchanged: 
 Data sizes:     COMMON   BANK0   BANK1   BANK2   BANK3   BANK4   BANK5   BANK6
      Params:         0       0       0       0       0       0       0       0
      Locals:         0       0       0       0       0       0       0       0
      Temps:          0       0       0       0       0       0       0       0
      Totals:         0       0       0       0       0       0       0       0
Total ram usage:        0 bytes
 Hardware stack levels used:    1
 Hardware stack levels required when called:    1
 This function calls:
		Nothing
 This function is called by:
		_main
 This function uses a non-reentrant model


 *************** function _SendReport *****************
 Defined at:
		line 10 in file "packets.c"
 Parameters:    Size  Location     Type
  thermistorRe    2   38[BANK0 ] int 
  thermRes25C     2   40[BANK0 ] int 
  thermBeta       2   42[BANK0 ] int 
  topResValue     2   44[BANK0 ] int 
 Auto vars:     Size  Location     Type
		None
 Return value:  Size  Location     Type
		None               void
 Registers used:
		wreg, fsr0l, fsr0h, fsr1l, fsr1h, status,2, status,0, btemp+1, pclath, cstack
 Tracked objects:
		On entry : 
		On exit  : 
		Unchanged: 
 Data sizes:     COMMON   BANK0   BANK1   BANK2   BANK3   BANK4   BANK5   BANK6
      Params:         0       8       0       0       0       0       0       0
      Locals:         0       0       0       0       0       0       0       0
      Temps:          0       0       0       0       0       0       0       0
      Totals:         0       8       0       0       0       0       0       0
Total ram usage:        8 bytes
 Hardware stack levels used:    1
 Hardware stack levels required when called:    7
 This function calls:
		_CRC16_Generate
		_SendPacket
 This function is called by:
		_main
 This function uses a non-reentrant model


 *************** function _XBee_Sleep *****************
 Defined at:
		line 28 in file "xbee.c"
 Parameters:    Size  Location     Type
		None
 Auto vars:     Size  Location     Type
		None
 Return value:  Size  Location     Type
		None               void
 Registers used:
		None
 Tracked objects:
		On entry : 
		On exit  : 
		Unchanged: 
 Data sizes:     COMMON   BANK0   BANK1   BANK2   BANK3   BANK4   BANK5   BANK6
      Params:         0       0       0       0       0       0       0       0
      Locals:         0       0       0       0       0       0       0       0
      Temps:          0       0       0       0       0       0       0       0
      Totals:         0       0       0       0       0       0       0       0
Total ram usage:        0 bytes
 Hardware stack levels used:    1
 Hardware stack levels required when called:    1
 This function calls:
		Nothing
 This function is called by:
		_main
 This function uses a non-reentrant model


 *************** function _UART_Init *****************
 Defined at:
		line 7 in file "uart.c"
 Parameters:    Size  Location     Type
  baud            2   34[BANK0 ] int 
 Auto vars:     Size  Location     Type
  spbrg           2   40[BANK0 ] int 
 Return value:  Size  Location     Type
		None               void
 Registers used:
		wreg, status,2, status,0, pclath, cstack
 Tracked objects:
		On entry : 
		On exit  : 
		Unchanged: 
 Data sizes:     COMMON   BANK0   BANK1   BANK2   BANK3   BANK4   BANK5   BANK6
      Params:         0       2       0       0       0       0       0       0
      Locals:         0       6       0       0       0       0       0       0
      Temps:          0       0       0       0       0       0       0       0
      Totals:         0       8       0       0       0       0       0       0
Total ram usage:        8 bytes
 Hardware stack levels used:    1
 Hardware stack levels required when called:    2
 This function calls:
		___aldiv
 This function is called by:
		_XBee_Enable
 This function uses a non-reentrant model


 *************** function _doChecksumVerify *****************
 Defined at:
		line 74 in file "xbee.c"
 Parameters:    Size  Location     Type
  address         1    wreg     PTR unsigned char 
		 -> apiFrame(60), 
  length          2    1[COMMON] int 
  checksum        1    3[COMMON] unsigned char 
 Auto vars:     Size  Location     Type
  address         1    7[COMMON] PTR unsigned char 
		 -> apiFrame(60), 
  i               2    8[COMMON] int 
  check           1    6[COMMON] unsigned char 
 Return value:  Size  Location     Type
                  1    wreg      unsigned char 
 Registers used:
		wreg, fsr1l, fsr1h, status,2, status,0
 Tracked objects:
		On entry : 
		On exit  : 
		Unchanged: 
 Data sizes:     COMMON   BANK0   BANK1   BANK2   BANK3   BANK4   BANK5   BANK6
      Params:         3       0       0       0       0       0       0       0
      Locals:         4       0       0       0       0       0       0       0
      Temps:          2       0       0       0       0       0       0       0
      Totals:         9       0       0       0       0       0       0       0
Total ram usage:        9 bytes
 Hardware stack levels used:    1
 Hardware stack levels required when called:    1
 This function calls:
		Nothing
 This function is called by:
		_XBAPI_Command
 This function uses a non-reentrant model


 *************** function _swap_endian_32 *****************
 Defined at:
		line 116 in file "xbee.c"
 Parameters:    Size  Location     Type
  n               4    1[COMMON] unsigned long 
 Auto vars:     Size  Location     Type
  r               4    5[COMMON] unsigned long 
 Return value:  Size  Location     Type
                  4    1[COMMON] unsigned long 
 Registers used:
		wreg, status,2, status,0
 Tracked objects:
		On entry : 
		On exit  : 
		Unchanged: 
 Data sizes:     COMMON   BANK0   BANK1   BANK2   BANK3   BANK4   BANK5   BANK6
      Params:         4       0       0       0       0       0       0       0
      Locals:         4       0       0       0       0       0       0       0
      Temps:          0       8       0       0       0       0       0       0
      Totals:         8       8       0       0       0       0       0       0
Total ram usage:       16 bytes
 Hardware stack levels used:    1
 Hardware stack levels required when called:    1
 This function calls:
		Nothing
 This function is called by:
		_XBAPI_Command
 This function uses a non-reentrant model


 *************** function _ADC_ReadOne *****************
 Defined at:
		line 21 in file "adc.c"
 Parameters:    Size  Location     Type
  channel         2   10[COMMON] int 
 Auto vars:     Size  Location     Type
  result          2    1[BANK0 ] unsigned short 
 Return value:  Size  Location     Type
                  2   10[COMMON] unsigned int 
 Registers used:
		wreg, status,2, status,0, pclath, cstack
 Tracked objects:
		On entry : 
		On exit  : 
		Unchanged: 
 Data sizes:     COMMON   BANK0   BANK1   BANK2   BANK3   BANK4   BANK5   BANK6
      Params:         2       0       0       0       0       0       0       0
      Locals:         0       2       0       0       0       0       0       0
      Temps:          0       1       0       0       0       0       0       0
      Totals:         2       3       0       0       0       0       0       0
Total ram usage:        5 bytes
 Hardware stack levels used:    1
 Hardware stack levels required when called:    3
 This function calls:
		_timer1_poll_delay
 This function is called by:
		_ADC_Read
 This function uses a non-reentrant model


 *************** function _timer1_poll_delay *****************
 Defined at:
		line 13 in file "timer.c"
 Parameters:    Size  Location     Type
  ticks           2    6[COMMON] unsigned short 
  division        2    8[COMMON] int 
 Auto vars:     Size  Location     Type
		None
 Return value:  Size  Location     Type
		None               void
 Registers used:
		wreg, status,2, status,0, pclath, cstack
 Tracked objects:
		On entry : 
		On exit  : 
		Unchanged: 
 Data sizes:     COMMON   BANK0   BANK1   BANK2   BANK3   BANK4   BANK5   BANK6
      Params:         4       0       0       0       0       0       0       0
      Locals:         0       0       0       0       0       0       0       0
      Temps:          0       0       0       0       0       0       0       0
      Totals:         4       0       0       0       0       0       0       0
Total ram usage:        4 bytes
 Hardware stack levels used:    1
 Hardware stack levels required when called:    2
 This function calls:
		_Timer1_Disable
		_Timer1_Init
 This function is called by:
		_pulseLed
		_main
		_ADC_ReadOne
		_timer1_poll_delay_ms
 This function uses a non-reentrant model


 *************** function _Timer1_Init *****************
 Defined at:
		line 5 in file "timer.c"
 Parameters:    Size  Location     Type
  tmr1cs          2    1[COMMON] int 
  t1ckps          2    3[COMMON] int 
 Auto vars:     Size  Location     Type
		None
 Return value:  Size  Location     Type
		None               void
 Registers used:
		wreg, status,2, status,0
 Tracked objects:
		On entry : 
		On exit  : 
		Unchanged: 
 Data sizes:     COMMON   BANK0   BANK1   BANK2   BANK3   BANK4   BANK5   BANK6
      Params:         4       0       0       0       0       0       0       0
      Locals:         0       0       0       0       0       0       0       0
      Temps:          1       0       0       0       0       0       0       0
      Totals:         5       0       0       0       0       0       0       0
Total ram usage:        5 bytes
 Hardware stack levels used:    1
 Hardware stack levels required when called:    1
 This function calls:
		Nothing
 This function is called by:
		_timer1_poll_delay
 This function uses a non-reentrant model


[...]
		 -> packet_buffer(32), 
  length          2   24[BANK0 ] int 
  id              2   26[BANK0 ] int 
 Auto vars:     Size  Location     Type
  address         1   29[BANK0 ] PTR struct __XBeeAddress
		 -> dest_address(8), 
  error           2   34[BANK0 ] int 
  frame_length    2   30[BANK0 ] int 
 Return value:  Size  Location     Type
		None               void
 Registers used:
		wreg, fsr0l, fsr0h, fsr1l, fsr1h, status,2, status,0, btemp+1, pclath, cstack
 Tracked objects:
		On entry : 
		On exit  : 
		Unchanged: 
 Data sizes:     COMMON   BANK0   BANK1   BANK2   BANK3   BANK4   BANK5   BANK6
      Params:         0       5       0       0       0       0       0       0
      Locals:         0       7       0       0       0       0       0       0
      Temps:          0       1       0       0       0       0       0       0
      Totals:         0      13       0       0       0       0       0       0
Total ram usage:       13 bytes
 Hardware stack levels used:    1
 Hardware stack levels required when called:    5
 This function calls:
		_memcpy
		_checksum
		_UART_TransmitMsg
		_XBAPI_HandleFrame
 This function is called by:
		_SendPacket
 This function uses a non-reentrant model


 *************** function _XBAPI_HandleFrame *****************
 Defined at:
		line 172 in file "xbee.c"
 Parameters:    Size  Location     Type
  expected        2   16[BANK0 ] int 
 Auto vars:     Size  Location     Type
  packet          1   20[BANK0 ] PTR struct .
		 -> apiFrame(60), 
  received_len    2   21[BANK0 ] unsigned short 
 Return value:  Size  Location     Type
                  2   16[BANK0 ] int 
 Registers used:
		wreg, fsr0l, fsr0h, fsr1l, fsr1h, status,2, status,0, btemp+1, pclath, cstack
 Tracked objects:
		On entry : 
		On exit  : 
		Unchanged: 
 Data sizes:     COMMON   BANK0   BANK1   BANK2   BANK3   BANK4   BANK5   BANK6
      Params:         0       2       0       0       0       0       0       0
      Locals:         0       3       0       0       0       0       0       0
      Temps:          0       2       0       0       0       0       0       0
      Totals:         0       7       0       0       0       0       0       0
Total ram usage:        7 bytes
 Hardware stack levels used:    1
 Hardware stack levels required when called:    4
 This function calls:
		_UART_ReceiveMsg
		_memcpy
 This function is called by:
		_main
		_XBAPI_Transmit
		_XBAPI_Command
 This function uses a non-reentrant model


 *************** function _UART_TransmitMsg *****************
 Defined at:
		line 31 in file "uart.c"
 Parameters:    Size  Location     Type
  _msg            1    wreg     PTR  unsigned char 
		 -> apiFrame(60), 
  len             2    2[COMMON] int 
  end_char        1    4[COMMON] const unsigned char 
 Auto vars:     Size  Location     Type
  _msg            1    6[COMMON] PTR  unsigned char 
		 -> apiFrame(60), 
  i               2    7[COMMON] int 
 Return value:  Size  Location     Type
		None               void
 Registers used:
		wreg, fsr1l, fsr1h, status,2, status,0, pclath, cstack
 Tracked objects:
		On entry : 
		On exit  : 
		Unchanged: 
 Data sizes:     COMMON   BANK0   BANK1   BANK2   BANK3   BANK4   BANK5   BANK6
      Params:         3       0       0       0       0       0       0       0
      Locals:         3       0       0       0       0       0       0       0
      Temps:          1       0       0       0       0       0       0       0
      Totals:         7       0       0       0       0       0       0       0
Total ram usage:        7 bytes
 Hardware stack levels used:    1
 Hardware stack levels required when called:    2
 This function calls:
		_UART_Transmit
 This function is called by:
		_XBAPI_Transmit
		_XBAPI_Command
		_XBee_Send
 This function uses a non-reentrant model


 *************** function _UART_Transmit *****************
 Defined at:
		line 17 in file "uart.c"
 Parameters:    Size  Location     Type
  c               1    wreg     volatile unsigned char 
 Auto vars:     Size  Location     Type
  c               1    1[COMMON] volatile unsigned char 
 Return value:  Size  Location     Type
		None               void
 Registers used:
		wreg
 Tracked objects:
		On entry : 
		On exit  : 
		Unchanged: 
 Data sizes:     COMMON   BANK0   BANK1   BANK2   BANK3   BANK4   BANK5   BANK6
      Params:         0       0       0       0       0       0       0       0
      Locals:         1       0       0       0       0       0       0       0
      Temps:          0       0       0       0       0       0       0       0
      Totals:         1       0       0       0       0       0       0       0
Total ram usage:        1 bytes
 Hardware stack levels used:    1
 Hardware stack levels required when called:    1
 This function calls:
		Nothing
 This function is called by:
		_UART_TransmitMsg
 This function uses a non-reentrant model


 *************** function _UART_ReceiveMsg *****************
 Defined at:
		line 63 in file "uart.c"
 Parameters:    Size  Location     Type
  msg             1    wreg     PTR unsigned char 
		 -> apiFrame(60), 
  len             2   12[BANK0 ] int 
  end_char        1   14[BANK0 ] const unsigned char 
 Auto vars:     Size  Location     Type
  msg             1   15[BANK0 ] PTR unsigned char 
		 -> apiFrame(60), 
 Return value:  Size  Location     Type
		None               void
 Registers used:
		wreg, fsr1l, fsr1h, status,2, status,0, btemp+1, pclath, cstack
 Tracked objects:
		On entry : 
		On exit  : 
		Unchanged: 
 Data sizes:     COMMON   BANK0   BANK1   BANK2   BANK3   BANK4   BANK5   BANK6
      Params:         0       3       0       0       0       0       0       0
      Locals:         0       1       0       0       0       0       0       0
      Temps:          1       0       0       0       0       0       0       0
      Totals:         1       4       0       0       0       0       0       0
Total ram usage:        5 bytes
 Hardware stack levels used:    1
 Hardware stack levels required when called:    3
 This function calls:
		_UART_ReceiveMsgTmo
 This function is called by:
		_XBAPI_HandleFrame
		_XBee_Recv
 This function uses a non-reentrant model


 *************** function _UART_ReceiveMsgTmo *****************
 Defined at:
		line 51 in file "uart.c"
 Parameters:    Size  Location     Type
  msg             1    wreg     PTR unsigned char 
		 -> apiFrame(60), 
  len             2    0[BANK0 ] int 
  end_char        1    2[BANK0 ] unsigned char 
  tmo             4    3[BANK0 ] long 
 Auto vars:     Size  Location     Type
  msg             1    9[BANK0 ] PTR unsigned char 
		 -> apiFrame(60), 
  i               2   10[BANK0 ] int 
 Return value:  Size  Location     Type
		None               void
 Registers used:
		wreg, fsr1l, fsr1h, status,2, status,0, btemp+1, pclath, cstack
 Tracked objects:
		On entry : 
		On exit  : 
		Unchanged: 
 Data sizes:     COMMON   BANK0   BANK1   BANK2   BANK3   BANK4   BANK5   BANK6
      Params:         0       7       0       0       0       0       0       0
      Locals:         0       3       0       0       0       0       0       0
      Temps:          0       2       0       0       0       0       0       0
      Totals:         0      12       0       0       0       0       0       0
Total ram usage:       12 bytes
 Hardware stack levels used:    1
 Hardware stack levels required when called:    2
 This function calls:
		_UART_Receive
 This function is called by:
		_UART_ReceiveMsg
 This function uses a non-reentrant model


 *************** function _UART_Receive *****************
 Defined at:
		line 45 in file "uart.c"
 Parameters:    Size  Location     Type
  tmo             4    1[COMMON] long 
 Auto vars:     Size  Location     Type
  i               4    7[COMMON] long 
 Return value:  Size  Location     Type
                  2    1[COMMON] short 
 Registers used:
		wreg, btemp+1
 Tracked objects:
		On entry : 
		On exit  : 
		Unchanged: 
 Data sizes:     COMMON   BANK0   BANK1   BANK2   BANK3   BANK4   BANK5   BANK6
      Params:         4       0       0       0       0       0       0       0
      Locals:         4       0       0       0       0       0       0       0
      Temps:          2       0       0       0       0       0       0       0
      Totals:        10       0       0       0       0       0       0       0
Total ram usage:       10 bytes
 Hardware stack levels used:    1
 Hardware stack levels required when called:    1
 This function calls:
		Nothing
 This function is called by:
		_UART_ReceiveMsgTmo
 This function uses a non-reentrant model


 *************** function _checksum *****************
 Defined at:
		line 59 in file "xbee.c"
 Parameters:    Size  Location     Type
  addr            1    wreg     PTR void 
		 -> apiFrame(60), 
  length          2    1[COMMON] int 
 Auto vars:     Size  Location     Type
  addr            1    6[COMMON] PTR void 
		 -> apiFrame(60), 
  i               2    8[COMMON] int 
  address         1    7[COMMON] PTR unsigned char 
		 -> apiFrame(60), 
  checksum        1    5[COMMON] unsigned char 
 Return value:  Size  Location     Type
                  1    wreg      unsigned char 
 Registers used:
		wreg, fsr1l, fsr1h, status,2, status,0
 Tracked objects:
		On entry : 
		On exit  : 
		Unchanged: 
 Data sizes:     COMMON   BANK0   BANK1   BANK2   BANK3   BANK4   BANK5   BANK6
      Params:         2       0       0       0       0       0       0       0
      Locals:         5       0       0       0       0       0       0       0
      Temps:          2       0       0       0       0       0       0       0
      Totals:         9       0       0       0       0       0       0       0
Total ram usage:        9 bytes
 Hardware stack levels used:    1
 Hardware stack levels required when called:    1
 This function calls:
		Nothing
 This function is called by:
		_XBAPI_Transmit
		_XBAPI_Command
 This function uses a non-reentrant model


 *************** function _memcpy *****************
 Defined at:
		line 13 in file "/opt/microchip/xc8/v1.12/sources/memcpy.c"
 Parameters:    Size  Location     Type
  d1              2    1[COMMON] PTR void 
		 -> dest_address(8), apiFrame(60), 
  s1              2    3[COMMON] PTR const void 
		 -> packet_buffer(32), dest_address(8), apiFrame(60), 
  n               2    5[COMMON] unsigned int 
 Auto vars:     Size  Location     Type
  s               2   10[COMMON] PTR const unsigned char 
		 -> packet_buffer(32), dest_address(8), apiFrame(60), 
  d               2    8[COMMON] PTR unsigned char 
		 -> dest_address(8), apiFrame(60), 
 Return value:  Size  Location     Type
                  2    wreg      PTR void 
 Registers used:
		wreg, fsr1l, fsr1h, status,2, status,0
 Tracked objects:
		On entry : 
		On exit  : 
		Unchanged: 
 Data sizes:     COMMON   BANK0   BANK1   BANK2   BANK3   BANK4   BANK5   BANK6
      Params:         6       0       0       0       0       0       0       0
      Locals:         4       0       0       0       0       0       0       0
      Temps:          1       0       0       0       0       0       0       0
      Totals:        11       0       0       0       0       0       0       0
Total ram usage:       11 bytes
 Hardware stack levels used:    1
 Hardware stack levels required when called:    1
 This function calls:
		Nothing
 This function is called by:
		_XBAPI_Transmit
		_XBAPI_HandleFrame
 This function uses a non-reentrant model


 *************** function _CRC16_Update *****************
 Defined at:
		line 61 in file "crc16.c"
 Parameters:    Size  Location     Type
  val             1    wreg     unsigned char 
 Auto vars:     Size  Location     Type
  val             1   10[COMMON] unsigned char 
 Return value:  Size  Location     Type
		None               void
 Registers used:
		wreg, fsr1l, fsr1h, status,2, status,0, btemp+1, pclath, cstack
 Tracked objects:
		On entry : 
		On exit  : 
		Unchanged: 
 Data sizes:     COMMON   BANK0   BANK1   BANK2   BANK3   BANK4   BANK5   BANK6
      Params:         0       0       0       0       0       0       0       0
      Locals:         1       0       0       0       0       0       0       0
      Temps:          1       0       0       0       0       0       0       0
      Totals:         2       0       0       0       0       0       0       0
Total ram usage:        2 bytes
 Hardware stack levels used:    1
 Hardware stack levels required when called:    2
 This function calls:
		_CRC16_Update4Bits
 This function is called by:
		_CRC16_Generate
 This function uses a non-reentrant model


 *************** function _CRC16_Update4Bits *****************
 Defined at:
		line 38 in file "crc16.c"
 Parameters:    Size  Location     Type
  val             1    wreg     unsigned char 
 Auto vars:     Size  Location     Type
  val             1    7[COMMON] unsigned char 
  t               1    8[COMMON] unsigned char 
 Return value:  Size  Location     Type
		None               void
 Registers used:
		wreg, fsr1l, fsr1h, status,2, status,0, btemp+1
 Tracked objects:
		On entry : 
		On exit  : 
		Unchanged: 
 Data sizes:     COMMON   BANK0   BANK1   BANK2   BANK3   BANK4   BANK5   BANK6
      Params:         0       0       0       0       0       0       0       0
      Locals:         2       0       0       0       0       0       0       0
      Temps:          6       0       0       0       0       0       0       0
      Totals:         8       0       0       0       0       0       0       0
Total ram usage:        8 bytes
 Hardware stack levels used:    1
 Hardware stack levels required when called:    1
 This function calls:
		Nothing
 This function is called by:
		_CRC16_Update
 This function uses a non-reentrant model


 *************** function ___awdiv *****************
 Defined at:
		line 5 in file "/opt/microchip/xc8/v1.12/sources/awdiv.c"
 Parameters:    Size  Location     Type
  divisor         2    1[COMMON] int 
  dividend        2    3[COMMON] int 
 Auto vars:     Size  Location     Type
  quotient        2    8[COMMON] int 
  sign            1    7[COMMON] unsigned char 
  counter         1    6[COMMON] unsigned char 
 Return value:  Size  Location     Type
                  2    1[COMMON] int 
 Registers used:
		wreg, status,2, status,0
 Tracked objects:
		On entry : 
		On exit  : 
		Unchanged: 
 Data sizes:     COMMON   BANK0   BANK1   BANK2   BANK3   BANK4   BANK5   BANK6
      Params:         4       0       0       0       0       0       0       0
      Locals:         4       0       0       0       0       0       0       0
      Temps:          1       0       0       0       0       0       0       0
      Totals:         9       0       0       0       0       0       0       0
Total ram usage:        9 bytes
 Hardware stack levels used:    1
 Hardware stack levels required when called:    1
 This function calls:
		Nothing
 This function is called by:
		_ADC_Read
 This function uses a non-reentrant model


 *************** function ___aldiv *****************
 Defined at:
		line 5 in file "/opt/microchip/xc8/v1.12/sources/aldiv.c"
 Parameters:    Size  Location     Type
  divisor         4   19[BANK0 ] long 
  dividend        4   23[BANK0 ] long 
 Auto vars:     Size  Location     Type
  quotient        4   30[BANK0 ] long 
  sign            1   29[BANK0 ] unsigned char 
  counter         1   28[BANK0 ] unsigned char 
 Return value:  Size  Location     Type
                  4   19[BANK0 ] long 
 Registers used:
		wreg, status,2, status,0
 Tracked objects:
		On entry : 
		On exit  : 
		Unchanged: 
 Data sizes:     COMMON   BANK0   BANK1   BANK2   BANK3   BANK4   BANK5   BANK6
      Params:         0       8       0       0       0       0       0       0
      Locals:         0       6       0       0       0       0       0       0
      Temps:          0       1       0       0       0       0       0       0
      Totals:         0      15       0       0       0       0       0       0
Total ram usage:       15 bytes
 Hardware stack levels used:    1
 Hardware stack levels required when called:    1
 This function calls:
		Nothing
 This function is called by:
		_main
		_UART_Init
		_GetOhms
 This function uses a non-reentrant model


 *************** function _isr *****************
 Defined at:
		line 36 in file "main.c"
 Parameters:    Size  Location     Type
		None
 Auto vars:     Size  Location     Type
		None
 Return value:  Size  Location     Type
		None               void
 Registers used:
		None
 Tracked objects:
		On entry : 
		On exit  : 
		Unchanged: 
 Data sizes:     COMMON   BANK0   BANK1   BANK2   BANK3   BANK4   BANK5   BANK6
      Params:         0       0       0       0       0       0       0       0
      Locals:         0       0       0       0       0       0       0       0
      Temps:          1       0       0       0       0       0       0       0
      Totals:         1       0       0       0       0       0       0       0
Total ram usage:        1 bytes
 Hardware stack levels used:    1
 This function calls:
		Nothing
 This function is called by:
		Interrupt level 1
 This function uses a non-reentrant model



MODULE INFORMATION

Module		Function		Class		Link	Load	Size
packets.c
		_SendReport    		CODE           	0727	0000	71
		_SendReceiverBr		CODE           	00DB	0000	35
		_SendPacket    		CODE           	0DA8	0000	29

packets.c estimated size: 135

uart.c
		_UART_Receive  		CODE           	06C2	0000	101
		_UART_Init     		CODE           	005A	0000	65
		_UART_ReceiveMs		CODE           	0D76	0000	25
		_UART_ReceiveMs		CODE           	076E	0000	68
		_UART_TransmitM		CODE           	0F85	0000	61
		_UART_Transmit 		CODE           	0D4B	0000	21

uart.c estimated size: 341

/opt/microchip/xc8/v1.12/sources/aldiv.c
		___aldiv       		CODE           	04A9	0000	152

/opt/microchip/xc8/v1.12/sources/aldiv.c estimated size: 152

/opt/microchip/xc8/v1.12/sources/memcpy.c
		_memcpy        		CODE           	0EB2	0000	50

/opt/microchip/xc8/v1.12/sources/memcpy.c estimated size: 50

timer.c
		_timer1_poll_de		CODE           	0E2A	0000	39
		_Timer1_Init   		CODE           	0D60	0000	22
		_Timer1_Disable		CODE           	0D02	0000	3
		_sleep         		CODE           	0DC5	0000	29

timer.c estimated size: 93

xbee.c
		_XBAPI_HandleFr		CODE           	0541	0000	148
		_XBee_Enable   		CODE           	0D8F	0000	25
		_XBAPI_Transmit		CODE           	0408	0000	161
		_XBee_Wake     		CODE           	0D1F	0000	9
		_XBee_Disable  		CODE           	0D08	0000	3
		_XBAPI_Command 		CODE           	0358	0000	176
		_swap_endian_32		CODE           	02A7	0000	177
		_doChecksumVeri		CODE           	0E51	0000	48
		_XBee_Sleep    		CODE           	0D05	0000	3
		_checksum      		CODE           	0FC2	0000	62

xbee.c estimated size: 812

adc.c
		_ADC_Enable    		CODE           	07B2	0000	66
		_ADC_Read      		CODE           	05D5	0000	131
		_ADC_ReadOne   		CODE           	0F16	0000	51

adc.c estimated size: 248

shared
		__initializatio		CODE           	0F49	0000	57
		__fptable      		CODE           	0100	0000	5

shared estimated size: 62

eeprom.c
		_EEPROM_Read   		CODE           	0E04	0000	38
		_EEPROM_Write  		CODE           	0E81	0000	49

eeprom.c estimated size: 87

/opt/microchip/xc8/v1.12/sources/memset.c
		_memset        		CODE           	0DE2	0000	34

/opt/microchip/xc8/v1.12/sources/memset.c estimated size: 34

main.c
		_main          		CODE           	0105	0000	418
		_pulseLed      		CODE           	0D39	0000	18
		_isr           		CODE           	0004	0000	18

main.c estimated size: 454

/opt/microchip/xc8/v1.12/sources/awdiv.c
		___awdiv       		CODE           	0658	0000	106

/opt/microchip/xc8/v1.12/sources/awdiv.c estimated size: 106

crc16.c
		_CRC16_Update  		CODE           	0D28	0000	17
		_CRC16_Update4B		CODE           	0018	0000	66
		_CRC16_Generate		CODE           	0EE4	0000	50
		_CRC16_Init    		CODE           	07F4	0000	10

crc16.c estimated size: 143

